	.text
	.syntax unified
	.eabi_attribute	67, "2.09"	@ Tag_conformance
	.cpu	cortex-m23
	.eabi_attribute	6, 16	@ Tag_CPU_arch
	.eabi_attribute	7, 77	@ Tag_CPU_arch_profile
	.eabi_attribute	8, 0	@ Tag_ARM_ISA_use
	.eabi_attribute	9, 3	@ Tag_THUMB_ISA_use
	.eabi_attribute	34, 0	@ Tag_CPU_unaligned_access
	.eabi_attribute	17, 1	@ Tag_ABI_PCS_GOT_use
	.eabi_attribute	20, 2	@ Tag_ABI_FP_denormal
	.eabi_attribute	21, 0	@ Tag_ABI_FP_exceptions
	.eabi_attribute	23, 1	@ Tag_ABI_FP_number_model
	.eabi_attribute	24, 1	@ Tag_ABI_align_needed
	.eabi_attribute	25, 1	@ Tag_ABI_align_preserved
	.eabi_attribute	38, 1	@ Tag_ABI_FP_16bit_format
	.eabi_attribute	18, 2	@ Tag_ABI_PCS_wchar_t
	.eabi_attribute	26, 1	@ Tag_ABI_enum_size
	.eabi_attribute	14, 0	@ Tag_ABI_PCS_R9_use
	.file	"gd32e23x_misc.c"
	.file	1 "C:\\Users\\13728\\Desktop\\general igniter\\Project" "../CMSIS/Include\\gd32e23x.h"
	.file	2 "D:\\ProgramFile\\Keil5\\ARM\\ARMCLANG\\Bin\\..\\include" "stdint.h"
	.file	3 "D:/ProgramFile\\Keil5\\ARM\\CMSIS\\5.7.0\\CMSIS\\Core\\Include" "core_cm23.h"
	.section	.text.nvic_irq_enable,"ax",%progbits
	.hidden	nvic_irq_enable         @ -- Begin function nvic_irq_enable
	.globl	nvic_irq_enable
	.p2align	2
	.type	nvic_irq_enable,%function
	.code	16                      @ @nvic_irq_enable
	.thumb_func
nvic_irq_enable:
.Lfunc_begin0:
	.file	4 "C:\\Users\\13728\\Desktop\\general igniter\\Project" "../Basic/Source/gd32e23x_misc.c"
	.loc	4 48 0                  @ ../Basic/Source/gd32e23x_misc.c:48:0
	.fnstart
	.cfi_sections .debug_frame
	.cfi_startproc
@ %bb.0:
	@DEBUG_VALUE: nvic_irq_enable:nvic_irq <- $r0
	@DEBUG_VALUE: nvic_irq_enable:nvic_irq <- $r0
	@DEBUG_VALUE: nvic_irq_enable:nvic_irq_priority <- $r1
	@DEBUG_VALUE: nvic_irq_enable:nvic_irq_priority <- $r1
	@DEBUG_VALUE: __NVIC_SetPriority:priority <- $r1
	@DEBUG_VALUE: __NVIC_SetPriority:IRQn <- $r0
	.save	{r4, r5, r6, lr}
	push	{r4, r5, r6, lr}
	.cfi_def_cfa_offset 16
	.cfi_offset lr, -4
	.cfi_offset r6, -8
	.cfi_offset r5, -12
	.cfi_offset r4, -16
	sxtb	r0, r0
.Ltmp0:
	.loc	3 1723 7 prologue_end   @ D:/ProgramFile\Keil5\ARM\CMSIS\5.7.0\CMSIS\Core\Include\core_cm23.h:1723:7
	cmp	r0, #0
	bmi	.LBB0_2
.Ltmp1:
@ %bb.1:
	@DEBUG_VALUE: __NVIC_SetPriority:priority <- $r1
	@DEBUG_VALUE: nvic_irq_enable:nvic_irq_priority <- $r1
	.loc	3 0 7 is_stmt 0         @ D:/ProgramFile\Keil5\ARM\CMSIS\5.7.0\CMSIS\Core\Include\core_cm23.h:0:7
	movs	r3, #3
.Ltmp2:
	.loc	3 1725 55 is_stmt 1     @ D:/ProgramFile\Keil5\ARM\CMSIS\5.7.0\CMSIS\Core\Include\core_cm23.h:1725:55
	mov	r2, r0
	bics	r2, r3
	ldr	r3, __arm_cp.0_1
	.loc	3 1725 45 is_stmt 0     @ D:/ProgramFile\Keil5\ARM\CMSIS\5.7.0\CMSIS\Core\Include\core_cm23.h:1725:45
	ldr	r4, [r2, r3]
	.loc	3 1725 85               @ D:/ProgramFile\Keil5\ARM\CMSIS\5.7.0\CMSIS\Core\Include\core_cm23.h:1725:85
	lsls	r5, r0, #30
	lsrs	r5, r5, #27
	movs	r6, #255
	.loc	3 1725 82               @ D:/ProgramFile\Keil5\ARM\CMSIS\5.7.0\CMSIS\Core\Include\core_cm23.h:1725:82
	lsls	r6, r5
	.loc	3 1725 71               @ D:/ProgramFile\Keil5\ARM\CMSIS\5.7.0\CMSIS\Core\Include\core_cm23.h:1725:71
	bics	r4, r6
	.loc	3 1726 20 is_stmt 1     @ D:/ProgramFile\Keil5\ARM\CMSIS\5.7.0\CMSIS\Core\Include\core_cm23.h:1726:20
	lsls	r1, r1, #6
.Ltmp3:
	.loc	3 1726 48 is_stmt 0     @ D:/ProgramFile\Keil5\ARM\CMSIS\5.7.0\CMSIS\Core\Include\core_cm23.h:1726:48
	uxtb	r1, r1
	.loc	3 1726 68               @ D:/ProgramFile\Keil5\ARM\CMSIS\5.7.0\CMSIS\Core\Include\core_cm23.h:1726:68
	lsls	r1, r5
	.loc	3 1725 104 is_stmt 1    @ D:/ProgramFile\Keil5\ARM\CMSIS\5.7.0\CMSIS\Core\Include\core_cm23.h:1725:104
	orrs	r1, r4
	.loc	3 1725 31 is_stmt 0     @ D:/ProgramFile\Keil5\ARM\CMSIS\5.7.0\CMSIS\Core\Include\core_cm23.h:1725:31
	str	r1, [r2, r3]
	movs	r1, #31
.Ltmp4:
	.loc	3 1529 81 is_stmt 1     @ D:/ProgramFile\Keil5\ARM\CMSIS\5.7.0\CMSIS\Core\Include\core_cm23.h:1529:81
	ands	r1, r0
	movs	r2, #1
	.loc	3 1529 60 is_stmt 0     @ D:/ProgramFile\Keil5\ARM\CMSIS\5.7.0\CMSIS\Core\Include\core_cm23.h:1529:60
	lsls	r2, r1
	.loc	3 1528 5 is_stmt 1      @ D:/ProgramFile\Keil5\ARM\CMSIS\5.7.0\CMSIS\Core\Include\core_cm23.h:1528:5
	@APP
	@NO_APP
	.loc	3 1529 34               @ D:/ProgramFile\Keil5\ARM\CMSIS\5.7.0\CMSIS\Core\Include\core_cm23.h:1529:34
	lsrs	r0, r0, #5
	lsls	r0, r0, #2
	ldr	r1, __arm_cp.0_2
	.loc	3 1529 43 is_stmt 0     @ D:/ProgramFile\Keil5\ARM\CMSIS\5.7.0\CMSIS\Core\Include\core_cm23.h:1529:43
	str	r2, [r0, r1]
	.loc	3 1530 5 is_stmt 1      @ D:/ProgramFile\Keil5\ARM\CMSIS\5.7.0\CMSIS\Core\Include\core_cm23.h:1530:5
	@APP
	@NO_APP
.Ltmp5:
	@DEBUG_VALUE: __NVIC_EnableIRQ:IRQn <- undef
	.loc	4 52 1                  @ ../Basic/Source/gd32e23x_misc.c:52:1
	pop	{r4, r5, r6, pc}
.Ltmp6:
.LBB0_2:
	@DEBUG_VALUE: __NVIC_SetPriority:priority <- $r1
	@DEBUG_VALUE: nvic_irq_enable:nvic_irq_priority <- $r1
	.loc	3 1730 85               @ D:/ProgramFile\Keil5\ARM\CMSIS\5.7.0\CMSIS\Core\Include\core_cm23.h:1730:85
	lsls	r2, r0, #30
	lsrs	r2, r2, #27
	movs	r4, #255
	.loc	3 1730 82 is_stmt 0     @ D:/ProgramFile\Keil5\ARM\CMSIS\5.7.0\CMSIS\Core\Include\core_cm23.h:1730:82
	lsls	r4, r2
	movs	r3, #15
	.loc	3 1730 55               @ D:/ProgramFile\Keil5\ARM\CMSIS\5.7.0\CMSIS\Core\Include\core_cm23.h:1730:55
	ands	r3, r0
	subs	r3, #8
	movs	r0, #3
	bics	r3, r0
	ldr	r0, __arm_cp.0_0
	.loc	3 1730 45               @ D:/ProgramFile\Keil5\ARM\CMSIS\5.7.0\CMSIS\Core\Include\core_cm23.h:1730:45
	ldr	r5, [r3, r0]
	.loc	3 1730 71               @ D:/ProgramFile\Keil5\ARM\CMSIS\5.7.0\CMSIS\Core\Include\core_cm23.h:1730:71
	bics	r5, r4
	.loc	3 1731 20 is_stmt 1     @ D:/ProgramFile\Keil5\ARM\CMSIS\5.7.0\CMSIS\Core\Include\core_cm23.h:1731:20
	lsls	r1, r1, #6
.Ltmp7:
	.loc	3 1731 48 is_stmt 0     @ D:/ProgramFile\Keil5\ARM\CMSIS\5.7.0\CMSIS\Core\Include\core_cm23.h:1731:48
	uxtb	r1, r1
	.loc	3 1731 68               @ D:/ProgramFile\Keil5\ARM\CMSIS\5.7.0\CMSIS\Core\Include\core_cm23.h:1731:68
	lsls	r1, r2
	.loc	3 1730 104 is_stmt 1    @ D:/ProgramFile\Keil5\ARM\CMSIS\5.7.0\CMSIS\Core\Include\core_cm23.h:1730:104
	orrs	r1, r5
	.loc	3 1730 31 is_stmt 0     @ D:/ProgramFile\Keil5\ARM\CMSIS\5.7.0\CMSIS\Core\Include\core_cm23.h:1730:31
	str	r1, [r3, r0]
.Ltmp8:
	@DEBUG_VALUE: __NVIC_EnableIRQ:IRQn <- undef
	.loc	4 52 1 is_stmt 1        @ ../Basic/Source/gd32e23x_misc.c:52:1
	pop	{r4, r5, r6, pc}
.Ltmp9:
	.p2align	2
@ %bb.3:
	.loc	4 0 1 is_stmt 0         @ ../Basic/Source/gd32e23x_misc.c:0:1
__arm_cp.0_0:
	.long	3758157084              @ 0xe000ed1c
.Lcpi_end0:
	.size	__arm_cp.0_0, .Lcpi_end0-__arm_cp.0_0
__arm_cp.0_1:
	.long	3758154752              @ 0xe000e400
.Lcpi_end1:
	.size	__arm_cp.0_1, .Lcpi_end1-__arm_cp.0_1
__arm_cp.0_2:
	.long	3758153984              @ 0xe000e100
.Lcpi_end2:
	.size	__arm_cp.0_2, .Lcpi_end2-__arm_cp.0_2
.Lfunc_end0:
	.size	nvic_irq_enable, .Lfunc_end0-nvic_irq_enable
	.cfi_endproc
	.cantunwind
	.fnend
                                        @ -- End function
	.section	.text.nvic_irq_disable,"ax",%progbits
	.hidden	nvic_irq_disable        @ -- Begin function nvic_irq_disable
	.globl	nvic_irq_disable
	.p2align	2
	.type	nvic_irq_disable,%function
	.code	16                      @ @nvic_irq_disable
	.thumb_func
nvic_irq_disable:
.Lfunc_begin1:
	.loc	4 61 0 is_stmt 1        @ ../Basic/Source/gd32e23x_misc.c:61:0
	.fnstart
	.cfi_startproc
@ %bb.0:
	@DEBUG_VALUE: nvic_irq_disable:nvic_irq <- $r0
	@DEBUG_VALUE: nvic_irq_disable:nvic_irq <- $r0
	@DEBUG_VALUE: __NVIC_DisableIRQ:IRQn <- $r0
	@DEBUG_VALUE: __NVIC_DisableIRQ:IRQn <- $r0
	sxtb	r0, r0
.Ltmp10:
	.loc	3 1564 7 prologue_end   @ D:/ProgramFile\Keil5\ARM\CMSIS\5.7.0\CMSIS\Core\Include\core_cm23.h:1564:7
	cmp	r0, #0
	bmi	.LBB1_2
@ %bb.1:
	.loc	3 0 7 is_stmt 0         @ D:/ProgramFile\Keil5\ARM\CMSIS\5.7.0\CMSIS\Core\Include\core_cm23.h:0:7
	movs	r1, #31
.Ltmp11:
	.loc	3 1566 81 is_stmt 1     @ D:/ProgramFile\Keil5\ARM\CMSIS\5.7.0\CMSIS\Core\Include\core_cm23.h:1566:81
	ands	r1, r0
	movs	r2, #1
	.loc	3 1566 60 is_stmt 0     @ D:/ProgramFile\Keil5\ARM\CMSIS\5.7.0\CMSIS\Core\Include\core_cm23.h:1566:60
	lsls	r2, r1
	.loc	3 1566 34               @ D:/ProgramFile\Keil5\ARM\CMSIS\5.7.0\CMSIS\Core\Include\core_cm23.h:1566:34
	lsrs	r0, r0, #5
	lsls	r0, r0, #2
	ldr	r1, __arm_cp.1_0
	.loc	3 1566 43               @ D:/ProgramFile\Keil5\ARM\CMSIS\5.7.0\CMSIS\Core\Include\core_cm23.h:1566:43
	str	r2, [r0, r1]
	.loc	3 1567 5 is_stmt 1      @ D:/ProgramFile\Keil5\ARM\CMSIS\5.7.0\CMSIS\Core\Include\core_cm23.h:1567:5
	dsb	sy
	.loc	3 1568 5                @ D:/ProgramFile\Keil5\ARM\CMSIS\5.7.0\CMSIS\Core\Include\core_cm23.h:1568:5
	isb	sy
.Ltmp12:
.LBB1_2:
	.loc	4 64 1                  @ ../Basic/Source/gd32e23x_misc.c:64:1
	bx	lr
.Ltmp13:
	.p2align	2
@ %bb.3:
	.loc	4 0 1 is_stmt 0         @ ../Basic/Source/gd32e23x_misc.c:0:1
__arm_cp.1_0:
	.long	3758154112              @ 0xe000e180
.Lcpi_end3:
	.size	__arm_cp.1_0, .Lcpi_end3-__arm_cp.1_0
.Lfunc_end1:
	.size	nvic_irq_disable, .Lfunc_end1-nvic_irq_disable
	.cfi_endproc
	.cantunwind
	.fnend
                                        @ -- End function
	.section	.text.nvic_system_reset,"ax",%progbits
	.hidden	nvic_system_reset       @ -- Begin function nvic_system_reset
	.globl	nvic_system_reset
	.p2align	1
	.type	nvic_system_reset,%function
	.code	16                      @ @nvic_system_reset
	.thumb_func
nvic_system_reset:
.Lfunc_begin2:
	.loc	4 74 0 is_stmt 1        @ ../Basic/Source/gd32e23x_misc.c:74:0
	.fnstart
	.cfi_startproc
@ %bb.0:
	.loc	4 75 5 prologue_end     @ ../Basic/Source/gd32e23x_misc.c:75:5
	bl	__NVIC_SystemReset
.Ltmp14:
.Lfunc_end2:
	.size	nvic_system_reset, .Lfunc_end2-nvic_system_reset
	.cfi_endproc
	.cantunwind
	.fnend
                                        @ -- End function
	.section	.text.__NVIC_SystemReset,"ax",%progbits
	.p2align	2               @ -- Begin function __NVIC_SystemReset
	.type	__NVIC_SystemReset,%function
	.code	16                      @ @__NVIC_SystemReset
	.thumb_func
__NVIC_SystemReset:
.Lfunc_begin3:
	.loc	3 1857 0                @ D:/ProgramFile\Keil5\ARM\CMSIS\5.7.0\CMSIS\Core\Include\core_cm23.h:1857:0
	.fnstart
	.cfi_startproc
@ %bb.0:
	.loc	3 1858 3 prologue_end   @ D:/ProgramFile\Keil5\ARM\CMSIS\5.7.0\CMSIS\Core\Include\core_cm23.h:1858:3
	dsb	sy
	ldr	r0, __arm_cp.3_0
	ldr	r1, __arm_cp.3_1
	.loc	3 1860 15               @ D:/ProgramFile\Keil5\ARM\CMSIS\5.7.0\CMSIS\Core\Include\core_cm23.h:1860:15
	str	r1, [r0]
	.loc	3 1862 3                @ D:/ProgramFile\Keil5\ARM\CMSIS\5.7.0\CMSIS\Core\Include\core_cm23.h:1862:3
	dsb	sy
.LBB3_1:                                @ =>This Inner Loop Header: Depth=1
.Ltmp15:
	.loc	3 1866 5                @ D:/ProgramFile\Keil5\ARM\CMSIS\5.7.0\CMSIS\Core\Include\core_cm23.h:1866:5
	nop
.Ltmp16:
	.loc	3 1864 3                @ D:/ProgramFile\Keil5\ARM\CMSIS\5.7.0\CMSIS\Core\Include\core_cm23.h:1864:3
	b	.LBB3_1
.Ltmp17:
	.p2align	2
@ %bb.2:
	.loc	3 0 3 is_stmt 0         @ D:/ProgramFile\Keil5\ARM\CMSIS\5.7.0\CMSIS\Core\Include\core_cm23.h:0:3
__arm_cp.3_0:
	.long	3758157068              @ 0xe000ed0c
.Lcpi_end4:
	.size	__arm_cp.3_0, .Lcpi_end4-__arm_cp.3_0
__arm_cp.3_1:
	.long	100270084               @ 0x5fa0004
.Lcpi_end5:
	.size	__arm_cp.3_1, .Lcpi_end5-__arm_cp.3_1
.Lfunc_end3:
	.size	__NVIC_SystemReset, .Lfunc_end3-__NVIC_SystemReset
	.cfi_endproc
	.cantunwind
	.fnend
                                        @ -- End function
	.section	.text.nvic_vector_table_set,"ax",%progbits
	.hidden	nvic_vector_table_set   @ -- Begin function nvic_vector_table_set
	.globl	nvic_vector_table_set
	.p2align	2
	.type	nvic_vector_table_set,%function
	.code	16                      @ @nvic_vector_table_set
	.thumb_func
nvic_vector_table_set:
.Lfunc_begin4:
	.loc	4 88 0 is_stmt 1        @ ../Basic/Source/gd32e23x_misc.c:88:0
	.fnstart
	.cfi_startproc
@ %bb.0:
	@DEBUG_VALUE: nvic_vector_table_set:nvic_vict_tab <- $r0
	@DEBUG_VALUE: nvic_vector_table_set:nvic_vict_tab <- $r0
	@DEBUG_VALUE: nvic_vector_table_set:offset <- $r1
	@DEBUG_VALUE: nvic_vector_table_set:offset <- $r1
	ldr	r2, __arm_cp.4_0
.Ltmp18:
	.loc	4 89 41 prologue_end    @ ../Basic/Source/gd32e23x_misc.c:89:41
	ands	r2, r1
	.loc	4 89 31 is_stmt 0       @ ../Basic/Source/gd32e23x_misc.c:89:31
	orrs	r2, r0
	ldr	r0, __arm_cp.4_1
.Ltmp19:
	.loc	4 89 15                 @ ../Basic/Source/gd32e23x_misc.c:89:15
	str	r2, [r0]
	.loc	4 90 1 is_stmt 1        @ ../Basic/Source/gd32e23x_misc.c:90:1
	bx	lr
.Ltmp20:
	.p2align	2
@ %bb.1:
	.loc	4 0 1 is_stmt 0         @ ../Basic/Source/gd32e23x_misc.c:0:1
__arm_cp.4_0:
	.long	536870784               @ 0x1fffff80
.Lcpi_end6:
	.size	__arm_cp.4_0, .Lcpi_end6-__arm_cp.4_0
__arm_cp.4_1:
	.long	3758157064              @ 0xe000ed08
.Lcpi_end7:
	.size	__arm_cp.4_1, .Lcpi_end7-__arm_cp.4_1
.Lfunc_end4:
	.size	nvic_vector_table_set, .Lfunc_end4-nvic_vector_table_set
	.cfi_endproc
	.cantunwind
	.fnend
                                        @ -- End function
	.section	.text.system_lowpower_set,"ax",%progbits
	.hidden	system_lowpower_set     @ -- Begin function system_lowpower_set
	.globl	system_lowpower_set
	.p2align	2
	.type	system_lowpower_set,%function
	.code	16                      @ @system_lowpower_set
	.thumb_func
system_lowpower_set:
.Lfunc_begin5:
	.loc	4 104 0 is_stmt 1       @ ../Basic/Source/gd32e23x_misc.c:104:0
	.fnstart
	.cfi_startproc
@ %bb.0:
	@DEBUG_VALUE: system_lowpower_set:lowpower_mode <- $r0
	@DEBUG_VALUE: system_lowpower_set:lowpower_mode <- $r0
	ldr	r1, __arm_cp.5_0
.Ltmp21:
	.loc	4 105 14 prologue_end   @ ../Basic/Source/gd32e23x_misc.c:105:14
	ldr	r2, [r1]
	orrs	r2, r0
	str	r2, [r1]
	.loc	4 106 1                 @ ../Basic/Source/gd32e23x_misc.c:106:1
	bx	lr
.Ltmp22:
	.p2align	2
@ %bb.1:
	.loc	4 0 1 is_stmt 0         @ ../Basic/Source/gd32e23x_misc.c:0:1
__arm_cp.5_0:
	.long	3758157072              @ 0xe000ed10
.Lcpi_end8:
	.size	__arm_cp.5_0, .Lcpi_end8-__arm_cp.5_0
.Lfunc_end5:
	.size	system_lowpower_set, .Lfunc_end5-system_lowpower_set
	.cfi_endproc
	.cantunwind
	.fnend
                                        @ -- End function
	.section	.text.system_lowpower_reset,"ax",%progbits
	.hidden	system_lowpower_reset   @ -- Begin function system_lowpower_reset
	.globl	system_lowpower_reset
	.p2align	2
	.type	system_lowpower_reset,%function
	.code	16                      @ @system_lowpower_reset
	.thumb_func
system_lowpower_reset:
.Lfunc_begin6:
	.loc	4 120 0 is_stmt 1       @ ../Basic/Source/gd32e23x_misc.c:120:0
	.fnstart
	.cfi_startproc
@ %bb.0:
	@DEBUG_VALUE: system_lowpower_reset:lowpower_mode <- $r0
	@DEBUG_VALUE: system_lowpower_reset:lowpower_mode <- $r0
	ldr	r1, __arm_cp.6_0
.Ltmp23:
	.loc	4 121 14 prologue_end   @ ../Basic/Source/gd32e23x_misc.c:121:14
	ldr	r2, [r1]
	bics	r2, r0
	str	r2, [r1]
	.loc	4 122 1                 @ ../Basic/Source/gd32e23x_misc.c:122:1
	bx	lr
.Ltmp24:
	.p2align	2
@ %bb.1:
	.loc	4 0 1 is_stmt 0         @ ../Basic/Source/gd32e23x_misc.c:0:1
__arm_cp.6_0:
	.long	3758157072              @ 0xe000ed10
.Lcpi_end9:
	.size	__arm_cp.6_0, .Lcpi_end9-__arm_cp.6_0
.Lfunc_end6:
	.size	system_lowpower_reset, .Lfunc_end6-system_lowpower_reset
	.cfi_endproc
	.cantunwind
	.fnend
                                        @ -- End function
	.section	.text.systick_clksource_set,"ax",%progbits
	.hidden	systick_clksource_set   @ -- Begin function systick_clksource_set
	.globl	systick_clksource_set
	.p2align	2
	.type	systick_clksource_set,%function
	.code	16                      @ @systick_clksource_set
	.thumb_func
systick_clksource_set:
.Lfunc_begin7:
	.loc	4 134 0 is_stmt 1       @ ../Basic/Source/gd32e23x_misc.c:134:0
	.fnstart
	.cfi_startproc
@ %bb.0:
	@DEBUG_VALUE: systick_clksource_set:systick_clksource <- $r0
	@DEBUG_VALUE: systick_clksource_set:systick_clksource <- $r0
	ldr	r1, __arm_cp.7_0
.Ltmp25:
	.loc	4 0 0 prologue_end      @ ../Basic/Source/gd32e23x_misc.c:0:0
	ldr	r2, [r1]
	movs	r3, #4
.Ltmp26:
	.loc	4 135 8                 @ ../Basic/Source/gd32e23x_misc.c:135:8
	cmp	r0, #4
	beq	.LBB7_2
.Ltmp27:
@ %bb.1:
	@DEBUG_VALUE: systick_clksource_set:systick_clksource <- $r0
	.loc	4 0 8 is_stmt 0         @ ../Basic/Source/gd32e23x_misc.c:0:8
	bics	r2, r3
	b	.LBB7_3
.Ltmp28:
.LBB7_2:
	@DEBUG_VALUE: systick_clksource_set:systick_clksource <- $r0
	orrs	r2, r3
.Ltmp29:
.LBB7_3:
	@DEBUG_VALUE: systick_clksource_set:systick_clksource <- $r0
	str	r2, [r1]
.Ltmp30:
	.loc	4 142 1 is_stmt 1       @ ../Basic/Source/gd32e23x_misc.c:142:1
	bx	lr
.Ltmp31:
	.p2align	2
@ %bb.4:
	.loc	4 0 1 is_stmt 0         @ ../Basic/Source/gd32e23x_misc.c:0:1
__arm_cp.7_0:
	.long	3758153744              @ 0xe000e010
.Lcpi_end10:
	.size	__arm_cp.7_0, .Lcpi_end10-__arm_cp.7_0
.Lfunc_end7:
	.size	systick_clksource_set, .Lfunc_end7-systick_clksource_set
	.cfi_endproc
	.cantunwind
	.fnend
                                        @ -- End function
	.section	.debug_str,"MS",%progbits,1
.Linfo_string0:
	.asciz	"Component: ARM Compiler 6.14 Tool: armclang [5db06c00]" @ string offset=0
.Linfo_string1:
	.asciz	"../Basic/Source\\gd32e23x_misc.c" @ string offset=55
.Linfo_string2:
	.asciz	"C:\\Users\\13728\\Desktop\\general igniter\\Project" @ string offset=87
.Linfo_string3:
	.asciz	"signed char"           @ string offset=134
.Linfo_string4:
	.asciz	"NonMaskableInt_IRQn"   @ string offset=146
.Linfo_string5:
	.asciz	"HardFault_IRQn"        @ string offset=166
.Linfo_string6:
	.asciz	"SVCall_IRQn"           @ string offset=181
.Linfo_string7:
	.asciz	"PendSV_IRQn"           @ string offset=193
.Linfo_string8:
	.asciz	"SysTick_IRQn"          @ string offset=205
.Linfo_string9:
	.asciz	"WWDGT_IRQn"            @ string offset=218
.Linfo_string10:
	.asciz	"LVD_IRQn"              @ string offset=229
.Linfo_string11:
	.asciz	"RTC_IRQn"              @ string offset=238
.Linfo_string12:
	.asciz	"FMC_IRQn"              @ string offset=247
.Linfo_string13:
	.asciz	"RCU_IRQn"              @ string offset=256
.Linfo_string14:
	.asciz	"EXTI0_1_IRQn"          @ string offset=265
.Linfo_string15:
	.asciz	"EXTI2_3_IRQn"          @ string offset=278
.Linfo_string16:
	.asciz	"EXTI4_15_IRQn"         @ string offset=291
.Linfo_string17:
	.asciz	"DMA_Channel0_IRQn"     @ string offset=305
.Linfo_string18:
	.asciz	"DMA_Channel1_2_IRQn"   @ string offset=323
.Linfo_string19:
	.asciz	"DMA_Channel3_4_IRQn"   @ string offset=343
.Linfo_string20:
	.asciz	"ADC_CMP_IRQn"          @ string offset=363
.Linfo_string21:
	.asciz	"TIMER0_BRK_UP_TRG_COM_IRQn" @ string offset=376
.Linfo_string22:
	.asciz	"TIMER0_Channel_IRQn"   @ string offset=403
.Linfo_string23:
	.asciz	"TIMER2_IRQn"           @ string offset=423
.Linfo_string24:
	.asciz	"TIMER5_IRQn"           @ string offset=435
.Linfo_string25:
	.asciz	"TIMER13_IRQn"          @ string offset=447
.Linfo_string26:
	.asciz	"TIMER14_IRQn"          @ string offset=460
.Linfo_string27:
	.asciz	"TIMER15_IRQn"          @ string offset=473
.Linfo_string28:
	.asciz	"TIMER16_IRQn"          @ string offset=486
.Linfo_string29:
	.asciz	"I2C0_EV_IRQn"          @ string offset=499
.Linfo_string30:
	.asciz	"I2C1_EV_IRQn"          @ string offset=512
.Linfo_string31:
	.asciz	"SPI0_IRQn"             @ string offset=525
.Linfo_string32:
	.asciz	"SPI1_IRQn"             @ string offset=535
.Linfo_string33:
	.asciz	"USART0_IRQn"           @ string offset=545
.Linfo_string34:
	.asciz	"USART1_IRQn"           @ string offset=557
.Linfo_string35:
	.asciz	"I2C0_ER_IRQn"          @ string offset=569
.Linfo_string36:
	.asciz	"I2C1_ER_IRQn"          @ string offset=582
.Linfo_string37:
	.asciz	"IRQn"                  @ string offset=595
.Linfo_string38:
	.asciz	"IRQn_Type"             @ string offset=600
.Linfo_string39:
	.asciz	"unsigned int"          @ string offset=610
.Linfo_string40:
	.asciz	"uint32_t"              @ string offset=623
.Linfo_string41:
	.asciz	"CPUID"                 @ string offset=632
.Linfo_string42:
	.asciz	"ICSR"                  @ string offset=638
.Linfo_string43:
	.asciz	"VTOR"                  @ string offset=643
.Linfo_string44:
	.asciz	"AIRCR"                 @ string offset=648
.Linfo_string45:
	.asciz	"SCR"                   @ string offset=654
.Linfo_string46:
	.asciz	"CCR"                   @ string offset=658
.Linfo_string47:
	.asciz	"RESERVED1"             @ string offset=662
.Linfo_string48:
	.asciz	"SHPR"                  @ string offset=672
.Linfo_string49:
	.asciz	"__ARRAY_SIZE_TYPE__"   @ string offset=677
.Linfo_string50:
	.asciz	"SHCSR"                 @ string offset=697
.Linfo_string51:
	.asciz	"SCB_Type"              @ string offset=703
.Linfo_string52:
	.asciz	"CTRL"                  @ string offset=712
.Linfo_string53:
	.asciz	"LOAD"                  @ string offset=717
.Linfo_string54:
	.asciz	"VAL"                   @ string offset=722
.Linfo_string55:
	.asciz	"CALIB"                 @ string offset=726
.Linfo_string56:
	.asciz	"SysTick_Type"          @ string offset=732
.Linfo_string57:
	.asciz	"int"                   @ string offset=745
.Linfo_string58:
	.asciz	"int32_t"               @ string offset=749
.Linfo_string59:
	.asciz	"ISER"                  @ string offset=757
.Linfo_string60:
	.asciz	"RESERVED0"             @ string offset=762
.Linfo_string61:
	.asciz	"ICER"                  @ string offset=772
.Linfo_string62:
	.asciz	"RSERVED1"              @ string offset=777
.Linfo_string63:
	.asciz	"ISPR"                  @ string offset=786
.Linfo_string64:
	.asciz	"RESERVED2"             @ string offset=791
.Linfo_string65:
	.asciz	"ICPR"                  @ string offset=801
.Linfo_string66:
	.asciz	"RESERVED3"             @ string offset=806
.Linfo_string67:
	.asciz	"IABR"                  @ string offset=816
.Linfo_string68:
	.asciz	"RESERVED4"             @ string offset=821
.Linfo_string69:
	.asciz	"ITNS"                  @ string offset=831
.Linfo_string70:
	.asciz	"RESERVED5"             @ string offset=836
.Linfo_string71:
	.asciz	"IPR"                   @ string offset=846
.Linfo_string72:
	.asciz	"NVIC_Type"             @ string offset=850
.Linfo_string73:
	.asciz	"__NVIC_SetPriority"    @ string offset=860
.Linfo_string74:
	.asciz	"priority"              @ string offset=879
.Linfo_string75:
	.asciz	"__NVIC_EnableIRQ"      @ string offset=888
.Linfo_string76:
	.asciz	"__NVIC_DisableIRQ"     @ string offset=905
.Linfo_string77:
	.asciz	"nvic_irq_enable"       @ string offset=923
.Linfo_string78:
	.asciz	"nvic_irq_disable"      @ string offset=939
.Linfo_string79:
	.asciz	"nvic_system_reset"     @ string offset=956
.Linfo_string80:
	.asciz	"__NVIC_SystemReset"    @ string offset=974
.Linfo_string81:
	.asciz	"nvic_vector_table_set" @ string offset=993
.Linfo_string82:
	.asciz	"system_lowpower_set"   @ string offset=1015
.Linfo_string83:
	.asciz	"system_lowpower_reset" @ string offset=1035
.Linfo_string84:
	.asciz	"systick_clksource_set" @ string offset=1057
.Linfo_string85:
	.asciz	"nvic_irq"              @ string offset=1079
.Linfo_string86:
	.asciz	"unsigned char"         @ string offset=1088
.Linfo_string87:
	.asciz	"uint8_t"               @ string offset=1102
.Linfo_string88:
	.asciz	"nvic_irq_priority"     @ string offset=1110
.Linfo_string89:
	.asciz	"nvic_vict_tab"         @ string offset=1128
.Linfo_string90:
	.asciz	"offset"                @ string offset=1142
.Linfo_string91:
	.asciz	"lowpower_mode"         @ string offset=1149
.Linfo_string92:
	.asciz	"systick_clksource"     @ string offset=1163
	.section	.debug_loc,"",%progbits
.Ldebug_loc0:
	.long	-1
	.long	.Lfunc_begin0           @   base address
	.long	.Lfunc_begin0-.Lfunc_begin0
	.long	.Ltmp0-.Lfunc_begin0
	.short	1                       @ Loc expr size
	.byte	80                      @ DW_OP_reg0
	.long	0
	.long	0
.Ldebug_loc1:
	.long	-1
	.long	.Lfunc_begin0           @   base address
	.long	.Lfunc_begin0-.Lfunc_begin0
	.long	.Ltmp3-.Lfunc_begin0
	.short	1                       @ Loc expr size
	.byte	81                      @ DW_OP_reg1
	.long	.Ltmp6-.Lfunc_begin0
	.long	.Ltmp7-.Lfunc_begin0
	.short	1                       @ Loc expr size
	.byte	81                      @ DW_OP_reg1
	.long	0
	.long	0
.Ldebug_loc2:
	.long	-1
	.long	.Lfunc_begin0           @   base address
	.long	.Lfunc_begin0-.Lfunc_begin0
	.long	.Ltmp3-.Lfunc_begin0
	.short	1                       @ Loc expr size
	.byte	81                      @ DW_OP_reg1
	.long	.Ltmp6-.Lfunc_begin0
	.long	.Ltmp7-.Lfunc_begin0
	.short	1                       @ Loc expr size
	.byte	81                      @ DW_OP_reg1
	.long	0
	.long	0
.Ldebug_loc3:
	.long	-1
	.long	.Lfunc_begin0           @   base address
	.long	.Lfunc_begin0-.Lfunc_begin0
	.long	.Ltmp0-.Lfunc_begin0
	.short	1                       @ Loc expr size
	.byte	80                      @ DW_OP_reg0
	.long	0
	.long	0
.Ldebug_loc4:
	.long	-1
	.long	.Lfunc_begin1           @   base address
	.long	.Lfunc_begin1-.Lfunc_begin1
	.long	.Ltmp10-.Lfunc_begin1
	.short	1                       @ Loc expr size
	.byte	80                      @ DW_OP_reg0
	.long	0
	.long	0
.Ldebug_loc5:
	.long	-1
	.long	.Lfunc_begin1           @   base address
	.long	.Lfunc_begin1-.Lfunc_begin1
	.long	.Ltmp10-.Lfunc_begin1
	.short	1                       @ Loc expr size
	.byte	80                      @ DW_OP_reg0
	.long	0
	.long	0
.Ldebug_loc6:
	.long	-1
	.long	.Lfunc_begin4           @   base address
	.long	.Lfunc_begin4-.Lfunc_begin4
	.long	.Ltmp19-.Lfunc_begin4
	.short	1                       @ Loc expr size
	.byte	80                      @ DW_OP_reg0
	.long	0
	.long	0
.Ldebug_loc7:
	.long	-1
	.long	.Lfunc_begin4           @   base address
	.long	.Lfunc_begin4-.Lfunc_begin4
	.long	.Ltmp20-.Lfunc_begin4
	.short	1                       @ Loc expr size
	.byte	81                      @ DW_OP_reg1
	.long	0
	.long	0
.Ldebug_loc8:
	.long	-1
	.long	.Lfunc_begin5           @   base address
	.long	.Lfunc_begin5-.Lfunc_begin5
	.long	.Ltmp22-.Lfunc_begin5
	.short	1                       @ Loc expr size
	.byte	80                      @ DW_OP_reg0
	.long	0
	.long	0
.Ldebug_loc9:
	.long	-1
	.long	.Lfunc_begin6           @   base address
	.long	.Lfunc_begin6-.Lfunc_begin6
	.long	.Ltmp24-.Lfunc_begin6
	.short	1                       @ Loc expr size
	.byte	80                      @ DW_OP_reg0
	.long	0
	.long	0
.Ldebug_loc10:
	.long	-1
	.long	.Lfunc_begin7           @   base address
	.long	.Lfunc_begin7-.Lfunc_begin7
	.long	.Ltmp31-.Lfunc_begin7
	.short	1                       @ Loc expr size
	.byte	80                      @ DW_OP_reg0
	.long	0
	.long	0
	.section	.debug_abbrev,"",%progbits
	.byte	1                       @ Abbreviation Code
	.byte	17                      @ DW_TAG_compile_unit
	.byte	1                       @ DW_CHILDREN_yes
	.byte	37                      @ DW_AT_producer
	.byte	14                      @ DW_FORM_strp
	.byte	19                      @ DW_AT_language
	.byte	5                       @ DW_FORM_data2
	.byte	3                       @ DW_AT_name
	.byte	14                      @ DW_FORM_strp
	.byte	16                      @ DW_AT_stmt_list
	.byte	6                       @ DW_FORM_data4
	.byte	27                      @ DW_AT_comp_dir
	.byte	14                      @ DW_FORM_strp
	.byte	17                      @ DW_AT_low_pc
	.byte	1                       @ DW_FORM_addr
	.byte	85                      @ DW_AT_ranges
	.byte	6                       @ DW_FORM_data4
	.byte	0                       @ EOM(1)
	.byte	0                       @ EOM(2)
	.byte	2                       @ Abbreviation Code
	.byte	4                       @ DW_TAG_enumeration_type
	.byte	1                       @ DW_CHILDREN_yes
	.byte	73                      @ DW_AT_type
	.byte	19                      @ DW_FORM_ref4
	.byte	3                       @ DW_AT_name
	.byte	14                      @ DW_FORM_strp
	.byte	11                      @ DW_AT_byte_size
	.byte	11                      @ DW_FORM_data1
	.byte	58                      @ DW_AT_decl_file
	.byte	11                      @ DW_FORM_data1
	.byte	59                      @ DW_AT_decl_line
	.byte	11                      @ DW_FORM_data1
	.byte	0                       @ EOM(1)
	.byte	0                       @ EOM(2)
	.byte	3                       @ Abbreviation Code
	.byte	40                      @ DW_TAG_enumerator
	.byte	0                       @ DW_CHILDREN_no
	.byte	3                       @ DW_AT_name
	.byte	14                      @ DW_FORM_strp
	.byte	28                      @ DW_AT_const_value
	.byte	13                      @ DW_FORM_sdata
	.byte	0                       @ EOM(1)
	.byte	0                       @ EOM(2)
	.byte	4                       @ Abbreviation Code
	.byte	36                      @ DW_TAG_base_type
	.byte	0                       @ DW_CHILDREN_no
	.byte	3                       @ DW_AT_name
	.byte	14                      @ DW_FORM_strp
	.byte	62                      @ DW_AT_encoding
	.byte	11                      @ DW_FORM_data1
	.byte	11                      @ DW_AT_byte_size
	.byte	11                      @ DW_FORM_data1
	.byte	0                       @ EOM(1)
	.byte	0                       @ EOM(2)
	.byte	5                       @ Abbreviation Code
	.byte	22                      @ DW_TAG_typedef
	.byte	0                       @ DW_CHILDREN_no
	.byte	73                      @ DW_AT_type
	.byte	19                      @ DW_FORM_ref4
	.byte	3                       @ DW_AT_name
	.byte	14                      @ DW_FORM_strp
	.byte	58                      @ DW_AT_decl_file
	.byte	11                      @ DW_FORM_data1
	.byte	59                      @ DW_AT_decl_line
	.byte	11                      @ DW_FORM_data1
	.byte	0                       @ EOM(1)
	.byte	0                       @ EOM(2)
	.byte	6                       @ Abbreviation Code
	.byte	15                      @ DW_TAG_pointer_type
	.byte	0                       @ DW_CHILDREN_no
	.byte	73                      @ DW_AT_type
	.byte	19                      @ DW_FORM_ref4
	.byte	0                       @ EOM(1)
	.byte	0                       @ EOM(2)
	.byte	7                       @ Abbreviation Code
	.byte	22                      @ DW_TAG_typedef
	.byte	0                       @ DW_CHILDREN_no
	.byte	73                      @ DW_AT_type
	.byte	19                      @ DW_FORM_ref4
	.byte	3                       @ DW_AT_name
	.byte	14                      @ DW_FORM_strp
	.byte	58                      @ DW_AT_decl_file
	.byte	11                      @ DW_FORM_data1
	.byte	59                      @ DW_AT_decl_line
	.byte	5                       @ DW_FORM_data2
	.byte	0                       @ EOM(1)
	.byte	0                       @ EOM(2)
	.byte	8                       @ Abbreviation Code
	.byte	19                      @ DW_TAG_structure_type
	.byte	1                       @ DW_CHILDREN_yes
	.byte	11                      @ DW_AT_byte_size
	.byte	11                      @ DW_FORM_data1
	.byte	58                      @ DW_AT_decl_file
	.byte	11                      @ DW_FORM_data1
	.byte	59                      @ DW_AT_decl_line
	.byte	5                       @ DW_FORM_data2
	.byte	0                       @ EOM(1)
	.byte	0                       @ EOM(2)
	.byte	9                       @ Abbreviation Code
	.byte	13                      @ DW_TAG_member
	.byte	0                       @ DW_CHILDREN_no
	.byte	3                       @ DW_AT_name
	.byte	14                      @ DW_FORM_strp
	.byte	73                      @ DW_AT_type
	.byte	19                      @ DW_FORM_ref4
	.byte	58                      @ DW_AT_decl_file
	.byte	11                      @ DW_FORM_data1
	.byte	59                      @ DW_AT_decl_line
	.byte	5                       @ DW_FORM_data2
	.byte	56                      @ DW_AT_data_member_location
	.byte	11                      @ DW_FORM_data1
	.byte	0                       @ EOM(1)
	.byte	0                       @ EOM(2)
	.byte	10                      @ Abbreviation Code
	.byte	38                      @ DW_TAG_const_type
	.byte	0                       @ DW_CHILDREN_no
	.byte	73                      @ DW_AT_type
	.byte	19                      @ DW_FORM_ref4
	.byte	0                       @ EOM(1)
	.byte	0                       @ EOM(2)
	.byte	11                      @ Abbreviation Code
	.byte	53                      @ DW_TAG_volatile_type
	.byte	0                       @ DW_CHILDREN_no
	.byte	73                      @ DW_AT_type
	.byte	19                      @ DW_FORM_ref4
	.byte	0                       @ EOM(1)
	.byte	0                       @ EOM(2)
	.byte	12                      @ Abbreviation Code
	.byte	1                       @ DW_TAG_array_type
	.byte	1                       @ DW_CHILDREN_yes
	.byte	73                      @ DW_AT_type
	.byte	19                      @ DW_FORM_ref4
	.byte	0                       @ EOM(1)
	.byte	0                       @ EOM(2)
	.byte	13                      @ Abbreviation Code
	.byte	33                      @ DW_TAG_subrange_type
	.byte	0                       @ DW_CHILDREN_no
	.byte	73                      @ DW_AT_type
	.byte	19                      @ DW_FORM_ref4
	.byte	55                      @ DW_AT_count
	.byte	11                      @ DW_FORM_data1
	.byte	0                       @ EOM(1)
	.byte	0                       @ EOM(2)
	.byte	14                      @ Abbreviation Code
	.byte	36                      @ DW_TAG_base_type
	.byte	0                       @ DW_CHILDREN_no
	.byte	3                       @ DW_AT_name
	.byte	14                      @ DW_FORM_strp
	.byte	11                      @ DW_AT_byte_size
	.byte	11                      @ DW_FORM_data1
	.byte	62                      @ DW_AT_encoding
	.byte	11                      @ DW_FORM_data1
	.byte	0                       @ EOM(1)
	.byte	0                       @ EOM(2)
	.byte	15                      @ Abbreviation Code
	.byte	19                      @ DW_TAG_structure_type
	.byte	1                       @ DW_CHILDREN_yes
	.byte	11                      @ DW_AT_byte_size
	.byte	5                       @ DW_FORM_data2
	.byte	58                      @ DW_AT_decl_file
	.byte	11                      @ DW_FORM_data1
	.byte	59                      @ DW_AT_decl_line
	.byte	5                       @ DW_FORM_data2
	.byte	0                       @ EOM(1)
	.byte	0                       @ EOM(2)
	.byte	16                      @ Abbreviation Code
	.byte	13                      @ DW_TAG_member
	.byte	0                       @ DW_CHILDREN_no
	.byte	3                       @ DW_AT_name
	.byte	14                      @ DW_FORM_strp
	.byte	73                      @ DW_AT_type
	.byte	19                      @ DW_FORM_ref4
	.byte	58                      @ DW_AT_decl_file
	.byte	11                      @ DW_FORM_data1
	.byte	59                      @ DW_AT_decl_line
	.byte	5                       @ DW_FORM_data2
	.byte	56                      @ DW_AT_data_member_location
	.byte	5                       @ DW_FORM_data2
	.byte	0                       @ EOM(1)
	.byte	0                       @ EOM(2)
	.byte	17                      @ Abbreviation Code
	.byte	46                      @ DW_TAG_subprogram
	.byte	1                       @ DW_CHILDREN_yes
	.byte	3                       @ DW_AT_name
	.byte	14                      @ DW_FORM_strp
	.byte	58                      @ DW_AT_decl_file
	.byte	11                      @ DW_FORM_data1
	.byte	59                      @ DW_AT_decl_line
	.byte	5                       @ DW_FORM_data2
	.byte	39                      @ DW_AT_prototyped
	.byte	12                      @ DW_FORM_flag
	.byte	32                      @ DW_AT_inline
	.byte	11                      @ DW_FORM_data1
	.byte	0                       @ EOM(1)
	.byte	0                       @ EOM(2)
	.byte	18                      @ Abbreviation Code
	.byte	5                       @ DW_TAG_formal_parameter
	.byte	0                       @ DW_CHILDREN_no
	.byte	3                       @ DW_AT_name
	.byte	14                      @ DW_FORM_strp
	.byte	58                      @ DW_AT_decl_file
	.byte	11                      @ DW_FORM_data1
	.byte	59                      @ DW_AT_decl_line
	.byte	5                       @ DW_FORM_data2
	.byte	73                      @ DW_AT_type
	.byte	19                      @ DW_FORM_ref4
	.byte	0                       @ EOM(1)
	.byte	0                       @ EOM(2)
	.byte	19                      @ Abbreviation Code
	.byte	46                      @ DW_TAG_subprogram
	.byte	1                       @ DW_CHILDREN_yes
	.byte	17                      @ DW_AT_low_pc
	.byte	1                       @ DW_FORM_addr
	.byte	18                      @ DW_AT_high_pc
	.byte	1                       @ DW_FORM_addr
	.byte	64                      @ DW_AT_frame_base
	.byte	10                      @ DW_FORM_block1
	.byte	3                       @ DW_AT_name
	.byte	14                      @ DW_FORM_strp
	.byte	58                      @ DW_AT_decl_file
	.byte	11                      @ DW_FORM_data1
	.byte	59                      @ DW_AT_decl_line
	.byte	11                      @ DW_FORM_data1
	.byte	39                      @ DW_AT_prototyped
	.byte	12                      @ DW_FORM_flag
	.byte	63                      @ DW_AT_external
	.byte	12                      @ DW_FORM_flag
	.byte	0                       @ EOM(1)
	.byte	0                       @ EOM(2)
	.byte	20                      @ Abbreviation Code
	.byte	5                       @ DW_TAG_formal_parameter
	.byte	0                       @ DW_CHILDREN_no
	.byte	2                       @ DW_AT_location
	.byte	6                       @ DW_FORM_data4
	.byte	3                       @ DW_AT_name
	.byte	14                      @ DW_FORM_strp
	.byte	58                      @ DW_AT_decl_file
	.byte	11                      @ DW_FORM_data1
	.byte	59                      @ DW_AT_decl_line
	.byte	11                      @ DW_FORM_data1
	.byte	73                      @ DW_AT_type
	.byte	19                      @ DW_FORM_ref4
	.byte	0                       @ EOM(1)
	.byte	0                       @ EOM(2)
	.byte	21                      @ Abbreviation Code
	.byte	29                      @ DW_TAG_inlined_subroutine
	.byte	1                       @ DW_CHILDREN_yes
	.byte	49                      @ DW_AT_abstract_origin
	.byte	19                      @ DW_FORM_ref4
	.byte	85                      @ DW_AT_ranges
	.byte	6                       @ DW_FORM_data4
	.byte	88                      @ DW_AT_call_file
	.byte	11                      @ DW_FORM_data1
	.byte	89                      @ DW_AT_call_line
	.byte	11                      @ DW_FORM_data1
	.byte	87                      @ DW_AT_call_column
	.byte	11                      @ DW_FORM_data1
	.byte	0                       @ EOM(1)
	.byte	0                       @ EOM(2)
	.byte	22                      @ Abbreviation Code
	.byte	5                       @ DW_TAG_formal_parameter
	.byte	0                       @ DW_CHILDREN_no
	.byte	2                       @ DW_AT_location
	.byte	6                       @ DW_FORM_data4
	.byte	49                      @ DW_AT_abstract_origin
	.byte	19                      @ DW_FORM_ref4
	.byte	0                       @ EOM(1)
	.byte	0                       @ EOM(2)
	.byte	23                      @ Abbreviation Code
	.byte	29                      @ DW_TAG_inlined_subroutine
	.byte	1                       @ DW_CHILDREN_yes
	.byte	49                      @ DW_AT_abstract_origin
	.byte	19                      @ DW_FORM_ref4
	.byte	17                      @ DW_AT_low_pc
	.byte	1                       @ DW_FORM_addr
	.byte	18                      @ DW_AT_high_pc
	.byte	1                       @ DW_FORM_addr
	.byte	88                      @ DW_AT_call_file
	.byte	11                      @ DW_FORM_data1
	.byte	89                      @ DW_AT_call_line
	.byte	11                      @ DW_FORM_data1
	.byte	87                      @ DW_AT_call_column
	.byte	11                      @ DW_FORM_data1
	.byte	0                       @ EOM(1)
	.byte	0                       @ EOM(2)
	.byte	24                      @ Abbreviation Code
	.byte	5                       @ DW_TAG_formal_parameter
	.byte	0                       @ DW_CHILDREN_no
	.byte	49                      @ DW_AT_abstract_origin
	.byte	19                      @ DW_FORM_ref4
	.byte	0                       @ EOM(1)
	.byte	0                       @ EOM(2)
	.byte	25                      @ Abbreviation Code
	.byte	46                      @ DW_TAG_subprogram
	.byte	0                       @ DW_CHILDREN_no
	.byte	17                      @ DW_AT_low_pc
	.byte	1                       @ DW_FORM_addr
	.byte	18                      @ DW_AT_high_pc
	.byte	1                       @ DW_FORM_addr
	.byte	64                      @ DW_AT_frame_base
	.byte	10                      @ DW_FORM_block1
	.byte	3                       @ DW_AT_name
	.byte	14                      @ DW_FORM_strp
	.byte	58                      @ DW_AT_decl_file
	.byte	11                      @ DW_FORM_data1
	.byte	59                      @ DW_AT_decl_line
	.byte	11                      @ DW_FORM_data1
	.byte	39                      @ DW_AT_prototyped
	.byte	12                      @ DW_FORM_flag
	.byte	63                      @ DW_AT_external
	.byte	12                      @ DW_FORM_flag
	.byte	0                       @ EOM(1)
	.byte	0                       @ EOM(2)
	.byte	26                      @ Abbreviation Code
	.byte	46                      @ DW_TAG_subprogram
	.byte	0                       @ DW_CHILDREN_no
	.byte	17                      @ DW_AT_low_pc
	.byte	1                       @ DW_FORM_addr
	.byte	18                      @ DW_AT_high_pc
	.byte	1                       @ DW_FORM_addr
	.byte	64                      @ DW_AT_frame_base
	.byte	10                      @ DW_FORM_block1
	.byte	3                       @ DW_AT_name
	.byte	14                      @ DW_FORM_strp
	.byte	58                      @ DW_AT_decl_file
	.byte	11                      @ DW_FORM_data1
	.byte	59                      @ DW_AT_decl_line
	.byte	5                       @ DW_FORM_data2
	.byte	39                      @ DW_AT_prototyped
	.byte	12                      @ DW_FORM_flag
	.ascii	"\207\001"              @ DW_AT_noreturn
	.byte	12                      @ DW_FORM_flag
	.byte	0                       @ EOM(1)
	.byte	0                       @ EOM(2)
	.byte	0                       @ EOM(3)
	.section	.debug_info,"",%progbits
.Lcu_begin0:
	.long	.Ldebug_info_end0-.Ldebug_info_start0 @ Length of Unit
.Ldebug_info_start0:
	.short	3                       @ DWARF version number
	.long	.debug_abbrev           @ Offset Into Abbrev. Section
	.byte	4                       @ Address Size (in bytes)
	.byte	1                       @ Abbrev [1] 0xb:0x4d0 DW_TAG_compile_unit
	.long	.Linfo_string0          @ DW_AT_producer
	.short	12                      @ DW_AT_language
	.long	.Linfo_string1          @ DW_AT_name
	.long	.Lline_table_start0     @ DW_AT_stmt_list
	.long	.Linfo_string2          @ DW_AT_comp_dir
	.long	0                       @ DW_AT_low_pc
	.long	.Ldebug_ranges1         @ DW_AT_ranges
	.byte	2                       @ Abbrev [2] 0x26:0xd3 DW_TAG_enumeration_type
	.long	249                     @ DW_AT_type
	.long	.Linfo_string37         @ DW_AT_name
	.byte	1                       @ DW_AT_byte_size
	.byte	1                       @ DW_AT_decl_file
	.byte	118                     @ DW_AT_decl_line
	.byte	3                       @ Abbrev [3] 0x32:0x6 DW_TAG_enumerator
	.long	.Linfo_string4          @ DW_AT_name
	.byte	114                     @ DW_AT_const_value
	.byte	3                       @ Abbrev [3] 0x38:0x6 DW_TAG_enumerator
	.long	.Linfo_string5          @ DW_AT_name
	.byte	115                     @ DW_AT_const_value
	.byte	3                       @ Abbrev [3] 0x3e:0x6 DW_TAG_enumerator
	.long	.Linfo_string6          @ DW_AT_name
	.byte	123                     @ DW_AT_const_value
	.byte	3                       @ Abbrev [3] 0x44:0x6 DW_TAG_enumerator
	.long	.Linfo_string7          @ DW_AT_name
	.byte	126                     @ DW_AT_const_value
	.byte	3                       @ Abbrev [3] 0x4a:0x6 DW_TAG_enumerator
	.long	.Linfo_string8          @ DW_AT_name
	.byte	127                     @ DW_AT_const_value
	.byte	3                       @ Abbrev [3] 0x50:0x6 DW_TAG_enumerator
	.long	.Linfo_string9          @ DW_AT_name
	.byte	0                       @ DW_AT_const_value
	.byte	3                       @ Abbrev [3] 0x56:0x6 DW_TAG_enumerator
	.long	.Linfo_string10         @ DW_AT_name
	.byte	1                       @ DW_AT_const_value
	.byte	3                       @ Abbrev [3] 0x5c:0x6 DW_TAG_enumerator
	.long	.Linfo_string11         @ DW_AT_name
	.byte	2                       @ DW_AT_const_value
	.byte	3                       @ Abbrev [3] 0x62:0x6 DW_TAG_enumerator
	.long	.Linfo_string12         @ DW_AT_name
	.byte	3                       @ DW_AT_const_value
	.byte	3                       @ Abbrev [3] 0x68:0x6 DW_TAG_enumerator
	.long	.Linfo_string13         @ DW_AT_name
	.byte	4                       @ DW_AT_const_value
	.byte	3                       @ Abbrev [3] 0x6e:0x6 DW_TAG_enumerator
	.long	.Linfo_string14         @ DW_AT_name
	.byte	5                       @ DW_AT_const_value
	.byte	3                       @ Abbrev [3] 0x74:0x6 DW_TAG_enumerator
	.long	.Linfo_string15         @ DW_AT_name
	.byte	6                       @ DW_AT_const_value
	.byte	3                       @ Abbrev [3] 0x7a:0x6 DW_TAG_enumerator
	.long	.Linfo_string16         @ DW_AT_name
	.byte	7                       @ DW_AT_const_value
	.byte	3                       @ Abbrev [3] 0x80:0x6 DW_TAG_enumerator
	.long	.Linfo_string17         @ DW_AT_name
	.byte	9                       @ DW_AT_const_value
	.byte	3                       @ Abbrev [3] 0x86:0x6 DW_TAG_enumerator
	.long	.Linfo_string18         @ DW_AT_name
	.byte	10                      @ DW_AT_const_value
	.byte	3                       @ Abbrev [3] 0x8c:0x6 DW_TAG_enumerator
	.long	.Linfo_string19         @ DW_AT_name
	.byte	11                      @ DW_AT_const_value
	.byte	3                       @ Abbrev [3] 0x92:0x6 DW_TAG_enumerator
	.long	.Linfo_string20         @ DW_AT_name
	.byte	12                      @ DW_AT_const_value
	.byte	3                       @ Abbrev [3] 0x98:0x6 DW_TAG_enumerator
	.long	.Linfo_string21         @ DW_AT_name
	.byte	13                      @ DW_AT_const_value
	.byte	3                       @ Abbrev [3] 0x9e:0x6 DW_TAG_enumerator
	.long	.Linfo_string22         @ DW_AT_name
	.byte	14                      @ DW_AT_const_value
	.byte	3                       @ Abbrev [3] 0xa4:0x6 DW_TAG_enumerator
	.long	.Linfo_string23         @ DW_AT_name
	.byte	16                      @ DW_AT_const_value
	.byte	3                       @ Abbrev [3] 0xaa:0x6 DW_TAG_enumerator
	.long	.Linfo_string24         @ DW_AT_name
	.byte	17                      @ DW_AT_const_value
	.byte	3                       @ Abbrev [3] 0xb0:0x6 DW_TAG_enumerator
	.long	.Linfo_string25         @ DW_AT_name
	.byte	19                      @ DW_AT_const_value
	.byte	3                       @ Abbrev [3] 0xb6:0x6 DW_TAG_enumerator
	.long	.Linfo_string26         @ DW_AT_name
	.byte	20                      @ DW_AT_const_value
	.byte	3                       @ Abbrev [3] 0xbc:0x6 DW_TAG_enumerator
	.long	.Linfo_string27         @ DW_AT_name
	.byte	21                      @ DW_AT_const_value
	.byte	3                       @ Abbrev [3] 0xc2:0x6 DW_TAG_enumerator
	.long	.Linfo_string28         @ DW_AT_name
	.byte	22                      @ DW_AT_const_value
	.byte	3                       @ Abbrev [3] 0xc8:0x6 DW_TAG_enumerator
	.long	.Linfo_string29         @ DW_AT_name
	.byte	23                      @ DW_AT_const_value
	.byte	3                       @ Abbrev [3] 0xce:0x6 DW_TAG_enumerator
	.long	.Linfo_string30         @ DW_AT_name
	.byte	24                      @ DW_AT_const_value
	.byte	3                       @ Abbrev [3] 0xd4:0x6 DW_TAG_enumerator
	.long	.Linfo_string31         @ DW_AT_name
	.byte	25                      @ DW_AT_const_value
	.byte	3                       @ Abbrev [3] 0xda:0x6 DW_TAG_enumerator
	.long	.Linfo_string32         @ DW_AT_name
	.byte	26                      @ DW_AT_const_value
	.byte	3                       @ Abbrev [3] 0xe0:0x6 DW_TAG_enumerator
	.long	.Linfo_string33         @ DW_AT_name
	.byte	27                      @ DW_AT_const_value
	.byte	3                       @ Abbrev [3] 0xe6:0x6 DW_TAG_enumerator
	.long	.Linfo_string34         @ DW_AT_name
	.byte	28                      @ DW_AT_const_value
	.byte	3                       @ Abbrev [3] 0xec:0x6 DW_TAG_enumerator
	.long	.Linfo_string35         @ DW_AT_name
	.byte	32                      @ DW_AT_const_value
	.byte	3                       @ Abbrev [3] 0xf2:0x6 DW_TAG_enumerator
	.long	.Linfo_string36         @ DW_AT_name
	.byte	34                      @ DW_AT_const_value
	.byte	0                       @ End Of Children Mark
	.byte	4                       @ Abbrev [4] 0xf9:0x7 DW_TAG_base_type
	.long	.Linfo_string3          @ DW_AT_name
	.byte	6                       @ DW_AT_encoding
	.byte	1                       @ DW_AT_byte_size
	.byte	5                       @ Abbrev [5] 0x100:0xb DW_TAG_typedef
	.long	38                      @ DW_AT_type
	.long	.Linfo_string38         @ DW_AT_name
	.byte	1                       @ DW_AT_decl_file
	.byte	157                     @ DW_AT_decl_line
	.byte	5                       @ Abbrev [5] 0x10b:0xb DW_TAG_typedef
	.long	278                     @ DW_AT_type
	.long	.Linfo_string40         @ DW_AT_name
	.byte	2                       @ DW_AT_decl_file
	.byte	64                      @ DW_AT_decl_line
	.byte	4                       @ Abbrev [4] 0x116:0x7 DW_TAG_base_type
	.long	.Linfo_string39         @ DW_AT_name
	.byte	7                       @ DW_AT_encoding
	.byte	4                       @ DW_AT_byte_size
	.byte	6                       @ Abbrev [6] 0x11d:0x5 DW_TAG_pointer_type
	.long	290                     @ DW_AT_type
	.byte	7                       @ Abbrev [7] 0x122:0xc DW_TAG_typedef
	.long	302                     @ DW_AT_type
	.long	.Linfo_string51         @ DW_AT_name
	.byte	3                       @ DW_AT_decl_file
	.short	398                     @ DW_AT_decl_line
	.byte	8                       @ Abbrev [8] 0x12e:0x7b DW_TAG_structure_type
	.byte	40                      @ DW_AT_byte_size
	.byte	3                       @ DW_AT_decl_file
	.short	383                     @ DW_AT_decl_line
	.byte	9                       @ Abbrev [9] 0x133:0xd DW_TAG_member
	.long	.Linfo_string41         @ DW_AT_name
	.long	425                     @ DW_AT_type
	.byte	3                       @ DW_AT_decl_file
	.short	385                     @ DW_AT_decl_line
	.byte	0                       @ DW_AT_data_member_location
	.byte	9                       @ Abbrev [9] 0x140:0xd DW_TAG_member
	.long	.Linfo_string42         @ DW_AT_name
	.long	430                     @ DW_AT_type
	.byte	3                       @ DW_AT_decl_file
	.short	386                     @ DW_AT_decl_line
	.byte	4                       @ DW_AT_data_member_location
	.byte	9                       @ Abbrev [9] 0x14d:0xd DW_TAG_member
	.long	.Linfo_string43         @ DW_AT_name
	.long	430                     @ DW_AT_type
	.byte	3                       @ DW_AT_decl_file
	.short	388                     @ DW_AT_decl_line
	.byte	8                       @ DW_AT_data_member_location
	.byte	9                       @ Abbrev [9] 0x15a:0xd DW_TAG_member
	.long	.Linfo_string44         @ DW_AT_name
	.long	430                     @ DW_AT_type
	.byte	3                       @ DW_AT_decl_file
	.short	392                     @ DW_AT_decl_line
	.byte	12                      @ DW_AT_data_member_location
	.byte	9                       @ Abbrev [9] 0x167:0xd DW_TAG_member
	.long	.Linfo_string45         @ DW_AT_name
	.long	430                     @ DW_AT_type
	.byte	3                       @ DW_AT_decl_file
	.short	393                     @ DW_AT_decl_line
	.byte	16                      @ DW_AT_data_member_location
	.byte	9                       @ Abbrev [9] 0x174:0xd DW_TAG_member
	.long	.Linfo_string46         @ DW_AT_name
	.long	430                     @ DW_AT_type
	.byte	3                       @ DW_AT_decl_file
	.short	394                     @ DW_AT_decl_line
	.byte	20                      @ DW_AT_data_member_location
	.byte	9                       @ Abbrev [9] 0x181:0xd DW_TAG_member
	.long	.Linfo_string47         @ DW_AT_name
	.long	267                     @ DW_AT_type
	.byte	3                       @ DW_AT_decl_file
	.short	395                     @ DW_AT_decl_line
	.byte	24                      @ DW_AT_data_member_location
	.byte	9                       @ Abbrev [9] 0x18e:0xd DW_TAG_member
	.long	.Linfo_string48         @ DW_AT_name
	.long	435                     @ DW_AT_type
	.byte	3                       @ DW_AT_decl_file
	.short	396                     @ DW_AT_decl_line
	.byte	28                      @ DW_AT_data_member_location
	.byte	9                       @ Abbrev [9] 0x19b:0xd DW_TAG_member
	.long	.Linfo_string50         @ DW_AT_name
	.long	430                     @ DW_AT_type
	.byte	3                       @ DW_AT_decl_file
	.short	397                     @ DW_AT_decl_line
	.byte	36                      @ DW_AT_data_member_location
	.byte	0                       @ End Of Children Mark
	.byte	10                      @ Abbrev [10] 0x1a9:0x5 DW_TAG_const_type
	.long	430                     @ DW_AT_type
	.byte	11                      @ Abbrev [11] 0x1ae:0x5 DW_TAG_volatile_type
	.long	267                     @ DW_AT_type
	.byte	12                      @ Abbrev [12] 0x1b3:0xc DW_TAG_array_type
	.long	430                     @ DW_AT_type
	.byte	13                      @ Abbrev [13] 0x1b8:0x6 DW_TAG_subrange_type
	.long	447                     @ DW_AT_type
	.byte	2                       @ DW_AT_count
	.byte	0                       @ End Of Children Mark
	.byte	14                      @ Abbrev [14] 0x1bf:0x7 DW_TAG_base_type
	.long	.Linfo_string49         @ DW_AT_name
	.byte	8                       @ DW_AT_byte_size
	.byte	7                       @ DW_AT_encoding
	.byte	6                       @ Abbrev [6] 0x1c6:0x5 DW_TAG_pointer_type
	.long	459                     @ DW_AT_type
	.byte	7                       @ Abbrev [7] 0x1cb:0xc DW_TAG_typedef
	.long	471                     @ DW_AT_type
	.long	.Linfo_string56         @ DW_AT_name
	.byte	3                       @ DW_AT_decl_file
	.short	566                     @ DW_AT_decl_line
	.byte	8                       @ Abbrev [8] 0x1d7:0x3a DW_TAG_structure_type
	.byte	16                      @ DW_AT_byte_size
	.byte	3                       @ DW_AT_decl_file
	.short	560                     @ DW_AT_decl_line
	.byte	9                       @ Abbrev [9] 0x1dc:0xd DW_TAG_member
	.long	.Linfo_string52         @ DW_AT_name
	.long	430                     @ DW_AT_type
	.byte	3                       @ DW_AT_decl_file
	.short	562                     @ DW_AT_decl_line
	.byte	0                       @ DW_AT_data_member_location
	.byte	9                       @ Abbrev [9] 0x1e9:0xd DW_TAG_member
	.long	.Linfo_string53         @ DW_AT_name
	.long	430                     @ DW_AT_type
	.byte	3                       @ DW_AT_decl_file
	.short	563                     @ DW_AT_decl_line
	.byte	4                       @ DW_AT_data_member_location
	.byte	9                       @ Abbrev [9] 0x1f6:0xd DW_TAG_member
	.long	.Linfo_string54         @ DW_AT_name
	.long	430                     @ DW_AT_type
	.byte	3                       @ DW_AT_decl_file
	.short	564                     @ DW_AT_decl_line
	.byte	8                       @ DW_AT_data_member_location
	.byte	9                       @ Abbrev [9] 0x203:0xd DW_TAG_member
	.long	.Linfo_string55         @ DW_AT_name
	.long	425                     @ DW_AT_type
	.byte	3                       @ DW_AT_decl_file
	.short	565                     @ DW_AT_decl_line
	.byte	12                      @ DW_AT_data_member_location
	.byte	0                       @ End Of Children Mark
	.byte	5                       @ Abbrev [5] 0x211:0xb DW_TAG_typedef
	.long	540                     @ DW_AT_type
	.long	.Linfo_string58         @ DW_AT_name
	.byte	2                       @ DW_AT_decl_file
	.byte	58                      @ DW_AT_decl_line
	.byte	4                       @ Abbrev [4] 0x21c:0x7 DW_TAG_base_type
	.long	.Linfo_string57         @ DW_AT_name
	.byte	5                       @ DW_AT_encoding
	.byte	4                       @ DW_AT_byte_size
	.byte	6                       @ Abbrev [6] 0x223:0x5 DW_TAG_pointer_type
	.long	552                     @ DW_AT_type
	.byte	7                       @ Abbrev [7] 0x228:0xc DW_TAG_typedef
	.long	564                     @ DW_AT_type
	.long	.Linfo_string72         @ DW_AT_name
	.byte	3                       @ DW_AT_decl_file
	.short	368                     @ DW_AT_decl_line
	.byte	15                      @ Abbrev [15] 0x234:0xb9 DW_TAG_structure_type
	.short	1264                    @ DW_AT_byte_size
	.byte	3                       @ DW_AT_decl_file
	.short	353                     @ DW_AT_decl_line
	.byte	9                       @ Abbrev [9] 0x23a:0xd DW_TAG_member
	.long	.Linfo_string59         @ DW_AT_name
	.long	749                     @ DW_AT_type
	.byte	3                       @ DW_AT_decl_file
	.short	355                     @ DW_AT_decl_line
	.byte	0                       @ DW_AT_data_member_location
	.byte	9                       @ Abbrev [9] 0x247:0xd DW_TAG_member
	.long	.Linfo_string60         @ DW_AT_name
	.long	761                     @ DW_AT_type
	.byte	3                       @ DW_AT_decl_file
	.short	356                     @ DW_AT_decl_line
	.byte	64                      @ DW_AT_data_member_location
	.byte	9                       @ Abbrev [9] 0x254:0xd DW_TAG_member
	.long	.Linfo_string61         @ DW_AT_name
	.long	749                     @ DW_AT_type
	.byte	3                       @ DW_AT_decl_file
	.short	357                     @ DW_AT_decl_line
	.byte	128                     @ DW_AT_data_member_location
	.byte	9                       @ Abbrev [9] 0x261:0xd DW_TAG_member
	.long	.Linfo_string62         @ DW_AT_name
	.long	761                     @ DW_AT_type
	.byte	3                       @ DW_AT_decl_file
	.short	358                     @ DW_AT_decl_line
	.byte	192                     @ DW_AT_data_member_location
	.byte	16                      @ Abbrev [16] 0x26e:0xe DW_TAG_member
	.long	.Linfo_string63         @ DW_AT_name
	.long	749                     @ DW_AT_type
	.byte	3                       @ DW_AT_decl_file
	.short	359                     @ DW_AT_decl_line
	.short	256                     @ DW_AT_data_member_location
	.byte	16                      @ Abbrev [16] 0x27c:0xe DW_TAG_member
	.long	.Linfo_string64         @ DW_AT_name
	.long	761                     @ DW_AT_type
	.byte	3                       @ DW_AT_decl_file
	.short	360                     @ DW_AT_decl_line
	.short	320                     @ DW_AT_data_member_location
	.byte	16                      @ Abbrev [16] 0x28a:0xe DW_TAG_member
	.long	.Linfo_string65         @ DW_AT_name
	.long	749                     @ DW_AT_type
	.byte	3                       @ DW_AT_decl_file
	.short	361                     @ DW_AT_decl_line
	.short	384                     @ DW_AT_data_member_location
	.byte	16                      @ Abbrev [16] 0x298:0xe DW_TAG_member
	.long	.Linfo_string66         @ DW_AT_name
	.long	761                     @ DW_AT_type
	.byte	3                       @ DW_AT_decl_file
	.short	362                     @ DW_AT_decl_line
	.short	448                     @ DW_AT_data_member_location
	.byte	16                      @ Abbrev [16] 0x2a6:0xe DW_TAG_member
	.long	.Linfo_string67         @ DW_AT_name
	.long	749                     @ DW_AT_type
	.byte	3                       @ DW_AT_decl_file
	.short	363                     @ DW_AT_decl_line
	.short	512                     @ DW_AT_data_member_location
	.byte	16                      @ Abbrev [16] 0x2b4:0xe DW_TAG_member
	.long	.Linfo_string68         @ DW_AT_name
	.long	761                     @ DW_AT_type
	.byte	3                       @ DW_AT_decl_file
	.short	364                     @ DW_AT_decl_line
	.short	576                     @ DW_AT_data_member_location
	.byte	16                      @ Abbrev [16] 0x2c2:0xe DW_TAG_member
	.long	.Linfo_string69         @ DW_AT_name
	.long	749                     @ DW_AT_type
	.byte	3                       @ DW_AT_decl_file
	.short	365                     @ DW_AT_decl_line
	.short	640                     @ DW_AT_data_member_location
	.byte	16                      @ Abbrev [16] 0x2d0:0xe DW_TAG_member
	.long	.Linfo_string70         @ DW_AT_name
	.long	761                     @ DW_AT_type
	.byte	3                       @ DW_AT_decl_file
	.short	366                     @ DW_AT_decl_line
	.short	704                     @ DW_AT_data_member_location
	.byte	16                      @ Abbrev [16] 0x2de:0xe DW_TAG_member
	.long	.Linfo_string71         @ DW_AT_name
	.long	773                     @ DW_AT_type
	.byte	3                       @ DW_AT_decl_file
	.short	367                     @ DW_AT_decl_line
	.short	768                     @ DW_AT_data_member_location
	.byte	0                       @ End Of Children Mark
	.byte	12                      @ Abbrev [12] 0x2ed:0xc DW_TAG_array_type
	.long	430                     @ DW_AT_type
	.byte	13                      @ Abbrev [13] 0x2f2:0x6 DW_TAG_subrange_type
	.long	447                     @ DW_AT_type
	.byte	16                      @ DW_AT_count
	.byte	0                       @ End Of Children Mark
	.byte	12                      @ Abbrev [12] 0x2f9:0xc DW_TAG_array_type
	.long	267                     @ DW_AT_type
	.byte	13                      @ Abbrev [13] 0x2fe:0x6 DW_TAG_subrange_type
	.long	447                     @ DW_AT_type
	.byte	16                      @ DW_AT_count
	.byte	0                       @ End Of Children Mark
	.byte	12                      @ Abbrev [12] 0x305:0xc DW_TAG_array_type
	.long	430                     @ DW_AT_type
	.byte	13                      @ Abbrev [13] 0x30a:0x6 DW_TAG_subrange_type
	.long	447                     @ DW_AT_type
	.byte	124                     @ DW_AT_count
	.byte	0                       @ End Of Children Mark
	.byte	17                      @ Abbrev [17] 0x311:0x23 DW_TAG_subprogram
	.long	.Linfo_string73         @ DW_AT_name
	.byte	3                       @ DW_AT_decl_file
	.short	1721                    @ DW_AT_decl_line
	.byte	1                       @ DW_AT_prototyped
	.byte	1                       @ DW_AT_inline
	.byte	18                      @ Abbrev [18] 0x31b:0xc DW_TAG_formal_parameter
	.long	.Linfo_string37         @ DW_AT_name
	.byte	3                       @ DW_AT_decl_file
	.short	1721                    @ DW_AT_decl_line
	.long	256                     @ DW_AT_type
	.byte	18                      @ Abbrev [18] 0x327:0xc DW_TAG_formal_parameter
	.long	.Linfo_string74         @ DW_AT_name
	.byte	3                       @ DW_AT_decl_file
	.short	1721                    @ DW_AT_decl_line
	.long	267                     @ DW_AT_type
	.byte	0                       @ End Of Children Mark
	.byte	17                      @ Abbrev [17] 0x334:0x17 DW_TAG_subprogram
	.long	.Linfo_string75         @ DW_AT_name
	.byte	3                       @ DW_AT_decl_file
	.short	1524                    @ DW_AT_decl_line
	.byte	1                       @ DW_AT_prototyped
	.byte	1                       @ DW_AT_inline
	.byte	18                      @ Abbrev [18] 0x33e:0xc DW_TAG_formal_parameter
	.long	.Linfo_string37         @ DW_AT_name
	.byte	3                       @ DW_AT_decl_file
	.short	1524                    @ DW_AT_decl_line
	.long	256                     @ DW_AT_type
	.byte	0                       @ End Of Children Mark
	.byte	19                      @ Abbrev [19] 0x34b:0x67 DW_TAG_subprogram
	.long	.Lfunc_begin0           @ DW_AT_low_pc
	.long	.Lfunc_end0             @ DW_AT_high_pc
	.byte	1                       @ DW_AT_frame_base
	.byte	93
	.long	.Linfo_string77         @ DW_AT_name
	.byte	4                       @ DW_AT_decl_file
	.byte	46                      @ DW_AT_decl_line
	.byte	1                       @ DW_AT_prototyped
	.byte	1                       @ DW_AT_external
	.byte	20                      @ Abbrev [20] 0x35e:0xf DW_TAG_formal_parameter
	.long	.Ldebug_loc0            @ DW_AT_location
	.long	.Linfo_string85         @ DW_AT_name
	.byte	4                       @ DW_AT_decl_file
	.byte	46                      @ DW_AT_decl_line
	.long	1224                    @ DW_AT_type
	.byte	20                      @ Abbrev [20] 0x36d:0xf DW_TAG_formal_parameter
	.long	.Ldebug_loc1            @ DW_AT_location
	.long	.Linfo_string88         @ DW_AT_name
	.byte	4                       @ DW_AT_decl_file
	.byte	47                      @ DW_AT_decl_line
	.long	1224                    @ DW_AT_type
	.byte	21                      @ Abbrev [21] 0x37c:0x1f DW_TAG_inlined_subroutine
	.long	785                     @ DW_AT_abstract_origin
	.long	.Ldebug_ranges0         @ DW_AT_ranges
	.byte	4                       @ DW_AT_call_file
	.byte	50                      @ DW_AT_call_line
	.byte	5                       @ DW_AT_call_column
	.byte	22                      @ Abbrev [22] 0x388:0x9 DW_TAG_formal_parameter
	.long	.Ldebug_loc3            @ DW_AT_location
	.long	795                     @ DW_AT_abstract_origin
	.byte	22                      @ Abbrev [22] 0x391:0x9 DW_TAG_formal_parameter
	.long	.Ldebug_loc2            @ DW_AT_location
	.long	807                     @ DW_AT_abstract_origin
	.byte	0                       @ End Of Children Mark
	.byte	23                      @ Abbrev [23] 0x39b:0x16 DW_TAG_inlined_subroutine
	.long	820                     @ DW_AT_abstract_origin
	.long	.Ltmp4                  @ DW_AT_low_pc
	.long	.Ltmp5                  @ DW_AT_high_pc
	.byte	4                       @ DW_AT_call_file
	.byte	51                      @ DW_AT_call_line
	.byte	5                       @ DW_AT_call_column
	.byte	24                      @ Abbrev [24] 0x3ab:0x5 DW_TAG_formal_parameter
	.long	830                     @ DW_AT_abstract_origin
	.byte	0                       @ End Of Children Mark
	.byte	0                       @ End Of Children Mark
	.byte	17                      @ Abbrev [17] 0x3b2:0x17 DW_TAG_subprogram
	.long	.Linfo_string76         @ DW_AT_name
	.byte	3                       @ DW_AT_decl_file
	.short	1562                    @ DW_AT_decl_line
	.byte	1                       @ DW_AT_prototyped
	.byte	1                       @ DW_AT_inline
	.byte	18                      @ Abbrev [18] 0x3bc:0xc DW_TAG_formal_parameter
	.long	.Linfo_string37         @ DW_AT_name
	.byte	3                       @ DW_AT_decl_file
	.short	1562                    @ DW_AT_decl_line
	.long	256                     @ DW_AT_type
	.byte	0                       @ End Of Children Mark
	.byte	19                      @ Abbrev [19] 0x3c9:0x3d DW_TAG_subprogram
	.long	.Lfunc_begin1           @ DW_AT_low_pc
	.long	.Lfunc_end1             @ DW_AT_high_pc
	.byte	1                       @ DW_AT_frame_base
	.byte	93
	.long	.Linfo_string78         @ DW_AT_name
	.byte	4                       @ DW_AT_decl_file
	.byte	60                      @ DW_AT_decl_line
	.byte	1                       @ DW_AT_prototyped
	.byte	1                       @ DW_AT_external
	.byte	20                      @ Abbrev [20] 0x3dc:0xf DW_TAG_formal_parameter
	.long	.Ldebug_loc4            @ DW_AT_location
	.long	.Linfo_string85         @ DW_AT_name
	.byte	4                       @ DW_AT_decl_file
	.byte	60                      @ DW_AT_decl_line
	.long	1224                    @ DW_AT_type
	.byte	23                      @ Abbrev [23] 0x3eb:0x1a DW_TAG_inlined_subroutine
	.long	946                     @ DW_AT_abstract_origin
	.long	.Ltmp10                 @ DW_AT_low_pc
	.long	.Ltmp12                 @ DW_AT_high_pc
	.byte	4                       @ DW_AT_call_file
	.byte	63                      @ DW_AT_call_line
	.byte	5                       @ DW_AT_call_column
	.byte	22                      @ Abbrev [22] 0x3fb:0x9 DW_TAG_formal_parameter
	.long	.Ldebug_loc5            @ DW_AT_location
	.long	956                     @ DW_AT_abstract_origin
	.byte	0                       @ End Of Children Mark
	.byte	0                       @ End Of Children Mark
	.byte	25                      @ Abbrev [25] 0x406:0x13 DW_TAG_subprogram
	.long	.Lfunc_begin2           @ DW_AT_low_pc
	.long	.Lfunc_end2             @ DW_AT_high_pc
	.byte	1                       @ DW_AT_frame_base
	.byte	93
	.long	.Linfo_string79         @ DW_AT_name
	.byte	4                       @ DW_AT_decl_file
	.byte	73                      @ DW_AT_decl_line
	.byte	1                       @ DW_AT_prototyped
	.byte	1                       @ DW_AT_external
	.byte	26                      @ Abbrev [26] 0x419:0x14 DW_TAG_subprogram
	.long	.Lfunc_begin3           @ DW_AT_low_pc
	.long	.Lfunc_end3             @ DW_AT_high_pc
	.byte	1                       @ DW_AT_frame_base
	.byte	93
	.long	.Linfo_string80         @ DW_AT_name
	.byte	3                       @ DW_AT_decl_file
	.short	1856                    @ DW_AT_decl_line
	.byte	1                       @ DW_AT_prototyped
	.byte	1                       @ DW_AT_noreturn
	.byte	19                      @ Abbrev [19] 0x42d:0x32 DW_TAG_subprogram
	.long	.Lfunc_begin4           @ DW_AT_low_pc
	.long	.Lfunc_end4             @ DW_AT_high_pc
	.byte	1                       @ DW_AT_frame_base
	.byte	93
	.long	.Linfo_string81         @ DW_AT_name
	.byte	4                       @ DW_AT_decl_file
	.byte	87                      @ DW_AT_decl_line
	.byte	1                       @ DW_AT_prototyped
	.byte	1                       @ DW_AT_external
	.byte	20                      @ Abbrev [20] 0x440:0xf DW_TAG_formal_parameter
	.long	.Ldebug_loc6            @ DW_AT_location
	.long	.Linfo_string89         @ DW_AT_name
	.byte	4                       @ DW_AT_decl_file
	.byte	87                      @ DW_AT_decl_line
	.long	267                     @ DW_AT_type
	.byte	20                      @ Abbrev [20] 0x44f:0xf DW_TAG_formal_parameter
	.long	.Ldebug_loc7            @ DW_AT_location
	.long	.Linfo_string90         @ DW_AT_name
	.byte	4                       @ DW_AT_decl_file
	.byte	87                      @ DW_AT_decl_line
	.long	267                     @ DW_AT_type
	.byte	0                       @ End Of Children Mark
	.byte	19                      @ Abbrev [19] 0x45f:0x23 DW_TAG_subprogram
	.long	.Lfunc_begin5           @ DW_AT_low_pc
	.long	.Lfunc_end5             @ DW_AT_high_pc
	.byte	1                       @ DW_AT_frame_base
	.byte	93
	.long	.Linfo_string82         @ DW_AT_name
	.byte	4                       @ DW_AT_decl_file
	.byte	103                     @ DW_AT_decl_line
	.byte	1                       @ DW_AT_prototyped
	.byte	1                       @ DW_AT_external
	.byte	20                      @ Abbrev [20] 0x472:0xf DW_TAG_formal_parameter
	.long	.Ldebug_loc8            @ DW_AT_location
	.long	.Linfo_string91         @ DW_AT_name
	.byte	4                       @ DW_AT_decl_file
	.byte	103                     @ DW_AT_decl_line
	.long	1224                    @ DW_AT_type
	.byte	0                       @ End Of Children Mark
	.byte	19                      @ Abbrev [19] 0x482:0x23 DW_TAG_subprogram
	.long	.Lfunc_begin6           @ DW_AT_low_pc
	.long	.Lfunc_end6             @ DW_AT_high_pc
	.byte	1                       @ DW_AT_frame_base
	.byte	93
	.long	.Linfo_string83         @ DW_AT_name
	.byte	4                       @ DW_AT_decl_file
	.byte	119                     @ DW_AT_decl_line
	.byte	1                       @ DW_AT_prototyped
	.byte	1                       @ DW_AT_external
	.byte	20                      @ Abbrev [20] 0x495:0xf DW_TAG_formal_parameter
	.long	.Ldebug_loc9            @ DW_AT_location
	.long	.Linfo_string91         @ DW_AT_name
	.byte	4                       @ DW_AT_decl_file
	.byte	119                     @ DW_AT_decl_line
	.long	1224                    @ DW_AT_type
	.byte	0                       @ End Of Children Mark
	.byte	19                      @ Abbrev [19] 0x4a5:0x23 DW_TAG_subprogram
	.long	.Lfunc_begin7           @ DW_AT_low_pc
	.long	.Lfunc_end7             @ DW_AT_high_pc
	.byte	1                       @ DW_AT_frame_base
	.byte	93
	.long	.Linfo_string84         @ DW_AT_name
	.byte	4                       @ DW_AT_decl_file
	.byte	133                     @ DW_AT_decl_line
	.byte	1                       @ DW_AT_prototyped
	.byte	1                       @ DW_AT_external
	.byte	20                      @ Abbrev [20] 0x4b8:0xf DW_TAG_formal_parameter
	.long	.Ldebug_loc10           @ DW_AT_location
	.long	.Linfo_string92         @ DW_AT_name
	.byte	4                       @ DW_AT_decl_file
	.byte	133                     @ DW_AT_decl_line
	.long	267                     @ DW_AT_type
	.byte	0                       @ End Of Children Mark
	.byte	5                       @ Abbrev [5] 0x4c8:0xb DW_TAG_typedef
	.long	1235                    @ DW_AT_type
	.long	.Linfo_string87         @ DW_AT_name
	.byte	2                       @ DW_AT_decl_file
	.byte	62                      @ DW_AT_decl_line
	.byte	4                       @ Abbrev [4] 0x4d3:0x7 DW_TAG_base_type
	.long	.Linfo_string86         @ DW_AT_name
	.byte	8                       @ DW_AT_encoding
	.byte	1                       @ DW_AT_byte_size
	.byte	0                       @ End Of Children Mark
.Ldebug_info_end0:
	.section	.debug_ranges,"",%progbits
.Ldebug_ranges0:
	.long	.Ltmp0
	.long	.Ltmp4
	.long	.Ltmp6
	.long	.Ltmp8
	.long	0
	.long	0
.Ldebug_ranges1:
	.long	.Lfunc_begin0
	.long	.Lfunc_end0
	.long	.Lfunc_begin1
	.long	.Lfunc_end1
	.long	.Lfunc_begin2
	.long	.Lfunc_end2
	.long	.Lfunc_begin3
	.long	.Lfunc_end3
	.long	.Lfunc_begin4
	.long	.Lfunc_end4
	.long	.Lfunc_begin5
	.long	.Lfunc_end5
	.long	.Lfunc_begin6
	.long	.Lfunc_end6
	.long	.Lfunc_begin7
	.long	.Lfunc_end7
	.long	0
	.long	0
	.ident	"Component: ARM Compiler 6.14 Tool: armclang [5db06c00]"
	.section	".note.GNU-stack","",%progbits
	.eabi_attribute	30, 4	@ Tag_ABI_optimization_goals
	.ARM_attribute	16, 1	@ Tag_AV_eba
	.section	.debug_line,"",%progbits
.Lline_table_start0:
