Component: ARM Compiler 6.14 Tool: armlink [5db06800]

==============================================================================

Section Cross References

    gd32e23x_adc.o(.text.adc_deinit) refers to gd32e23x_rcu.o(.text.rcu_periph_reset_enable) for rcu_periph_reset_enable
    gd32e23x_adc.o(.text.adc_deinit) refers to gd32e23x_rcu.o(.text.rcu_periph_reset_disable) for rcu_periph_reset_disable
    gd32e23x_adc.o(.ARM.exidx.text.adc_deinit) refers to gd32e23x_adc.o(.text.adc_deinit) for [Anonymous Symbol]
    gd32e23x_adc.o(.ARM.exidx.text.adc_enable) refers to gd32e23x_adc.o(.text.adc_enable) for [Anonymous Symbol]
    gd32e23x_adc.o(.ARM.exidx.text.adc_disable) refers to gd32e23x_adc.o(.text.adc_disable) for [Anonymous Symbol]
    gd32e23x_adc.o(.ARM.exidx.text.adc_calibration_enable) refers to gd32e23x_adc.o(.text.adc_calibration_enable) for [Anonymous Symbol]
    gd32e23x_adc.o(.ARM.exidx.text.adc_dma_mode_enable) refers to gd32e23x_adc.o(.text.adc_dma_mode_enable) for [Anonymous Symbol]
    gd32e23x_adc.o(.ARM.exidx.text.adc_dma_mode_disable) refers to gd32e23x_adc.o(.text.adc_dma_mode_disable) for [Anonymous Symbol]
    gd32e23x_adc.o(.ARM.exidx.text.adc_tempsensor_vrefint_enable) refers to gd32e23x_adc.o(.text.adc_tempsensor_vrefint_enable) for [Anonymous Symbol]
    gd32e23x_adc.o(.ARM.exidx.text.adc_tempsensor_vrefint_disable) refers to gd32e23x_adc.o(.text.adc_tempsensor_vrefint_disable) for [Anonymous Symbol]
    gd32e23x_adc.o(.ARM.exidx.text.adc_discontinuous_mode_config) refers to gd32e23x_adc.o(.text.adc_discontinuous_mode_config) for [Anonymous Symbol]
    gd32e23x_adc.o(.ARM.exidx.text.adc_special_function_config) refers to gd32e23x_adc.o(.text.adc_special_function_config) for [Anonymous Symbol]
    gd32e23x_adc.o(.ARM.exidx.text.adc_data_alignment_config) refers to gd32e23x_adc.o(.text.adc_data_alignment_config) for [Anonymous Symbol]
    gd32e23x_adc.o(.ARM.exidx.text.adc_channel_length_config) refers to gd32e23x_adc.o(.text.adc_channel_length_config) for [Anonymous Symbol]
    gd32e23x_adc.o(.ARM.exidx.text.adc_regular_channel_config) refers to gd32e23x_adc.o(.text.adc_regular_channel_config) for [Anonymous Symbol]
    gd32e23x_adc.o(.ARM.exidx.text.adc_inserted_channel_config) refers to gd32e23x_adc.o(.text.adc_inserted_channel_config) for [Anonymous Symbol]
    gd32e23x_adc.o(.ARM.exidx.text.adc_inserted_channel_offset_config) refers to gd32e23x_adc.o(.text.adc_inserted_channel_offset_config) for [Anonymous Symbol]
    gd32e23x_adc.o(.ARM.exidx.text.adc_external_trigger_config) refers to gd32e23x_adc.o(.text.adc_external_trigger_config) for [Anonymous Symbol]
    gd32e23x_adc.o(.ARM.exidx.text.adc_external_trigger_source_config) refers to gd32e23x_adc.o(.text.adc_external_trigger_source_config) for [Anonymous Symbol]
    gd32e23x_adc.o(.ARM.exidx.text.adc_software_trigger_enable) refers to gd32e23x_adc.o(.text.adc_software_trigger_enable) for [Anonymous Symbol]
    gd32e23x_adc.o(.ARM.exidx.text.adc_regular_data_read) refers to gd32e23x_adc.o(.text.adc_regular_data_read) for [Anonymous Symbol]
    gd32e23x_adc.o(.ARM.exidx.text.adc_inserted_data_read) refers to gd32e23x_adc.o(.text.adc_inserted_data_read) for [Anonymous Symbol]
    gd32e23x_adc.o(.ARM.exidx.text.adc_flag_get) refers to gd32e23x_adc.o(.text.adc_flag_get) for [Anonymous Symbol]
    gd32e23x_adc.o(.ARM.exidx.text.adc_flag_clear) refers to gd32e23x_adc.o(.text.adc_flag_clear) for [Anonymous Symbol]
    gd32e23x_adc.o(.ARM.exidx.text.adc_interrupt_flag_get) refers to gd32e23x_adc.o(.text.adc_interrupt_flag_get) for [Anonymous Symbol]
    gd32e23x_adc.o(.ARM.exidx.text.adc_interrupt_flag_clear) refers to gd32e23x_adc.o(.text.adc_interrupt_flag_clear) for [Anonymous Symbol]
    gd32e23x_adc.o(.ARM.exidx.text.adc_interrupt_enable) refers to gd32e23x_adc.o(.text.adc_interrupt_enable) for [Anonymous Symbol]
    gd32e23x_adc.o(.ARM.exidx.text.adc_interrupt_disable) refers to gd32e23x_adc.o(.text.adc_interrupt_disable) for [Anonymous Symbol]
    gd32e23x_adc.o(.ARM.exidx.text.adc_watchdog_single_channel_enable) refers to gd32e23x_adc.o(.text.adc_watchdog_single_channel_enable) for [Anonymous Symbol]
    gd32e23x_adc.o(.ARM.exidx.text.adc_watchdog_group_channel_enable) refers to gd32e23x_adc.o(.text.adc_watchdog_group_channel_enable) for [Anonymous Symbol]
    gd32e23x_adc.o(.ARM.exidx.text.adc_watchdog_disable) refers to gd32e23x_adc.o(.text.adc_watchdog_disable) for [Anonymous Symbol]
    gd32e23x_adc.o(.ARM.exidx.text.adc_watchdog_threshold_config) refers to gd32e23x_adc.o(.text.adc_watchdog_threshold_config) for [Anonymous Symbol]
    gd32e23x_adc.o(.ARM.exidx.text.adc_resolution_config) refers to gd32e23x_adc.o(.text.adc_resolution_config) for [Anonymous Symbol]
    gd32e23x_adc.o(.ARM.exidx.text.adc_oversample_mode_config) refers to gd32e23x_adc.o(.text.adc_oversample_mode_config) for [Anonymous Symbol]
[...]
    Removing gd32e23x_rtc.o(.ARM.exidx.text.rtc_hour_adjust), (8 bytes).
    Removing gd32e23x_rtc.o(.text.rtc_second_adjust), (72 bytes).
    Removing gd32e23x_rtc.o(.ARM.exidx.text.rtc_second_adjust), (8 bytes).
    Removing gd32e23x_rtc.o(.text.rtc_bypass_shadow_enable), (28 bytes).
    Removing gd32e23x_rtc.o(.ARM.exidx.text.rtc_bypass_shadow_enable), (8 bytes).
    Removing gd32e23x_rtc.o(.text.rtc_bypass_shadow_disable), (28 bytes).
    Removing gd32e23x_rtc.o(.ARM.exidx.text.rtc_bypass_shadow_disable), (8 bytes).
    Removing gd32e23x_rtc.o(.text.rtc_refclock_detection_enable), (44 bytes).
    Removing gd32e23x_rtc.o(.ARM.exidx.text.rtc_refclock_detection_enable), (8 bytes).
    Removing gd32e23x_rtc.o(.text.rtc_refclock_detection_disable), (44 bytes).
    Removing gd32e23x_rtc.o(.ARM.exidx.text.rtc_refclock_detection_disable), (8 bytes).
    Removing gd32e23x_spi.o(.text), (0 bytes).
    Removing gd32e23x_spi.o(.text.spi_i2s_deinit), (56 bytes).
    Removing gd32e23x_spi.o(.ARM.exidx.text.spi_i2s_deinit), (8 bytes).
    Removing gd32e23x_spi.o(.text.spi_struct_para_init), (20 bytes).
    Removing gd32e23x_spi.o(.ARM.exidx.text.spi_struct_para_init), (8 bytes).
    Removing gd32e23x_spi.o(.text.spi_init), (140 bytes).
    Removing gd32e23x_spi.o(.ARM.exidx.text.spi_init), (8 bytes).
    Removing gd32e23x_spi.o(.text.spi_enable), (10 bytes).
    Removing gd32e23x_spi.o(.ARM.exidx.text.spi_enable), (8 bytes).
    Removing gd32e23x_spi.o(.text.spi_disable), (10 bytes).
    Removing gd32e23x_spi.o(.ARM.exidx.text.spi_disable), (8 bytes).
    Removing gd32e23x_spi.o(.text.i2s_init), (28 bytes).
    Removing gd32e23x_spi.o(.ARM.exidx.text.i2s_init), (8 bytes).
    Removing gd32e23x_spi.o(.text.i2s_psc_config), (102 bytes).
    Removing gd32e23x_spi.o(.ARM.exidx.text.i2s_psc_config), (8 bytes).
    Removing gd32e23x_spi.o(.text.i2s_enable), (12 bytes).
    Removing gd32e23x_spi.o(.ARM.exidx.text.i2s_enable), (8 bytes).
    Removing gd32e23x_spi.o(.text.i2s_disable), (12 bytes).
    Removing gd32e23x_spi.o(.ARM.exidx.text.i2s_disable), (8 bytes).
    Removing gd32e23x_spi.o(.text.spi_nss_output_enable), (10 bytes).
    Removing gd32e23x_spi.o(.ARM.exidx.text.spi_nss_output_enable), (8 bytes).
    Removing gd32e23x_spi.o(.text.spi_nss_output_disable), (10 bytes).
    Removing gd32e23x_spi.o(.ARM.exidx.text.spi_nss_output_disable), (8 bytes).
    Removing gd32e23x_spi.o(.text.spi_nss_internal_high), (12 bytes).
    Removing gd32e23x_spi.o(.ARM.exidx.text.spi_nss_internal_high), (8 bytes).
    Removing gd32e23x_spi.o(.text.spi_nss_internal_low), (12 bytes).
    Removing gd32e23x_spi.o(.ARM.exidx.text.spi_nss_internal_low), (8 bytes).
    Removing gd32e23x_spi.o(.text.spi_dma_enable), (16 bytes).
    Removing gd32e23x_spi.o(.ARM.exidx.text.spi_dma_enable), (8 bytes).
    Removing gd32e23x_spi.o(.text.spi_dma_disable), (16 bytes).
    Removing gd32e23x_spi.o(.ARM.exidx.text.spi_dma_disable), (8 bytes).
    Removing gd32e23x_spi.o(.text.spi_i2s_data_frame_format_config), (68 bytes).
    Removing gd32e23x_spi.o(.ARM.exidx.text.spi_i2s_data_frame_format_config), (8 bytes).
    Removing gd32e23x_spi.o(.text.spi_i2s_data_transmit), (28 bytes).
    Removing gd32e23x_spi.o(.ARM.exidx.text.spi_i2s_data_transmit), (8 bytes).
    Removing gd32e23x_spi.o(.text.spi_i2s_data_receive), (32 bytes).
    Removing gd32e23x_spi.o(.ARM.exidx.text.spi_i2s_data_receive), (8 bytes).
    Removing gd32e23x_spi.o(.text.spi_bidirectional_transfer_config), (20 bytes).
    Removing gd32e23x_spi.o(.ARM.exidx.text.spi_bidirectional_transfer_config), (8 bytes).
    Removing gd32e23x_spi.o(.text.spi_crc_polynomial_set), (14 bytes).
    Removing gd32e23x_spi.o(.ARM.exidx.text.spi_crc_polynomial_set), (8 bytes).
    Removing gd32e23x_spi.o(.text.spi_crc_polynomial_get), (6 bytes).
    Removing gd32e23x_spi.o(.ARM.exidx.text.spi_crc_polynomial_get), (8 bytes).
    Removing gd32e23x_spi.o(.text.spi_crc_on), (12 bytes).
    Removing gd32e23x_spi.o(.ARM.exidx.text.spi_crc_on), (8 bytes).
    Removing gd32e23x_spi.o(.text.spi_crc_off), (12 bytes).
    Removing gd32e23x_spi.o(.ARM.exidx.text.spi_crc_off), (8 bytes).
    Removing gd32e23x_spi.o(.text.spi_crc_next), (12 bytes).
    Removing gd32e23x_spi.o(.ARM.exidx.text.spi_crc_next), (8 bytes).
    Removing gd32e23x_spi.o(.text.spi_crc_get), (14 bytes).
    Removing gd32e23x_spi.o(.ARM.exidx.text.spi_crc_get), (8 bytes).
    Removing gd32e23x_spi.o(.text.spi_ti_mode_enable), (10 bytes).
    Removing gd32e23x_spi.o(.ARM.exidx.text.spi_ti_mode_enable), (8 bytes).
    Removing gd32e23x_spi.o(.text.spi_ti_mode_disable), (10 bytes).
    Removing gd32e23x_spi.o(.ARM.exidx.text.spi_ti_mode_disable), (8 bytes).
    Removing gd32e23x_spi.o(.text.spi_nssp_mode_enable), (10 bytes).
    Removing gd32e23x_spi.o(.ARM.exidx.text.spi_nssp_mode_enable), (8 bytes).
    Removing gd32e23x_spi.o(.text.spi_nssp_mode_disable), (10 bytes).
    Removing gd32e23x_spi.o(.ARM.exidx.text.spi_nssp_mode_disable), (8 bytes).
    Removing gd32e23x_spi.o(.text.qspi_enable), (12 bytes).
    Removing gd32e23x_spi.o(.ARM.exidx.text.qspi_enable), (8 bytes).
    Removing gd32e23x_spi.o(.text.qspi_disable), (12 bytes).
    Removing gd32e23x_spi.o(.ARM.exidx.text.qspi_disable), (8 bytes).
    Removing gd32e23x_spi.o(.text.qspi_write_enable), (12 bytes).
    Removing gd32e23x_spi.o(.ARM.exidx.text.qspi_write_enable), (8 bytes).
    Removing gd32e23x_spi.o(.text.qspi_read_enable), (12 bytes).
    Removing gd32e23x_spi.o(.ARM.exidx.text.qspi_read_enable), (8 bytes).
    Removing gd32e23x_spi.o(.text.qspi_io23_output_enable), (12 bytes).
    Removing gd32e23x_spi.o(.ARM.exidx.text.qspi_io23_output_enable), (8 bytes).
    Removing gd32e23x_spi.o(.text.qspi_io23_output_disable), (12 bytes).
    Removing gd32e23x_spi.o(.ARM.exidx.text.qspi_io23_output_disable), (8 bytes).
    Removing gd32e23x_spi.o(.text.spi_i2s_interrupt_enable), (32 bytes).
    Removing gd32e23x_spi.o(.ARM.exidx.text.spi_i2s_interrupt_enable), (8 bytes).
    Removing gd32e23x_spi.o(.text.spi_i2s_interrupt_disable), (32 bytes).
    Removing gd32e23x_spi.o(.ARM.exidx.text.spi_i2s_interrupt_disable), (8 bytes).
    Removing gd32e23x_spi.o(.text.spi_i2s_interrupt_flag_get), (116 bytes).
    Removing gd32e23x_spi.o(.ARM.exidx.text.spi_i2s_interrupt_flag_get), (8 bytes).
    Removing gd32e23x_spi.o(.text.spi_i2s_flag_get), (40 bytes).
    Removing gd32e23x_spi.o(.ARM.exidx.text.spi_i2s_flag_get), (8 bytes).
    Removing gd32e23x_spi.o(.text.spi_crc_error_clear), (10 bytes).
    Removing gd32e23x_spi.o(.ARM.exidx.text.spi_crc_error_clear), (8 bytes).
    Removing gd32e23x_spi.o(.text.spi_fifo_access_size_config), (18 bytes).
    Removing gd32e23x_spi.o(.ARM.exidx.text.spi_fifo_access_size_config), (8 bytes).
    Removing gd32e23x_spi.o(.text.spi_transmit_odd_config), (18 bytes).
    Removing gd32e23x_spi.o(.ARM.exidx.text.spi_transmit_odd_config), (8 bytes).
    Removing gd32e23x_spi.o(.text.spi_receive_odd_config), (18 bytes).
    Removing gd32e23x_spi.o(.ARM.exidx.text.spi_receive_odd_config), (8 bytes).
    Removing gd32e23x_spi.o(.text.spi_crc_length_set), (18 bytes).
    Removing gd32e23x_spi.o(.ARM.exidx.text.spi_crc_length_set), (8 bytes).
    Removing gd32e23x_syscfg.o(.text), (0 bytes).
    Removing gd32e23x_syscfg.o(.text.syscfg_deinit), (24 bytes).
    Removing gd32e23x_syscfg.o(.ARM.exidx.text.syscfg_deinit), (8 bytes).
    Removing gd32e23x_syscfg.o(.text.syscfg_dma_remap_enable), (16 bytes).
    Removing gd32e23x_syscfg.o(.ARM.exidx.text.syscfg_dma_remap_enable), (8 bytes).
    Removing gd32e23x_syscfg.o(.text.syscfg_dma_remap_disable), (16 bytes).
    Removing gd32e23x_syscfg.o(.ARM.exidx.text.syscfg_dma_remap_disable), (8 bytes).
    Removing gd32e23x_syscfg.o(.text.syscfg_high_current_enable), (20 bytes).
    Removing gd32e23x_syscfg.o(.ARM.exidx.text.syscfg_high_current_enable), (8 bytes).
    Removing gd32e23x_syscfg.o(.text.syscfg_high_current_disable), (20 bytes).
    Removing gd32e23x_syscfg.o(.ARM.exidx.text.syscfg_high_current_disable), (8 bytes).
    Removing gd32e23x_syscfg.o(.text.syscfg_exti_line_config), (112 bytes).
    Removing gd32e23x_syscfg.o(.ARM.exidx.text.syscfg_exti_line_config), (8 bytes).
    Removing gd32e23x_syscfg.o(.text.syscfg_lock_config), (16 bytes).
    Removing gd32e23x_syscfg.o(.ARM.exidx.text.syscfg_lock_config), (8 bytes).
    Removing gd32e23x_syscfg.o(.text.irq_latency_set), (20 bytes).
    Removing gd32e23x_syscfg.o(.ARM.exidx.text.irq_latency_set), (8 bytes).
    Removing gd32e23x_syscfg.o(.text.syscfg_flag_get), (20 bytes).
    Removing gd32e23x_syscfg.o(.ARM.exidx.text.syscfg_flag_get), (8 bytes).
    Removing gd32e23x_syscfg.o(.text.syscfg_flag_clear), (16 bytes).
    Removing gd32e23x_syscfg.o(.ARM.exidx.text.syscfg_flag_clear), (8 bytes).
    Removing gd32e23x_timer.o(.text), (0 bytes).
    Removing gd32e23x_timer.o(.ARM.exidx.text.timer_deinit), (8 bytes).
    Removing gd32e23x_timer.o(.text.timer_struct_para_init), (20 bytes).
    Removing gd32e23x_timer.o(.ARM.exidx.text.timer_struct_para_init), (8 bytes).
    Removing gd32e23x_timer.o(.ARM.exidx.text.timer_init), (8 bytes).
    Removing gd32e23x_timer.o(.ARM.exidx.text.timer_enable), (8 bytes).
    Removing gd32e23x_timer.o(.text.timer_disable), (10 bytes).
    Removing gd32e23x_timer.o(.ARM.exidx.text.timer_disable), (8 bytes).
    Removing gd32e23x_timer.o(.ARM.exidx.text.timer_auto_reload_shadow_enable), (8 bytes).
    Removing gd32e23x_timer.o(.text.timer_auto_reload_shadow_disable), (10 bytes).
    Removing gd32e23x_timer.o(.ARM.exidx.text.timer_auto_reload_shadow_disable), (8 bytes).
    Removing gd32e23x_timer.o(.text.timer_update_event_enable), (10 bytes).
    Removing gd32e23x_timer.o(.ARM.exidx.text.timer_update_event_enable), (8 bytes).
    Removing gd32e23x_timer.o(.text.timer_update_event_disable), (10 bytes).
    Removing gd32e23x_timer.o(.ARM.exidx.text.timer_update_event_disable), (8 bytes).
    Removing gd32e23x_timer.o(.text.timer_counter_alignment), (16 bytes).
    Removing gd32e23x_timer.o(.ARM.exidx.text.timer_counter_alignment), (8 bytes).
    Removing gd32e23x_timer.o(.text.timer_counter_up_direction), (10 bytes).
    Removing gd32e23x_timer.o(.ARM.exidx.text.timer_counter_up_direction), (8 bytes).
    Removing gd32e23x_timer.o(.text.timer_counter_down_direction), (10 bytes).
    Removing gd32e23x_timer.o(.ARM.exidx.text.timer_counter_down_direction), (8 bytes).
    Removing gd32e23x_timer.o(.text.timer_prescaler_config), (16 bytes).
    Removing gd32e23x_timer.o(.ARM.exidx.text.timer_prescaler_config), (8 bytes).
    Removing gd32e23x_timer.o(.text.timer_repetition_value_config), (4 bytes).
    Removing gd32e23x_timer.o(.ARM.exidx.text.timer_repetition_value_config), (8 bytes).
    Removing gd32e23x_timer.o(.text.timer_autoreload_value_config), (4 bytes).
    Removing gd32e23x_timer.o(.ARM.exidx.text.timer_autoreload_value_config), (8 bytes).
    Removing gd32e23x_timer.o(.text.timer_counter_value_config), (4 bytes).
    Removing gd32e23x_timer.o(.ARM.exidx.text.timer_counter_value_config), (8 bytes).
    Removing gd32e23x_timer.o(.text.timer_counter_read), (4 bytes).
    Removing gd32e23x_timer.o(.ARM.exidx.text.timer_counter_read), (8 bytes).
    Removing gd32e23x_timer.o(.text.timer_prescaler_read), (6 bytes).
    Removing gd32e23x_timer.o(.ARM.exidx.text.timer_prescaler_read), (8 bytes).
    Removing gd32e23x_timer.o(.text.timer_single_pulse_mode_config), (26 bytes).
    Removing gd32e23x_timer.o(.ARM.exidx.text.timer_single_pulse_mode_config), (8 bytes).
    Removing gd32e23x_timer.o(.text.timer_update_source_config), (26 bytes).
    Removing gd32e23x_timer.o(.ARM.exidx.text.timer_update_source_config), (8 bytes).
    Removing gd32e23x_timer.o(.text.timer_ocpre_clear_source_config), (26 bytes).
    Removing gd32e23x_timer.o(.ARM.exidx.text.timer_ocpre_clear_source_config), (8 bytes).
    Removing gd32e23x_timer.o(.text.timer_interrupt_enable), (8 bytes).
    Removing gd32e23x_timer.o(.ARM.exidx.text.timer_interrupt_enable), (8 bytes).
    Removing gd32e23x_timer.o(.text.timer_interrupt_disable), (8 bytes).
    Removing gd32e23x_timer.o(.ARM.exidx.text.timer_interrupt_disable), (8 bytes).
    Removing gd32e23x_timer.o(.ARM.exidx.text.timer_interrupt_flag_get), (8 bytes).
    Removing gd32e23x_timer.o(.ARM.exidx.text.timer_interrupt_flag_clear), (8 bytes).
    Removing gd32e23x_timer.o(.text.timer_flag_get), (10 bytes).
    Removing gd32e23x_timer.o(.ARM.exidx.text.timer_flag_get), (8 bytes).
    Removing gd32e23x_timer.o(.text.timer_flag_clear), (6 bytes).
    Removing gd32e23x_timer.o(.ARM.exidx.text.timer_flag_clear), (8 bytes).
    Removing gd32e23x_timer.o(.text.timer_dma_enable), (8 bytes).
    Removing gd32e23x_timer.o(.ARM.exidx.text.timer_dma_enable), (8 bytes).
    Removing gd32e23x_timer.o(.text.timer_dma_disable), (8 bytes).
    Removing gd32e23x_timer.o(.ARM.exidx.text.timer_dma_disable), (8 bytes).
    Removing gd32e23x_timer.o(.text.timer_channel_dma_request_source_select), (26 bytes).
    Removing gd32e23x_timer.o(.ARM.exidx.text.timer_channel_dma_request_source_select), (8 bytes).
    Removing gd32e23x_timer.o(.text.timer_dma_transfer_config), (24 bytes).
    Removing gd32e23x_timer.o(.ARM.exidx.text.timer_dma_transfer_config), (8 bytes).
    Removing gd32e23x_timer.o(.text.timer_event_software_generate), (8 bytes).
    Removing gd32e23x_timer.o(.ARM.exidx.text.timer_event_software_generate), (8 bytes).
    Removing gd32e23x_timer.o(.text.timer_break_struct_para_init), (10 bytes).
    Removing gd32e23x_timer.o(.ARM.exidx.text.timer_break_struct_para_init), (8 bytes).
    Removing gd32e23x_timer.o(.text.timer_break_config), (30 bytes).
    Removing gd32e23x_timer.o(.ARM.exidx.text.timer_break_config), (8 bytes).
    Removing gd32e23x_timer.o(.text.timer_break_enable), (12 bytes).
    Removing gd32e23x_timer.o(.ARM.exidx.text.timer_break_enable), (8 bytes).
    Removing gd32e23x_timer.o(.text.timer_break_disable), (12 bytes).
    Removing gd32e23x_timer.o(.ARM.exidx.text.timer_break_disable), (8 bytes).
    Removing gd32e23x_timer.o(.text.timer_automatic_output_enable), (12 bytes).
    Removing gd32e23x_timer.o(.ARM.exidx.text.timer_automatic_output_enable), (8 bytes).
    Removing gd32e23x_timer.o(.text.timer_automatic_output_disable), (12 bytes).
    Removing gd32e23x_timer.o(.ARM.exidx.text.timer_automatic_output_disable), (8 bytes).
    Removing gd32e23x_timer.o(.text.timer_primary_output_config), (20 bytes).
    Removing gd32e23x_timer.o(.ARM.exidx.text.timer_primary_output_config), (8 bytes).
    Removing gd32e23x_timer.o(.text.timer_channel_control_shadow_config), (18 bytes).
    Removing gd32e23x_timer.o(.ARM.exidx.text.timer_channel_control_shadow_config), (8 bytes).
    Removing gd32e23x_timer.o(.text.timer_channel_control_shadow_update_config), (26 bytes).
    Removing gd32e23x_timer.o(.ARM.exidx.text.timer_channel_control_shadow_update_config), (8 bytes).
    Removing gd32e23x_timer.o(.text.timer_channel_output_struct_para_init), (10 bytes).
    Removing gd32e23x_timer.o(.ARM.exidx.text.timer_channel_output_struct_para_init), (8 bytes).
    Removing gd32e23x_timer.o(.ARM.exidx.text.timer_channel_output_config), (8 bytes).
    Removing gd32e23x_timer.o(.ARM.exidx.text.timer_channel_output_mode_config), (8 bytes).
    Removing gd32e23x_timer.o(.ARM.exidx.text.timer_channel_output_pulse_value_config), (8 bytes).
    Removing gd32e23x_timer.o(.ARM.exidx.text.timer_channel_output_shadow_config), (8 bytes).
    Removing gd32e23x_timer.o(.text.timer_channel_output_fast_config), (90 bytes).
    Removing gd32e23x_timer.o(.ARM.exidx.text.timer_channel_output_fast_config), (8 bytes).
    Removing gd32e23x_timer.o(.text.timer_channel_output_clear_config), (90 bytes).
    Removing gd32e23x_timer.o(.ARM.exidx.text.timer_channel_output_clear_config), (8 bytes).
    Removing gd32e23x_timer.o(.text.timer_channel_output_polarity_config), (90 bytes).
    Removing gd32e23x_timer.o(.ARM.exidx.text.timer_channel_output_polarity_config), (8 bytes).
    Removing gd32e23x_timer.o(.text.timer_channel_complementary_output_polarity_config), (90 bytes).
    Removing gd32e23x_timer.o(.ARM.exidx.text.timer_channel_complementary_output_polarity_config), (8 bytes).
    Removing gd32e23x_timer.o(.text.timer_channel_output_state_config), (90 bytes).
    Removing gd32e23x_timer.o(.ARM.exidx.text.timer_channel_output_state_config), (8 bytes).
    Removing gd32e23x_timer.o(.text.timer_channel_complementary_output_state_config), (54 bytes).
    Removing gd32e23x_timer.o(.ARM.exidx.text.timer_channel_complementary_output_state_config), (8 bytes).
    Removing gd32e23x_timer.o(.text.timer_channel_input_struct_para_init), (14 bytes).
    Removing gd32e23x_timer.o(.ARM.exidx.text.timer_channel_input_struct_para_init), (8 bytes).
    Removing gd32e23x_timer.o(.text.timer_input_capture_config), (316 bytes).
    Removing gd32e23x_timer.o(.ARM.exidx.text.timer_input_capture_config), (8 bytes).
    Removing gd32e23x_timer.o(.text.timer_channel_input_capture_prescaler_config), (90 bytes).
    Removing gd32e23x_timer.o(.ARM.exidx.text.timer_channel_input_capture_prescaler_config), (8 bytes).
    Removing gd32e23x_timer.o(.text.timer_channel_capture_value_register_read), (16 bytes).
    Removing gd32e23x_timer.o(.ARM.exidx.text.timer_channel_capture_value_register_read), (8 bytes).
    Removing gd32e23x_timer.o(.text.timer_input_pwm_capture_config), (352 bytes).
    Removing gd32e23x_timer.o(.ARM.exidx.text.timer_input_pwm_capture_config), (8 bytes).
    Removing gd32e23x_timer.o(.text.timer_hall_mode_config), (26 bytes).
    Removing gd32e23x_timer.o(.ARM.exidx.text.timer_hall_mode_config), (8 bytes).
    Removing gd32e23x_timer.o(.text.timer_input_trigger_source_select), (16 bytes).
    Removing gd32e23x_timer.o(.ARM.exidx.text.timer_input_trigger_source_select), (8 bytes).
    Removing gd32e23x_timer.o(.text.timer_master_output_trigger_source_select), (16 bytes).
    Removing gd32e23x_timer.o(.ARM.exidx.text.timer_master_output_trigger_source_select), (8 bytes).
    Removing gd32e23x_timer.o(.text.timer_slave_mode_select), (16 bytes).
    Removing gd32e23x_timer.o(.ARM.exidx.text.timer_slave_mode_select), (8 bytes).
    Removing gd32e23x_timer.o(.text.timer_master_slave_mode_config), (26 bytes).
    Removing gd32e23x_timer.o(.ARM.exidx.text.timer_master_slave_mode_config), (8 bytes).
    Removing gd32e23x_timer.o(.text.timer_external_trigger_config), (30 bytes).
    Removing gd32e23x_timer.o(.ARM.exidx.text.timer_external_trigger_config), (8 bytes).
    Removing gd32e23x_timer.o(.text.timer_quadrature_decoder_mode_config), (68 bytes).
    Removing gd32e23x_timer.o(.ARM.exidx.text.timer_quadrature_decoder_mode_config), (8 bytes).
    Removing gd32e23x_timer.o(.text.timer_internal_clock_config), (10 bytes).
    Removing gd32e23x_timer.o(.ARM.exidx.text.timer_internal_clock_config), (8 bytes).
    Removing gd32e23x_timer.o(.text.timer_internal_trigger_as_external_clock_config), (30 bytes).
    Removing gd32e23x_timer.o(.ARM.exidx.text.timer_internal_trigger_as_external_clock_config), (8 bytes).
    Removing gd32e23x_timer.o(.text.timer_external_trigger_as_external_clock_config), (148 bytes).
    Removing gd32e23x_timer.o(.ARM.exidx.text.timer_external_trigger_as_external_clock_config), (8 bytes).
    Removing gd32e23x_timer.o(.text.timer_external_clock_mode0_config), (24 bytes).
    Removing gd32e23x_timer.o(.ARM.exidx.text.timer_external_clock_mode0_config), (8 bytes).
    Removing gd32e23x_timer.o(.text.timer_external_clock_mode1_config), (20 bytes).
    Removing gd32e23x_timer.o(.ARM.exidx.text.timer_external_clock_mode1_config), (8 bytes).
    Removing gd32e23x_timer.o(.text.timer_external_clock_mode1_disable), (12 bytes).
    Removing gd32e23x_timer.o(.ARM.exidx.text.timer_external_clock_mode1_disable), (8 bytes).
    Removing gd32e23x_timer.o(.text.timer_channel_remap_config), (4 bytes).
    Removing gd32e23x_timer.o(.ARM.exidx.text.timer_channel_remap_config), (8 bytes).
    Removing gd32e23x_timer.o(.text.timer_write_chxval_register_config), (30 bytes).
    Removing gd32e23x_timer.o(.ARM.exidx.text.timer_write_chxval_register_config), (8 bytes).
    Removing gd32e23x_timer.o(.text.timer_output_value_selection_config), (30 bytes).
    Removing gd32e23x_timer.o(.ARM.exidx.text.timer_output_value_selection_config), (8 bytes).
    Removing gd32e23x_usart.o(.text), (0 bytes).
    Removing gd32e23x_usart.o(.text.usart_deinit), (56 bytes).
    Removing gd32e23x_usart.o(.ARM.exidx.text.usart_deinit), (8 bytes).
    Removing gd32e23x_usart.o(.text.usart_baudrate_set), (88 bytes).
    Removing gd32e23x_usart.o(.ARM.exidx.text.usart_baudrate_set), (8 bytes).
    Removing gd32e23x_usart.o(.text.usart_parity_config), (26 bytes).
    Removing gd32e23x_usart.o(.ARM.exidx.text.usart_parity_config), (8 bytes).
    Removing gd32e23x_usart.o(.text.usart_word_length_set), (26 bytes).
    Removing gd32e23x_usart.o(.ARM.exidx.text.usart_word_length_set), (8 bytes).
    Removing gd32e23x_usart.o(.text.usart_stop_bit_set), (26 bytes).
    Removing gd32e23x_usart.o(.ARM.exidx.text.usart_stop_bit_set), (8 bytes).
    Removing gd32e23x_usart.o(.text.usart_enable), (10 bytes).
    Removing gd32e23x_usart.o(.ARM.exidx.text.usart_enable), (8 bytes).
    Removing gd32e23x_usart.o(.text.usart_disable), (10 bytes).
    Removing gd32e23x_usart.o(.ARM.exidx.text.usart_disable), (8 bytes).
    Removing gd32e23x_usart.o(.text.usart_transmit_config), (16 bytes).
    Removing gd32e23x_usart.o(.ARM.exidx.text.usart_transmit_config), (8 bytes).
    Removing gd32e23x_usart.o(.text.usart_receive_config), (16 bytes).
    Removing gd32e23x_usart.o(.ARM.exidx.text.usart_receive_config), (8 bytes).
    Removing gd32e23x_usart.o(.text.usart_data_first_config), (26 bytes).
    Removing gd32e23x_usart.o(.ARM.exidx.text.usart_data_first_config), (8 bytes).
    Removing gd32e23x_usart.o(.text.usart_invert_config), (110 bytes).
    Removing gd32e23x_usart.o(.ARM.exidx.text.usart_invert_config), (8 bytes).
    Removing gd32e23x_usart.o(.text.usart_overrun_enable), (20 bytes).
    Removing gd32e23x_usart.o(.ARM.exidx.text.usart_overrun_enable), (8 bytes).
    Removing gd32e23x_usart.o(.text.usart_overrun_disable), (20 bytes).
    Removing gd32e23x_usart.o(.ARM.exidx.text.usart_overrun_disable), (8 bytes).
    Removing gd32e23x_usart.o(.text.usart_oversample_config), (26 bytes).
    Removing gd32e23x_usart.o(.ARM.exidx.text.usart_oversample_config), (8 bytes).
    Removing gd32e23x_usart.o(.text.usart_sample_bit_config), (26 bytes).
    Removing gd32e23x_usart.o(.ARM.exidx.text.usart_sample_bit_config), (8 bytes).
    Removing gd32e23x_usart.o(.text.usart_receiver_timeout_enable), (12 bytes).
    Removing gd32e23x_usart.o(.ARM.exidx.text.usart_receiver_timeout_enable), (8 bytes).
    Removing gd32e23x_usart.o(.text.usart_receiver_timeout_disable), (12 bytes).
    Removing gd32e23x_usart.o(.ARM.exidx.text.usart_receiver_timeout_disable), (8 bytes).
    Removing gd32e23x_usart.o(.text.usart_receiver_timeout_threshold_config), (18 bytes).
    Removing gd32e23x_usart.o(.ARM.exidx.text.usart_receiver_timeout_threshold_config), (8 bytes).
    Removing gd32e23x_usart.o(.text.usart_data_transmit), (12 bytes).
    Removing gd32e23x_usart.o(.ARM.exidx.text.usart_data_transmit), (8 bytes).
    Removing gd32e23x_usart.o(.text.usart_data_receive), (12 bytes).
    Removing gd32e23x_usart.o(.ARM.exidx.text.usart_data_receive), (8 bytes).
    Removing gd32e23x_usart.o(.text.usart_autobaud_detection_enable), (12 bytes).
    Removing gd32e23x_usart.o(.ARM.exidx.text.usart_autobaud_detection_enable), (8 bytes).
    Removing gd32e23x_usart.o(.text.usart_autobaud_detection_disable), (12 bytes).
    Removing gd32e23x_usart.o(.ARM.exidx.text.usart_autobaud_detection_disable), (8 bytes).
    Removing gd32e23x_usart.o(.text.usart_autobaud_detection_mode_config), (18 bytes).
    Removing gd32e23x_usart.o(.ARM.exidx.text.usart_autobaud_detection_mode_config), (8 bytes).
    Removing gd32e23x_usart.o(.text.usart_address_config), (28 bytes).
    Removing gd32e23x_usart.o(.ARM.exidx.text.usart_address_config), (8 bytes).
    Removing gd32e23x_usart.o(.text.usart_address_detection_mode_config), (26 bytes).
    Removing gd32e23x_usart.o(.ARM.exidx.text.usart_address_detection_mode_config), (8 bytes).
    Removing gd32e23x_usart.o(.text.usart_mute_mode_enable), (12 bytes).
    Removing gd32e23x_usart.o(.ARM.exidx.text.usart_mute_mode_enable), (8 bytes).
    Removing gd32e23x_usart.o(.text.usart_mute_mode_disable), (12 bytes).
    Removing gd32e23x_usart.o(.ARM.exidx.text.usart_mute_mode_disable), (8 bytes).
    Removing gd32e23x_usart.o(.text.usart_mute_mode_wakeup_config), (26 bytes).
    Removing gd32e23x_usart.o(.ARM.exidx.text.usart_mute_mode_wakeup_config), (8 bytes).
    Removing gd32e23x_usart.o(.text.usart_lin_mode_enable), (20 bytes).
    Removing gd32e23x_usart.o(.ARM.exidx.text.usart_lin_mode_enable), (8 bytes).
    Removing gd32e23x_usart.o(.text.usart_lin_mode_disable), (20 bytes).
    Removing gd32e23x_usart.o(.ARM.exidx.text.usart_lin_mode_disable), (8 bytes).
    Removing gd32e23x_usart.o(.text.usart_lin_break_detection_length_config), (26 bytes).
    Removing gd32e23x_usart.o(.ARM.exidx.text.usart_lin_break_detection_length_config), (8 bytes).
    Removing gd32e23x_usart.o(.text.usart_halfduplex_enable), (18 bytes).
    Removing gd32e23x_usart.o(.ARM.exidx.text.usart_halfduplex_enable), (8 bytes).
    Removing gd32e23x_usart.o(.text.usart_halfduplex_disable), (18 bytes).
    Removing gd32e23x_usart.o(.ARM.exidx.text.usart_halfduplex_disable), (8 bytes).
    Removing gd32e23x_usart.o(.text.usart_clock_enable), (20 bytes).
    Removing gd32e23x_usart.o(.ARM.exidx.text.usart_clock_enable), (8 bytes).
    Removing gd32e23x_usart.o(.text.usart_clock_disable), (20 bytes).
    Removing gd32e23x_usart.o(.ARM.exidx.text.usart_clock_disable), (8 bytes).
    Removing gd32e23x_usart.o(.text.usart_synchronous_clock_config), (58 bytes).
    Removing gd32e23x_usart.o(.ARM.exidx.text.usart_synchronous_clock_config), (8 bytes).
    Removing gd32e23x_usart.o(.text.usart_guard_time_config), (30 bytes).
    Removing gd32e23x_usart.o(.ARM.exidx.text.usart_guard_time_config), (8 bytes).
    Removing gd32e23x_usart.o(.text.usart_smartcard_mode_enable), (18 bytes).
    Removing gd32e23x_usart.o(.ARM.exidx.text.usart_smartcard_mode_enable), (8 bytes).
    Removing gd32e23x_usart.o(.text.usart_smartcard_mode_disable), (18 bytes).
    Removing gd32e23x_usart.o(.ARM.exidx.text.usart_smartcard_mode_disable), (8 bytes).
    Removing gd32e23x_usart.o(.text.usart_smartcard_mode_nack_enable), (18 bytes).
    Removing gd32e23x_usart.o(.ARM.exidx.text.usart_smartcard_mode_nack_enable), (8 bytes).
    Removing gd32e23x_usart.o(.text.usart_smartcard_mode_nack_disable), (18 bytes).
    Removing gd32e23x_usart.o(.ARM.exidx.text.usart_smartcard_mode_nack_disable), (8 bytes).
    Removing gd32e23x_usart.o(.text.usart_smartcard_mode_early_nack_enable), (12 bytes).
    Removing gd32e23x_usart.o(.ARM.exidx.text.usart_smartcard_mode_early_nack_enable), (8 bytes).
    Removing gd32e23x_usart.o(.text.usart_smartcard_mode_early_nack_disable), (12 bytes).
    Removing gd32e23x_usart.o(.ARM.exidx.text.usart_smartcard_mode_early_nack_disable), (8 bytes).
    Removing gd32e23x_usart.o(.text.usart_smartcard_autoretry_config), (30 bytes).
    Removing gd32e23x_usart.o(.ARM.exidx.text.usart_smartcard_autoretry_config), (8 bytes).
    Removing gd32e23x_usart.o(.text.usart_block_length_config), (20 bytes).
    Removing gd32e23x_usart.o(.ARM.exidx.text.usart_block_length_config), (8 bytes).
    Removing gd32e23x_usart.o(.text.usart_irda_mode_enable), (18 bytes).
    Removing gd32e23x_usart.o(.ARM.exidx.text.usart_irda_mode_enable), (8 bytes).
    Removing gd32e23x_usart.o(.text.usart_irda_mode_disable), (18 bytes).
    Removing gd32e23x_usart.o(.ARM.exidx.text.usart_irda_mode_disable), (8 bytes).
    Removing gd32e23x_usart.o(.text.usart_prescaler_config), (24 bytes).
    Removing gd32e23x_usart.o(.ARM.exidx.text.usart_prescaler_config), (8 bytes).
    Removing gd32e23x_usart.o(.text.usart_irda_lowpower_config), (26 bytes).
    Removing gd32e23x_usart.o(.ARM.exidx.text.usart_irda_lowpower_config), (8 bytes).
    Removing gd32e23x_usart.o(.text.usart_hardware_flow_rts_config), (26 bytes).
    Removing gd32e23x_usart.o(.ARM.exidx.text.usart_hardware_flow_rts_config), (8 bytes).
    Removing gd32e23x_usart.o(.text.usart_hardware_flow_cts_config), (26 bytes).
    Removing gd32e23x_usart.o(.ARM.exidx.text.usart_hardware_flow_cts_config), (8 bytes).
    Removing gd32e23x_usart.o(.text.usart_hardware_flow_coherence_config), (22 bytes).
    Removing gd32e23x_usart.o(.ARM.exidx.text.usart_hardware_flow_coherence_config), (8 bytes).
    Removing gd32e23x_usart.o(.text.usart_rs485_driver_enable), (20 bytes).
    Removing gd32e23x_usart.o(.ARM.exidx.text.usart_rs485_driver_enable), (8 bytes).
    Removing gd32e23x_usart.o(.text.usart_rs485_driver_disable), (20 bytes).
    Removing gd32e23x_usart.o(.ARM.exidx.text.usart_rs485_driver_disable), (8 bytes).
    Removing gd32e23x_usart.o(.text.usart_driver_assertime_config), (30 bytes).
    Removing gd32e23x_usart.o(.ARM.exidx.text.usart_driver_assertime_config), (8 bytes).
    Removing gd32e23x_usart.o(.text.usart_driver_deassertime_config), (30 bytes).
    Removing gd32e23x_usart.o(.ARM.exidx.text.usart_driver_deassertime_config), (8 bytes).
    Removing gd32e23x_usart.o(.text.usart_depolarity_config), (28 bytes).
    Removing gd32e23x_usart.o(.ARM.exidx.text.usart_depolarity_config), (8 bytes).
    Removing gd32e23x_usart.o(.text.usart_dma_receive_config), (16 bytes).
    Removing gd32e23x_usart.o(.ARM.exidx.text.usart_dma_receive_config), (8 bytes).
    Removing gd32e23x_usart.o(.text.usart_dma_transmit_config), (16 bytes).
    Removing gd32e23x_usart.o(.ARM.exidx.text.usart_dma_transmit_config), (8 bytes).
    Removing gd32e23x_usart.o(.text.usart_reception_error_dma_disable), (20 bytes).
    Removing gd32e23x_usart.o(.ARM.exidx.text.usart_reception_error_dma_disable), (8 bytes).
    Removing gd32e23x_usart.o(.text.usart_reception_error_dma_enable), (20 bytes).
    Removing gd32e23x_usart.o(.ARM.exidx.text.usart_reception_error_dma_enable), (8 bytes).
    Removing gd32e23x_usart.o(.text.usart_wakeup_enable), (10 bytes).
    Removing gd32e23x_usart.o(.ARM.exidx.text.usart_wakeup_enable), (8 bytes).
    Removing gd32e23x_usart.o(.text.usart_wakeup_disable), (10 bytes).
    Removing gd32e23x_usart.o(.ARM.exidx.text.usart_wakeup_disable), (8 bytes).
    Removing gd32e23x_usart.o(.text.usart_wakeup_mode_config), (28 bytes).
    Removing gd32e23x_usart.o(.ARM.exidx.text.usart_wakeup_mode_config), (8 bytes).
    Removing gd32e23x_usart.o(.text.usart_receive_fifo_enable), (14 bytes).
    Removing gd32e23x_usart.o(.ARM.exidx.text.usart_receive_fifo_enable), (8 bytes).
    Removing gd32e23x_usart.o(.text.usart_receive_fifo_disable), (14 bytes).
    Removing gd32e23x_usart.o(.ARM.exidx.text.usart_receive_fifo_disable), (8 bytes).
    Removing gd32e23x_usart.o(.text.usart_receive_fifo_counter_number), (10 bytes).
    Removing gd32e23x_usart.o(.ARM.exidx.text.usart_receive_fifo_counter_number), (8 bytes).
    Removing gd32e23x_usart.o(.text.usart_flag_get), (16 bytes).
    Removing gd32e23x_usart.o(.ARM.exidx.text.usart_flag_get), (8 bytes).
    Removing gd32e23x_usart.o(.text.usart_flag_clear), (16 bytes).
    Removing gd32e23x_usart.o(.ARM.exidx.text.usart_flag_clear), (8 bytes).
    Removing gd32e23x_usart.o(.text.usart_interrupt_enable), (18 bytes).
    Removing gd32e23x_usart.o(.ARM.exidx.text.usart_interrupt_enable), (8 bytes).
    Removing gd32e23x_usart.o(.text.usart_interrupt_disable), (18 bytes).
    Removing gd32e23x_usart.o(.ARM.exidx.text.usart_interrupt_disable), (8 bytes).
    Removing gd32e23x_usart.o(.text.usart_command_enable), (8 bytes).
    Removing gd32e23x_usart.o(.ARM.exidx.text.usart_command_enable), (8 bytes).
    Removing gd32e23x_usart.o(.text.usart_interrupt_flag_get), (30 bytes).
    Removing gd32e23x_usart.o(.ARM.exidx.text.usart_interrupt_flag_get), (8 bytes).
    Removing gd32e23x_usart.o(.text.usart_interrupt_flag_clear), (40 bytes).
    Removing gd32e23x_usart.o(.ARM.exidx.text.usart_interrupt_flag_clear), (8 bytes).
    Removing gd32e23x_wwdgt.o(.text), (0 bytes).
    Removing gd32e23x_wwdgt.o(.text.wwdgt_deinit), (28 bytes).
    Removing gd32e23x_wwdgt.o(.ARM.exidx.text.wwdgt_deinit), (8 bytes).
    Removing gd32e23x_wwdgt.o(.text.wwdgt_enable), (16 bytes).
    Removing gd32e23x_wwdgt.o(.ARM.exidx.text.wwdgt_enable), (8 bytes).
    Removing gd32e23x_wwdgt.o(.text.wwdgt_counter_update), (20 bytes).
    Removing gd32e23x_wwdgt.o(.ARM.exidx.text.wwdgt_counter_update), (8 bytes).
    Removing gd32e23x_wwdgt.o(.text.wwdgt_config), (40 bytes).
    Removing gd32e23x_wwdgt.o(.ARM.exidx.text.wwdgt_config), (8 bytes).
    Removing gd32e23x_wwdgt.o(.text.wwdgt_interrupt_enable), (20 bytes).
    Removing gd32e23x_wwdgt.o(.ARM.exidx.text.wwdgt_interrupt_enable), (8 bytes).
    Removing gd32e23x_wwdgt.o(.text.wwdgt_flag_get), (16 bytes).
    Removing gd32e23x_wwdgt.o(.ARM.exidx.text.wwdgt_flag_get), (8 bytes).
    Removing gd32e23x_wwdgt.o(.text.wwdgt_flag_clear), (16 bytes).
    Removing gd32e23x_wwdgt.o(.ARM.exidx.text.wwdgt_flag_clear), (8 bytes).
    Removing system_gd32e23x.o(.text), (0 bytes).
    Removing system_gd32e23x.o(.ARM.exidx.text.SystemInit), (8 bytes).
    Removing system_gd32e23x.o(.text.SystemCoreClockUpdate), (124 bytes).
    Removing system_gd32e23x.o(.ARM.exidx.text.SystemCoreClockUpdate), (8 bytes).
    Removing fuse.o(.text), (0 bytes).
    Removing fuse.o(.ARM.exidx.text.fuse_config), (8 bytes).
    Removing gd32e23x_it.o(.text), (0 bytes).
    Removing gd32e23x_it.o(.ARM.exidx.text.NMI_Handler), (8 bytes).
    Removing gd32e23x_it.o(.ARM.exidx.text.HardFault_Handler), (8 bytes).
    Removing gd32e23x_it.o(.text.MemManage_Handler), (2 bytes).
    Removing gd32e23x_it.o(.ARM.exidx.text.MemManage_Handler), (8 bytes).
    Removing gd32e23x_it.o(.text.BusFault_Handler), (2 bytes).
    Removing gd32e23x_it.o(.ARM.exidx.text.BusFault_Handler), (8 bytes).
    Removing gd32e23x_it.o(.text.UsageFault_Handler), (2 bytes).
    Removing gd32e23x_it.o(.ARM.exidx.text.UsageFault_Handler), (8 bytes).
    Removing gd32e23x_it.o(.ARM.exidx.text.SVC_Handler), (8 bytes).
    Removing gd32e23x_it.o(.text.DebugMon_Handler), (2 bytes).
    Removing gd32e23x_it.o(.ARM.exidx.text.DebugMon_Handler), (8 bytes).
    Removing gd32e23x_it.o(.ARM.exidx.text.PendSV_Handler), (8 bytes).
    Removing gd32e23x_it.o(.ARM.exidx.text.SysTick_Handler), (8 bytes).
    Removing gd32e23x_it.o(.ARM.exidx.text.TIMER2_IRQHandler), (8 bytes).
    Removing key.o(.text), (0 bytes).
    Removing key.o(.ARM.exidx.text.key_config), (8 bytes).
    Removing led.o(.text), (0 bytes).
    Removing led.o(.ARM.exidx.text.led_config), (8 bytes).
    Removing systick.o(.text), (0 bytes).
    Removing systick.o(.ARM.exidx.text.systick_config), (8 bytes).
    Removing systick.o(.ARM.exidx.text.delay_1ms), (8 bytes).
    Removing systick.o(.ARM.exidx.text.delay_decrement), (8 bytes).
    Removing timer.o(.text), (0 bytes).
    Removing timer.o(.ARM.exidx.text.timer_config), (8 bytes).
    Removing trigger.o(.text), (0 bytes).
    Removing trigger.o(.ARM.exidx.text.trigger_config), (8 bytes).
    Removing pwm.o(.text), (0 bytes).
    Removing pwm.o(.ARM.exidx.text.pwm_config), (8 bytes).
    Removing main.o(.text), (0 bytes).
    Removing main.o(.ARM.exidx.text.main), (8 bytes).
    Removing main.o(.ARM.use_no_argv), (4 bytes).

1015 unused section(s) (total 19102 bytes) removed from the image.

==============================================================================

Image Symbol Table

    Local Symbols

    Symbol Name                              Value     Ov Type        Size  Object(Section)

    ../clib/angel/boardlib.s                 0x00000000   Number         0  boardinit1.o ABSOLUTE
    ../clib/angel/boardlib.s                 0x00000000   Number         0  boardinit2.o ABSOLUTE
    ../clib/angel/boardlib.s                 0x00000000   Number         0  boardinit3.o ABSOLUTE
    ../clib/angel/boardlib.s                 0x00000000   Number         0  boardshut.o ABSOLUTE
    ../clib/angel/handlers.s                 0x00000000   Number         0  __scatter_copy.o ABSOLUTE
    ../clib/angel/handlers.s                 0x00000000   Number         0  __scatter_zi.o ABSOLUTE
    ../clib/angel/kernel.s                   0x00000000   Number         0  __rtentry.o ABSOLUTE
    ../clib/angel/kernel.s                   0x00000000   Number         0  __rtentry2.o ABSOLUTE
    ../clib/angel/kernel.s                   0x00000000   Number         0  __rtentry4.o ABSOLUTE
    ../clib/angel/kernel.s                   0x00000000   Number         0  rtexit.o ABSOLUTE
    ../clib/angel/kernel.s                   0x00000000   Number         0  rtexit2.o ABSOLUTE
    ../clib/angel/rt.s                       0x00000000   Number         0  rt_raise.o ABSOLUTE
    ../clib/angel/scatterp.s                 0x00000000   Number         0  __scatter.o ABSOLUTE
    ../clib/angel/startup.s                  0x00000000   Number         0  __main.o ABSOLUTE
    ../clib/angel/sys.s                      0x00000000   Number         0  sys_stackheap_outer.o ABSOLUTE
    ../clib/angel/sys.s                      0x00000000   Number         0  libspace.o ABSOLUTE
    ../clib/angel/sys.s                      0x00000000   Number         0  tempstk.o ABSOLUTE
    ../clib/angel/sys.s                      0x00000000   Number         0  use_no_semi.o ABSOLUTE
    ../clib/angel/sys.s                      0x00000000   Number         0  indicate_semi.o ABSOLUTE
    ../clib/angel/sysapp.c                   0x00000000   Number         0  sys_exit.o ABSOLUTE
    ../clib/angel/sysapp.c                   0x00000000   Number         0  sys_exit_hlt.o ABSOLUTE
    ../clib/angel/sysapp.c                   0x00000000   Number         0  sys_command.o ABSOLUTE
    ../clib/angel/sysapp.c                   0x00000000   Number         0  sys_command_hlt.o ABSOLUTE
    ../clib/angel/sysapp.c                   0x00000000   Number         0  sys_wrch.o ABSOLUTE
    ../clib/angel/sysapp.c                   0x00000000   Number         0  sys_wrch_hlt.o ABSOLUTE
    ../clib/armsys.c                         0x00000000   Number         0  argv_veneer.o ABSOLUTE
    ../clib/armsys.c                         0x00000000   Number         0  _get_argv_nomalloc.o ABSOLUTE
    ../clib/armsys.c                         0x00000000   Number         0  no_argv.o ABSOLUTE
    ../clib/heapalloc.c                      0x00000000   Number         0  hrguard.o ABSOLUTE
    ../clib/heapaux.c                        0x00000000   Number         0  heapauxi.o ABSOLUTE
    ../clib/libinit.s                        0x00000000   Number         0  libinit.o ABSOLUTE
    ../clib/libinit.s                        0x00000000   Number         0  libinit2.o ABSOLUTE
    ../clib/libinit.s                        0x00000000   Number         0  libshutdown.o ABSOLUTE
    ../clib/libinit.s                        0x00000000   Number         0  libshutdown2.o ABSOLUTE
    ../clib/memcpset.c                       0x00000000   Number         0  rt_memclr.o ABSOLUTE
    ../clib/signal.c                         0x00000000   Number         0  defsig_rtmem_outer.o ABSOLUTE
    ../clib/signal.c                         0x00000000   Number         0  defsig_rtmem_formal.o ABSOLUTE
    ../clib/signal.c                         0x00000000   Number         0  defsig_exit.o ABSOLUTE
    ../clib/signal.c                         0x00000000   Number         0  defsig_rtmem_inner.o ABSOLUTE
    ../clib/signal.c                         0x00000000   Number         0  __raise.o ABSOLUTE
    ../clib/signal.c                         0x00000000   Number         0  defsig_general.o ABSOLUTE
    ../clib/signal.c                         0x00000000   Number         0  defsig_abrt_inner.o ABSOLUTE
    ../clib/signal.c                         0x00000000   Number         0  defsig_fpe_inner.o ABSOLUTE
    ../clib/signal.c                         0x00000000   Number         0  defsig_rtred_inner.o ABSOLUTE
    ../clib/signal.c                         0x00000000   Number         0  defsig_stak_inner.o ABSOLUTE
    ../clib/signal.c                         0x00000000   Number         0  defsig_pvfn_inner.o ABSOLUTE
    ../clib/signal.c                         0x00000000   Number         0  defsig_cppl_inner.o ABSOLUTE
    ../clib/signal.c                         0x00000000   Number         0  defsig_segv_inner.o ABSOLUTE
    ../clib/signal.c                         0x00000000   Number         0  defsig_other.o ABSOLUTE
    ../clib/signal.s                         0x00000000   Number         0  defsig.o ABSOLUTE
    ../clib/stdlib.c                         0x00000000   Number         0  exit.o ABSOLUTE
    ../fplib/cfplib/fpinit.c                 0x00000000   Number         0  fpinit.o ABSOLUTE
    ..\Startup\startup_gd32e23x.s            0x00000000   Number         0  startup_gd32e23x.o ABSOLUTE
    dc.s                                     0x00000000   Number         0  dc.o ABSOLUTE
    fuse.c                                   0x00000000   Number         0  fuse.o ABSOLUTE
    gd32e23x_adc.c                           0x00000000   Number         0  gd32e23x_adc.o ABSOLUTE
    gd32e23x_cmp.c                           0x00000000   Number         0  gd32e23x_cmp.o ABSOLUTE
    gd32e23x_crc.c                           0x00000000   Number         0  gd32e23x_crc.o ABSOLUTE
    gd32e23x_dbg.c                           0x00000000   Number         0  gd32e23x_dbg.o ABSOLUTE
    gd32e23x_dma.c                           0x00000000   Number         0  gd32e23x_dma.o ABSOLUTE
    gd32e23x_exti.c                          0x00000000   Number         0  gd32e23x_exti.o ABSOLUTE
    gd32e23x_fmc.c                           0x00000000   Number         0  gd32e23x_fmc.o ABSOLUTE
    gd32e23x_fwdgt.c                         0x00000000   Number         0  gd32e23x_fwdgt.o ABSOLUTE
    gd32e23x_gpio.c                          0x00000000   Number         0  gd32e23x_gpio.o ABSOLUTE
    gd32e23x_i2c.c                           0x00000000   Number         0  gd32e23x_i2c.o ABSOLUTE
    gd32e23x_it.c                            0x00000000   Number         0  gd32e23x_it.o ABSOLUTE
    gd32e23x_misc.c                          0x00000000   Number         0  gd32e23x_misc.o ABSOLUTE
    gd32e23x_pmu.c                           0x00000000   Number         0  gd32e23x_pmu.o ABSOLUTE
    gd32e23x_rcu.c                           0x00000000   Number         0  gd32e23x_rcu.o ABSOLUTE
    gd32e23x_rtc.c                           0x00000000   Number         0  gd32e23x_rtc.o ABSOLUTE
    gd32e23x_spi.c                           0x00000000   Number         0  gd32e23x_spi.o ABSOLUTE
    gd32e23x_syscfg.c                        0x00000000   Number         0  gd32e23x_syscfg.o ABSOLUTE
    gd32e23x_timer.c                         0x00000000   Number         0  gd32e23x_timer.o ABSOLUTE
    gd32e23x_usart.c                         0x00000000   Number         0  gd32e23x_usart.o ABSOLUTE
    gd32e23x_wwdgt.c                         0x00000000   Number         0  gd32e23x_wwdgt.o ABSOLUTE
    key.c                                    0x00000000   Number         0  key.o ABSOLUTE
    led.c                                    0x00000000   Number         0  led.o ABSOLUTE
    main.c                                   0x00000000   Number         0  main.o ABSOLUTE
    pwm.c                                    0x00000000   Number         0  pwm.o ABSOLUTE
    system_gd32e23x.c                        0x00000000   Number         0  system_gd32e23x.o ABSOLUTE
    systick.c                                0x00000000   Number         0  systick.o ABSOLUTE
    timer.c                                  0x00000000   Number         0  timer.o ABSOLUTE
    trigger.c                                0x00000000   Number         0  trigger.o ABSOLUTE
    RESET                                    0x08000000   Section      204  startup_gd32e23x.o(RESET)
    !!!main                                  0x080000cc   Section        8  __main.o(!!!main)
    !!!scatter                               0x080000d4   Section       60  __scatter.o(!!!scatter)
    !!handler_copy                           0x08000110   Section       26  __scatter_copy.o(!!handler_copy)
    !!handler_zi                             0x0800012c   Section       28  __scatter_zi.o(!!handler_zi)
    .ARM.Collect$$libinit$$00000000          0x08000148   Section        2  libinit.o(.ARM.Collect$$libinit$$00000000)
    .ARM.Collect$$libinit$$00000002          0x0800014a   Section        0  libinit2.o(.ARM.Collect$$libinit$$00000002)
    .ARM.Collect$$libinit$$00000004          0x0800014a   Section        0  libinit2.o(.ARM.Collect$$libinit$$00000004)
    .ARM.Collect$$libinit$$0000000A          0x0800014a   Section        0  libinit2.o(.ARM.Collect$$libinit$$0000000A)
    .ARM.Collect$$libinit$$0000000C          0x0800014a   Section        0  libinit2.o(.ARM.Collect$$libinit$$0000000C)
    .ARM.Collect$$libinit$$0000000E          0x0800014a   Section        0  libinit2.o(.ARM.Collect$$libinit$$0000000E)
    .ARM.Collect$$libinit$$00000011          0x0800014a   Section        0  libinit2.o(.ARM.Collect$$libinit$$00000011)
    .ARM.Collect$$libinit$$00000013          0x0800014a   Section        0  libinit2.o(.ARM.Collect$$libinit$$00000013)
    .ARM.Collect$$libinit$$00000015          0x0800014a   Section        0  libinit2.o(.ARM.Collect$$libinit$$00000015)
    .ARM.Collect$$libinit$$00000017          0x0800014a   Section        0  libinit2.o(.ARM.Collect$$libinit$$00000017)
    .ARM.Collect$$libinit$$00000019          0x0800014a   Section        0  libinit2.o(.ARM.Collect$$libinit$$00000019)
    .ARM.Collect$$libinit$$0000001B          0x0800014a   Section        0  libinit2.o(.ARM.Collect$$libinit$$0000001B)
    .ARM.Collect$$libinit$$0000001D          0x0800014a   Section        0  libinit2.o(.ARM.Collect$$libinit$$0000001D)
    .ARM.Collect$$libinit$$0000001F          0x0800014a   Section        0  libinit2.o(.ARM.Collect$$libinit$$0000001F)
    .ARM.Collect$$libinit$$00000021          0x0800014a   Section        0  libinit2.o(.ARM.Collect$$libinit$$00000021)
    .ARM.Collect$$libinit$$00000023          0x0800014a   Section        0  libinit2.o(.ARM.Collect$$libinit$$00000023)
    .ARM.Collect$$libinit$$00000025          0x0800014a   Section        0  libinit2.o(.ARM.Collect$$libinit$$00000025)
    .ARM.Collect$$libinit$$0000002C          0x0800014a   Section        0  libinit2.o(.ARM.Collect$$libinit$$0000002C)
    .ARM.Collect$$libinit$$0000002E          0x0800014a   Section        0  libinit2.o(.ARM.Collect$$libinit$$0000002E)
    .ARM.Collect$$libinit$$00000030          0x0800014a   Section        0  libinit2.o(.ARM.Collect$$libinit$$00000030)
    .ARM.Collect$$libinit$$00000032          0x0800014a   Section        0  libinit2.o(.ARM.Collect$$libinit$$00000032)
    .ARM.Collect$$libinit$$00000033          0x0800014a   Section        2  libinit2.o(.ARM.Collect$$libinit$$00000033)
    .ARM.Collect$$libshutdown$$00000000      0x0800014c   Section        2  libshutdown.o(.ARM.Collect$$libshutdown$$00000000)
    .ARM.Collect$$libshutdown$$00000002      0x0800014e   Section        0  libshutdown2.o(.ARM.Collect$$libshutdown$$00000002)
    .ARM.Collect$$libshutdown$$00000004      0x0800014e   Section        0  libshutdown2.o(.ARM.Collect$$libshutdown$$00000004)
    .ARM.Collect$$libshutdown$$00000007      0x0800014e   Section        0  libshutdown2.o(.ARM.Collect$$libshutdown$$00000007)
    .ARM.Collect$$libshutdown$$0000000A      0x0800014e   Section        0  libshutdown2.o(.ARM.Collect$$libshutdown$$0000000A)
    .ARM.Collect$$libshutdown$$0000000C      0x0800014e   Section        0  libshutdown2.o(.ARM.Collect$$libshutdown$$0000000C)
    .ARM.Collect$$libshutdown$$0000000F      0x0800014e   Section        0  libshutdown2.o(.ARM.Collect$$libshutdown$$0000000F)
    .ARM.Collect$$libshutdown$$00000010      0x0800014e   Section        2  libshutdown2.o(.ARM.Collect$$libshutdown$$00000010)
    .ARM.Collect$$rtentry$$00000000          0x08000150   Section        0  __rtentry.o(.ARM.Collect$$rtentry$$00000000)
    .ARM.Collect$$rtentry$$00000002          0x08000150   Section        0  __rtentry2.o(.ARM.Collect$$rtentry$$00000002)
    .ARM.Collect$$rtentry$$00000004          0x08000150   Section        6  __rtentry4.o(.ARM.Collect$$rtentry$$00000004)
    .ARM.Collect$$rtentry$$00000009          0x08000156   Section        0  __rtentry2.o(.ARM.Collect$$rtentry$$00000009)
    .ARM.Collect$$rtentry$$0000000A          0x08000156   Section        4  __rtentry2.o(.ARM.Collect$$rtentry$$0000000A)
    .ARM.Collect$$rtentry$$0000000C          0x0800015a   Section        0  __rtentry2.o(.ARM.Collect$$rtentry$$0000000C)
    .ARM.Collect$$rtentry$$0000000D          0x0800015a   Section        8  __rtentry2.o(.ARM.Collect$$rtentry$$0000000D)
    .ARM.Collect$$rtexit$$00000000           0x08000162   Section        2  rtexit.o(.ARM.Collect$$rtexit$$00000000)
    .ARM.Collect$$rtexit$$00000002           0x08000164   Section        0  rtexit2.o(.ARM.Collect$$rtexit$$00000002)
    .ARM.Collect$$rtexit$$00000003           0x08000164   Section        4  rtexit2.o(.ARM.Collect$$rtexit$$00000003)
    .ARM.Collect$$rtexit$$00000004           0x08000168   Section        6  rtexit2.o(.ARM.Collect$$rtexit$$00000004)
    .text                                    0x08000170   Section       56  startup_gd32e23x.o(.text)
    .text                                    0x080001a8   Section        0  heapauxi.o(.text)
    .text                                    0x080001ae   Section       62  sys_stackheap_outer.o(.text)
    .text                                    0x080001ec   Section        0  exit.o(.text)
    .text                                    0x080001fc   Section        8  libspace.o(.text)
    .text                                    0x08000204   Section        0  sys_exit.o(.text)
    .text                                    0x08000210   Section        2  use_no_semi.o(.text)
    [Anonymous Symbol]                       0x08000212   Section        0  gd32e23x_it.o(.text.HardFault_Handler)
    .text                                    0x08000212   Section        0  indicate_semi.o(.text)
    [Anonymous Symbol]                       0x08000214   Section        0  gd32e23x_it.o(.text.NMI_Handler)
    [Anonymous Symbol]                       0x08000216   Section        0  gd32e23x_it.o(.text.PendSV_Handler)
    [Anonymous Symbol]                       0x08000218   Section        0  gd32e23x_it.o(.text.SVC_Handler)
    [Anonymous Symbol]                       0x0800021a   Section        0  gd32e23x_it.o(.text.SysTick_Handler)
    [Anonymous Symbol]                       0x08000220   Section        0  system_gd32e23x.o(.text.SystemInit)
    __arm_cp.0_0                             0x080002f0   Number         4  system_gd32e23x.o(.text.SystemInit)
    __arm_cp.0_1                             0x080002f4   Number         4  system_gd32e23x.o(.text.SystemInit)
    __arm_cp.0_2                             0x080002f8   Number         4  system_gd32e23x.o(.text.SystemInit)
    __arm_cp.0_3                             0x080002fc   Number         4  system_gd32e23x.o(.text.SystemInit)
    __arm_cp.0_4                             0x08000300   Number         4  system_gd32e23x.o(.text.SystemInit)
    __arm_cp.0_5                             0x08000304   Number         4  system_gd32e23x.o(.text.SystemInit)
    [Anonymous Symbol]                       0x08000308   Section        0  gd32e23x_it.o(.text.TIMER2_IRQHandler)
    [Anonymous Symbol]                       0x08000330   Section        0  systick.o(.text.delay_1ms)
    [Anonymous Symbol]                       0x0800033c   Section        0  systick.o(.text.delay_decrement)
    __arm_cp.2_0                             0x0800034c   Number         4  systick.o(.text.delay_decrement)
    [Anonymous Symbol]                       0x08000350   Section        0  fuse.o(.text.fuse_config)
    [Anonymous Symbol]                       0x08000388   Section        0  gd32e23x_gpio.o(.text.gpio_af_set)
    [Anonymous Symbol]                       0x080003de   Section        0  gd32e23x_gpio.o(.text.gpio_bit_reset)
    [Anonymous Symbol]                       0x080003e2   Section        0  gd32e23x_gpio.o(.text.gpio_bit_set)
    [Anonymous Symbol]                       0x080003e6   Section        0  gd32e23x_gpio.o(.text.gpio_bit_toggle)
    [Anonymous Symbol]                       0x080003ea   Section        0  gd32e23x_gpio.o(.text.gpio_input_bit_get)
    [Anonymous Symbol]                       0x080003f4   Section        0  gd32e23x_gpio.o(.text.gpio_input_port_get)
    [Anonymous Symbol]                       0x080003fa   Section        0  gd32e23x_gpio.o(.text.gpio_mode_set)
    [Anonymous Symbol]                       0x08000438   Section        0  gd32e23x_gpio.o(.text.gpio_output_options_set)
    [Anonymous Symbol]                       0x08000478   Section        0  key.o(.text.key_config)
    __arm_cp.0_0                             0x08000498   Number         4  key.o(.text.key_config)
    __arm_cp.0_1                             0x0800049c   Number         4  key.o(.text.key_config)
    [Anonymous Symbol]                       0x080004a0   Section        0  led.o(.text.led_config)
    [Anonymous Symbol]                       0x080004d4   Section        0  main.o(.text.main)
    __arm_cp.0_1                             0x08000670   Number         4  main.o(.text.main)
    __arm_cp.0_2                             0x08000674   Number         4  main.o(.text.main)
    __arm_cp.0_3                             0x08000678   Number         4  main.o(.text.main)
    __arm_cp.0_4                             0x0800067c   Number         4  main.o(.text.main)
    [Anonymous Symbol]                       0x08000680   Section        0  gd32e23x_misc.o(.text.nvic_vector_table_set)
    __arm_cp.4_0                             0x0800068c   Number         4  gd32e23x_misc.o(.text.nvic_vector_table_set)
    __arm_cp.4_1                             0x08000690   Number         4  gd32e23x_misc.o(.text.nvic_vector_table_set)
    [Anonymous Symbol]                       0x08000694   Section        0  pwm.o(.text.pwm_config)
    __arm_cp.0_0                             0x08000728   Number         4  pwm.o(.text.pwm_config)
    __arm_cp.0_1                             0x0800072c   Number         4  pwm.o(.text.pwm_config)
    __arm_cp.0_2                             0x08000730   Number         4  pwm.o(.text.pwm_config)
    __arm_cp.0_3                             0x08000734   Number         4  pwm.o(.text.pwm_config)
    __arm_cp.0_4                             0x08000738   Number         4  pwm.o(.text.pwm_config)
    [Anonymous Symbol]                       0x0800073c   Section        0  gd32e23x_rcu.o(.text.rcu_periph_clock_enable)
    [Anonymous Symbol]                       0x08000750   Section        0  gd32e23x_rcu.o(.text.rcu_periph_reset_disable)
    [Anonymous Symbol]                       0x08000764   Section        0  gd32e23x_rcu.o(.text.rcu_periph_reset_enable)
    __arm_cp.5_0                             0x08000778   Number         4  gd32e23x_rcu.o(.text.rcu_periph_reset_enable)
    [Anonymous Symbol]                       0x0800077c   Section        0  systick.o(.text.systick_config)
    __arm_cp.0_0                             0x080007bc   Number         4  systick.o(.text.systick_config)
    __arm_cp.0_1                             0x080007c0   Number         4  systick.o(.text.systick_config)
    __arm_cp.0_2                             0x080007c4   Number         4  systick.o(.text.systick_config)
    __arm_cp.0_3                             0x080007c8   Number         4  systick.o(.text.systick_config)
    [Anonymous Symbol]                       0x080007cc   Section        0  gd32e23x_timer.o(.text.timer_auto_reload_shadow_enable)
    [Anonymous Symbol]                       0x080007d8   Section        0  gd32e23x_timer.o(.text.timer_channel_output_config)
    __arm_cp.42_0                            0x080009f0   Number         4  gd32e23x_timer.o(.text.timer_channel_output_config)
    __arm_cp.42_3                            0x080009f4   Number         4  gd32e23x_timer.o(.text.timer_channel_output_config)
    __arm_cp.42_4                            0x080009f8   Number         4  gd32e23x_timer.o(.text.timer_channel_output_config)
    [Anonymous Symbol]                       0x080009fc   Section        0  gd32e23x_timer.o(.text.timer_channel_output_mode_config)
    [Anonymous Symbol]                       0x08000a56   Section        0  gd32e23x_timer.o(.text.timer_channel_output_pulse_value_config)
    [Anonymous Symbol]                       0x08000a64   Section        0  gd32e23x_timer.o(.text.timer_channel_output_shadow_config)
    [Anonymous Symbol]                       0x08000ac0   Section        0  timer.o(.text.timer_config)
    __arm_cp.0_0                             0x08000b60   Number         4  timer.o(.text.timer_config)
    __arm_cp.0_1                             0x08000b64   Number         4  timer.o(.text.timer_config)
    __arm_cp.0_2                             0x08000b68   Number         4  timer.o(.text.timer_config)
    [Anonymous Symbol]                       0x08000b6c   Section        0  gd32e23x_timer.o(.text.timer_deinit)
    __arm_cp.0_0                             0x08000bc4   Number         4  gd32e23x_timer.o(.text.timer_deinit)
    __arm_cp.0_2                             0x08000bc8   Number         4  gd32e23x_timer.o(.text.timer_deinit)
    [Anonymous Symbol]                       0x08000bcc   Section        0  gd32e23x_timer.o(.text.timer_enable)
    [Anonymous Symbol]                       0x08000bd8   Section        0  gd32e23x_timer.o(.text.timer_init)
    __arm_cp.2_0                             0x08000c60   Number         4  gd32e23x_timer.o(.text.timer_init)
    __arm_cp.2_1                             0x08000c64   Number         4  gd32e23x_timer.o(.text.timer_init)
    __arm_cp.2_2                             0x08000c68   Number         4  gd32e23x_timer.o(.text.timer_init)
    __arm_cp.2_3                             0x08000c6c   Number         4  gd32e23x_timer.o(.text.timer_init)
    __arm_cp.2_4                             0x08000c70   Number         4  gd32e23x_timer.o(.text.timer_init)
    __arm_cp.2_5                             0x08000c74   Number         4  gd32e23x_timer.o(.text.timer_init)
    __arm_cp.2_6                             0x08000c78   Number         4  gd32e23x_timer.o(.text.timer_init)
    [Anonymous Symbol]                       0x08000c7c   Section        0  gd32e23x_timer.o(.text.timer_interrupt_flag_clear)
    [Anonymous Symbol]                       0x08000c82   Section        0  gd32e23x_timer.o(.text.timer_interrupt_flag_get)
    [Anonymous Symbol]                       0x08000c98   Section        0  trigger.o(.text.trigger_config)
    __arm_cp.0_0                             0x08000cb8   Number         4  trigger.o(.text.trigger_config)
    .bss                                     0x20000008   Section       96  libspace.o(.bss)
    delay                                    0x20000068   Data           4  systick.o(.bss.delay)
    [Anonymous Symbol]                       0x20000068   Section        0  systick.o(.bss.delay)
    Heap_Mem                                 0x20000070   Data        1024  startup_gd32e23x.o(HEAP)
    HEAP                                     0x20000070   Section     1024  startup_gd32e23x.o(HEAP)
    Stack_Mem                                0x20000470   Data        1024  startup_gd32e23x.o(STACK)
    STACK                                    0x20000470   Section     1024  startup_gd32e23x.o(STACK)
    __initial_sp                             0x20000870   Data           0  startup_gd32e23x.o(STACK)

    Global Symbols

    Symbol Name                              Value     Ov Type        Size  Object(Section)

    BuildAttributes$$THM_ISAv3M$S$8M$PE$A:L22$X:L11$S22$IEEE1$IW$~IW$USESV6$~STKCKD$USESV7$~SHL$OSPACE$ROPI$EBA8$UX$STANDARDLIB$REQ8$PRES8$EABIv2 0x00000000   Number         0  anon$$obj.o ABSOLUTE
    __ARM_exceptions_init                     - Undefined Weak Reference
    __alloca_initialize                       - Undefined Weak Reference
    __arm_preinit_                            - Undefined Weak Reference
    __cpp_initialize__aeabi_                  - Undefined Weak Reference
    __cxa_finalize                            - Undefined Weak Reference
    __rt_locale                               - Undefined Weak Reference
    __sigvec_lookup                           - Undefined Weak Reference
    _atexit_init                              - Undefined Weak Reference
    _call_atexit_fns                          - Undefined Weak Reference
    _clock_init                               - Undefined Weak Reference
    _fp_trap_init                             - Undefined Weak Reference
    _fp_trap_shutdown                         - Undefined Weak Reference
    _get_lc_collate                           - Undefined Weak Reference
    _get_lc_ctype                             - Undefined Weak Reference
    _get_lc_monetary                          - Undefined Weak Reference
    _get_lc_numeric                           - Undefined Weak Reference
    _get_lc_time                              - Undefined Weak Reference
    _getenv_init                              - Undefined Weak Reference
    _handle_redirection                       - Undefined Weak Reference
    _init_alloc                               - Undefined Weak Reference
    _init_user_alloc                          - Undefined Weak Reference
    _initio                                   - Undefined Weak Reference
    _rand_init                                - Undefined Weak Reference
    _signal_finish                            - Undefined Weak Reference
    _signal_init                              - Undefined Weak Reference
    _terminate_alloc                          - Undefined Weak Reference
    _terminate_user_alloc                     - Undefined Weak Reference
    _terminateio                              - Undefined Weak Reference
    __Vectors_Size                           0x000000cc   Number         0  startup_gd32e23x.o ABSOLUTE
    __Vectors                                0x08000000   Data           4  startup_gd32e23x.o(RESET)
    __Vectors_End                            0x080000cc   Data           0  startup_gd32e23x.o(RESET)
    __main                                   0x080000cd   Thumb Code     8  __main.o(!!!main)
    __scatterload                            0x080000d5   Thumb Code     0  __scatter.o(!!!scatter)
    __scatterload_rt2                        0x080000d5   Thumb Code    52  __scatter.o(!!!scatter)
    __scatterload_rt2_thumb_only             0x080000d5   Thumb Code     0  __scatter.o(!!!scatter)
    __scatterload_null                       0x080000e5   Thumb Code     0  __scatter.o(!!!scatter)
    __scatterload_copy                       0x08000111   Thumb Code    26  __scatter_copy.o(!!handler_copy)
    __scatterload_zeroinit                   0x0800012d   Thumb Code    28  __scatter_zi.o(!!handler_zi)
    __rt_lib_init                            0x08000149   Thumb Code     0  libinit.o(.ARM.Collect$$libinit$$00000000)
    __rt_lib_init_alloca_1                   0x0800014b   Thumb Code     0  libinit2.o(.ARM.Collect$$libinit$$0000002E)
    __rt_lib_init_argv_1                     0x0800014b   Thumb Code     0  libinit2.o(.ARM.Collect$$libinit$$0000002C)
    __rt_lib_init_atexit_1                   0x0800014b   Thumb Code     0  libinit2.o(.ARM.Collect$$libinit$$0000001B)
    __rt_lib_init_clock_1                    0x0800014b   Thumb Code     0  libinit2.o(.ARM.Collect$$libinit$$00000021)
    __rt_lib_init_cpp_1                      0x0800014b   Thumb Code     0  libinit2.o(.ARM.Collect$$libinit$$00000032)
    __rt_lib_init_exceptions_1               0x0800014b   Thumb Code     0  libinit2.o(.ARM.Collect$$libinit$$00000030)
    __rt_lib_init_fp_1                       0x0800014b   Thumb Code     0  libinit2.o(.ARM.Collect$$libinit$$00000002)
    __rt_lib_init_fp_trap_1                  0x0800014b   Thumb Code     0  libinit2.o(.ARM.Collect$$libinit$$0000001F)
    __rt_lib_init_getenv_1                   0x0800014b   Thumb Code     0  libinit2.o(.ARM.Collect$$libinit$$00000023)
    __rt_lib_init_heap_1                     0x0800014b   Thumb Code     0  libinit2.o(.ARM.Collect$$libinit$$0000000A)
    __rt_lib_init_lc_collate_1               0x0800014b   Thumb Code     0  libinit2.o(.ARM.Collect$$libinit$$00000011)
    __rt_lib_init_lc_ctype_1                 0x0800014b   Thumb Code     0  libinit2.o(.ARM.Collect$$libinit$$00000013)
    __rt_lib_init_lc_monetary_1              0x0800014b   Thumb Code     0  libinit2.o(.ARM.Collect$$libinit$$00000015)
    __rt_lib_init_lc_numeric_1               0x0800014b   Thumb Code     0  libinit2.o(.ARM.Collect$$libinit$$00000017)
    __rt_lib_init_lc_time_1                  0x0800014b   Thumb Code     0  libinit2.o(.ARM.Collect$$libinit$$00000019)
    __rt_lib_init_preinit_1                  0x0800014b   Thumb Code     0  libinit2.o(.ARM.Collect$$libinit$$00000004)
    __rt_lib_init_rand_1                     0x0800014b   Thumb Code     0  libinit2.o(.ARM.Collect$$libinit$$0000000E)
    __rt_lib_init_return                     0x0800014b   Thumb Code     0  libinit2.o(.ARM.Collect$$libinit$$00000033)
    __rt_lib_init_signal_1                   0x0800014b   Thumb Code     0  libinit2.o(.ARM.Collect$$libinit$$0000001D)
    __rt_lib_init_stdio_1                    0x0800014b   Thumb Code     0  libinit2.o(.ARM.Collect$$libinit$$00000025)
    __rt_lib_init_user_alloc_1               0x0800014b   Thumb Code     0  libinit2.o(.ARM.Collect$$libinit$$0000000C)
    __rt_lib_shutdown                        0x0800014d   Thumb Code     0  libshutdown.o(.ARM.Collect$$libshutdown$$00000000)
    __rt_lib_shutdown_cpp_1                  0x0800014f   Thumb Code     0  libshutdown2.o(.ARM.Collect$$libshutdown$$00000002)
    __rt_lib_shutdown_fp_trap_1              0x0800014f   Thumb Code     0  libshutdown2.o(.ARM.Collect$$libshutdown$$00000007)
    __rt_lib_shutdown_heap_1                 0x0800014f   Thumb Code     0  libshutdown2.o(.ARM.Collect$$libshutdown$$0000000F)
    __rt_lib_shutdown_return                 0x0800014f   Thumb Code     0  libshutdown2.o(.ARM.Collect$$libshutdown$$00000010)
    __rt_lib_shutdown_signal_1               0x0800014f   Thumb Code     0  libshutdown2.o(.ARM.Collect$$libshutdown$$0000000A)
    __rt_lib_shutdown_stdio_1                0x0800014f   Thumb Code     0  libshutdown2.o(.ARM.Collect$$libshutdown$$00000004)
    __rt_lib_shutdown_user_alloc_1           0x0800014f   Thumb Code     0  libshutdown2.o(.ARM.Collect$$libshutdown$$0000000C)
    __rt_entry                               0x08000151   Thumb Code     0  __rtentry.o(.ARM.Collect$$rtentry$$00000000)
    __rt_entry_presh_1                       0x08000151   Thumb Code     0  __rtentry2.o(.ARM.Collect$$rtentry$$00000002)
    __rt_entry_sh                            0x08000151   Thumb Code     0  __rtentry4.o(.ARM.Collect$$rtentry$$00000004)
    __rt_entry_li                            0x08000157   Thumb Code     0  __rtentry2.o(.ARM.Collect$$rtentry$$0000000A)
    __rt_entry_postsh_1                      0x08000157   Thumb Code     0  __rtentry2.o(.ARM.Collect$$rtentry$$00000009)
    __rt_entry_main                          0x0800015b   Thumb Code     0  __rtentry2.o(.ARM.Collect$$rtentry$$0000000D)
    __rt_entry_postli_1                      0x0800015b   Thumb Code     0  __rtentry2.o(.ARM.Collect$$rtentry$$0000000C)
    __rt_exit                                0x08000163   Thumb Code     0  rtexit.o(.ARM.Collect$$rtexit$$00000000)
    __rt_exit_ls                             0x08000165   Thumb Code     0  rtexit2.o(.ARM.Collect$$rtexit$$00000003)
    __rt_exit_prels_1                        0x08000165   Thumb Code     0  rtexit2.o(.ARM.Collect$$rtexit$$00000002)
    __rt_exit_exit                           0x08000169   Thumb Code     0  rtexit2.o(.ARM.Collect$$rtexit$$00000004)
    Reset_Handler                            0x08000171   Thumb Code     8  startup_gd32e23x.o(.text)
    ADC_CMP_IRQHandler                       0x08000183   Thumb Code     0  startup_gd32e23x.o(.text)
    DMA_Channel0_IRQHandler                  0x08000183   Thumb Code     0  startup_gd32e23x.o(.text)
    DMA_Channel1_2_IRQHandler                0x08000183   Thumb Code     0  startup_gd32e23x.o(.text)
    DMA_Channel3_4_IRQHandler                0x08000183   Thumb Code     0  startup_gd32e23x.o(.text)
    EXTI0_1_IRQHandler                       0x08000183   Thumb Code     0  startup_gd32e23x.o(.text)
    EXTI2_3_IRQHandler                       0x08000183   Thumb Code     0  startup_gd32e23x.o(.text)
    EXTI4_15_IRQHandler                      0x08000183   Thumb Code     0  startup_gd32e23x.o(.text)
    FMC_IRQHandler                           0x08000183   Thumb Code     0  startup_gd32e23x.o(.text)
    I2C0_ER_IRQHandler                       0x08000183   Thumb Code     0  startup_gd32e23x.o(.text)
    I2C0_EV_IRQHandler                       0x08000183   Thumb Code     0  startup_gd32e23x.o(.text)
    I2C1_ER_IRQHandler                       0x08000183   Thumb Code     0  startup_gd32e23x.o(.text)
    I2C1_EV_IRQHandler                       0x08000183   Thumb Code     0  startup_gd32e23x.o(.text)
    LVD_IRQHandler                           0x08000183   Thumb Code     0  startup_gd32e23x.o(.text)
    RCU_IRQHandler                           0x08000183   Thumb Code     0  startup_gd32e23x.o(.text)
    RTC_IRQHandler                           0x08000183   Thumb Code     0  startup_gd32e23x.o(.text)
    SPI0_IRQHandler                          0x08000183   Thumb Code     0  startup_gd32e23x.o(.text)
    SPI1_IRQHandler                          0x08000183   Thumb Code     0  startup_gd32e23x.o(.text)
    TIMER0_BRK_UP_TRG_COM_IRQHandler         0x08000183   Thumb Code     0  startup_gd32e23x.o(.text)
    TIMER0_Channel_IRQHandler                0x08000183   Thumb Code     0  startup_gd32e23x.o(.text)
    TIMER13_IRQHandler                       0x08000183   Thumb Code     0  startup_gd32e23x.o(.text)
    TIMER14_IRQHandler                       0x08000183   Thumb Code     0  startup_gd32e23x.o(.text)
    TIMER15_IRQHandler                       0x08000183   Thumb Code     0  startup_gd32e23x.o(.text)
    TIMER16_IRQHandler                       0x08000183   Thumb Code     0  startup_gd32e23x.o(.text)
    TIMER5_IRQHandler                        0x08000183   Thumb Code     0  startup_gd32e23x.o(.text)
    USART0_IRQHandler                        0x08000183   Thumb Code     0  startup_gd32e23x.o(.text)
    USART1_IRQHandler                        0x08000183   Thumb Code     0  startup_gd32e23x.o(.text)
    WWDGT_IRQHandler                         0x08000183   Thumb Code     0  startup_gd32e23x.o(.text)
    __user_initial_stackheap                 0x08000185   Thumb Code    10  startup_gd32e23x.o(.text)
    __use_two_region_memory                  0x080001a9   Thumb Code     2  heapauxi.o(.text)
    __rt_heap_escrow$2region                 0x080001ab   Thumb Code     2  heapauxi.o(.text)
    __rt_heap_expand$2region                 0x080001ad   Thumb Code     2  heapauxi.o(.text)
    __user_setup_stackheap                   0x080001af   Thumb Code    62  sys_stackheap_outer.o(.text)
    exit                                     0x080001ed   Thumb Code    16  exit.o(.text)
    __user_libspace                          0x080001fd   Thumb Code     8  libspace.o(.text)
    __user_perproc_libspace                  0x080001fd   Thumb Code     0  libspace.o(.text)
    __user_perthread_libspace                0x080001fd   Thumb Code     0  libspace.o(.text)
    _sys_exit                                0x08000205   Thumb Code     8  sys_exit.o(.text)
    __I$use$semihosting                      0x08000211   Thumb Code     0  use_no_semi.o(.text)
    __use_no_semihosting_swi                 0x08000211   Thumb Code     2  use_no_semi.o(.text)
    HardFault_Handler                        0x08000213   Thumb Code     2  gd32e23x_it.o(.text.HardFault_Handler)
    __semihosting_library_function           0x08000213   Thumb Code     0  indicate_semi.o(.text)
    NMI_Handler                              0x08000215   Thumb Code     2  gd32e23x_it.o(.text.NMI_Handler)
    PendSV_Handler                           0x08000217   Thumb Code     2  gd32e23x_it.o(.text.PendSV_Handler)
    SVC_Handler                              0x08000219   Thumb Code     2  gd32e23x_it.o(.text.SVC_Handler)
    SysTick_Handler                          0x0800021b   Thumb Code     4  gd32e23x_it.o(.text.SysTick_Handler)
    SystemInit                               0x08000221   Thumb Code   232  system_gd32e23x.o(.text.SystemInit)
    TIMER2_IRQHandler                        0x08000309   Thumb Code    40  gd32e23x_it.o(.text.TIMER2_IRQHandler)
    delay_1ms                                0x08000331   Thumb Code    12  systick.o(.text.delay_1ms)
    delay_decrement                          0x0800033d   Thumb Code    20  systick.o(.text.delay_decrement)
    fuse_config                              0x08000351   Thumb Code    56  fuse.o(.text.fuse_config)
    gpio_af_set                              0x08000389   Thumb Code    86  gd32e23x_gpio.o(.text.gpio_af_set)
    gpio_bit_reset                           0x080003df   Thumb Code     4  gd32e23x_gpio.o(.text.gpio_bit_reset)
    gpio_bit_set                             0x080003e3   Thumb Code     4  gd32e23x_gpio.o(.text.gpio_bit_set)
    gpio_bit_toggle                          0x080003e7   Thumb Code     4  gd32e23x_gpio.o(.text.gpio_bit_toggle)
    gpio_input_bit_get                       0x080003eb   Thumb Code    10  gd32e23x_gpio.o(.text.gpio_input_bit_get)
    gpio_input_port_get                      0x080003f5   Thumb Code     6  gd32e23x_gpio.o(.text.gpio_input_port_get)
    gpio_mode_set                            0x080003fb   Thumb Code    62  gd32e23x_gpio.o(.text.gpio_mode_set)
    gpio_output_options_set                  0x08000439   Thumb Code    64  gd32e23x_gpio.o(.text.gpio_output_options_set)
    key_config                               0x08000479   Thumb Code    40  key.o(.text.key_config)
    led_config                               0x080004a1   Thumb Code    52  led.o(.text.led_config)
    main                                     0x080004d5   Thumb Code   428  main.o(.text.main)
    nvic_vector_table_set                    0x08000681   Thumb Code    20  gd32e23x_misc.o(.text.nvic_vector_table_set)
    pwm_config                               0x08000695   Thumb Code   168  pwm.o(.text.pwm_config)
    rcu_periph_clock_enable                  0x0800073d   Thumb Code    20  gd32e23x_rcu.o(.text.rcu_periph_clock_enable)
    rcu_periph_reset_disable                 0x08000751   Thumb Code    20  gd32e23x_rcu.o(.text.rcu_periph_reset_disable)
    rcu_periph_reset_enable                  0x08000765   Thumb Code    24  gd32e23x_rcu.o(.text.rcu_periph_reset_enable)
    systick_config                           0x0800077d   Thumb Code    80  systick.o(.text.systick_config)
    timer_auto_reload_shadow_enable          0x080007cd   Thumb Code    10  gd32e23x_timer.o(.text.timer_auto_reload_shadow_enable)
    timer_channel_output_config              0x080007d9   Thumb Code   548  gd32e23x_timer.o(.text.timer_channel_output_config)
    timer_channel_output_mode_config         0x080009fd   Thumb Code    90  gd32e23x_timer.o(.text.timer_channel_output_mode_config)
    timer_channel_output_pulse_value_config  0x08000a57   Thumb Code    12  gd32e23x_timer.o(.text.timer_channel_output_pulse_value_config)
    timer_channel_output_shadow_config       0x08000a65   Thumb Code    90  gd32e23x_timer.o(.text.timer_channel_output_shadow_config)
    timer_config                             0x08000ac1   Thumb Code   172  timer.o(.text.timer_config)
    timer_deinit                             0x08000b6d   Thumb Code    96  gd32e23x_timer.o(.text.timer_deinit)
    timer_enable                             0x08000bcd   Thumb Code    10  gd32e23x_timer.o(.text.timer_enable)
    timer_init                               0x08000bd9   Thumb Code   164  gd32e23x_timer.o(.text.timer_init)
    timer_interrupt_flag_clear               0x08000c7d   Thumb Code     6  gd32e23x_timer.o(.text.timer_interrupt_flag_clear)
    timer_interrupt_flag_get                 0x08000c83   Thumb Code    20  gd32e23x_timer.o(.text.timer_interrupt_flag_get)
    trigger_config                           0x08000c99   Thumb Code    36  trigger.o(.text.trigger_config)
    Region$$Table$$Base                      0x08000cbc   Number         0  anon$$obj.o(Region$$Table)
    Region$$Table$$Limit                     0x08000cdc   Number         0  anon$$obj.o(Region$$Table)
    SystemCoreClock                          0x20000000   Data           4  system_gd32e23x.o(.data.SystemCoreClock)
    __libspace_start                         0x20000008   Data          96  libspace.o(.bss)
    __temporary_stack_top$libspace           0x20000068   Data           0  libspace.o(.bss)



==============================================================================

Memory Map of the image

  Image Entry point : 0x080000cd

  Load Region LR_IROM1 (Base: 0x08000000, Size: 0x00000ce8, Max: 0x00010000, ABSOLUTE)

    Execution Region ER_IROM1 (Exec base: 0x08000000, Load base: 0x08000000, Size: 0x00000cdc, Max: 0x00010000, ABSOLUTE)

    Exec Addr    Load Addr    Size         Type   Attr      Idx    E Section Name        Object

    0x08000000   0x08000000   0x000000cc   Data   RO         1238    RESET               startup_gd32e23x.o
    0x080000cc   0x080000cc   0x00000008   Code   RO         1261  * !!!main             c_p.l(__main.o)
    0x080000d4   0x080000d4   0x0000003c   Code   RO         1426    !!!scatter          c_p.l(__scatter.o)
    0x08000110   0x08000110   0x0000001a   Code   RO         1428    !!handler_copy      c_p.l(__scatter_copy.o)
    0x0800012a   0x0800012a   0x00000002   PAD
    0x0800012c   0x0800012c   0x0000001c   Code   RO         1430    !!handler_zi        c_p.l(__scatter_zi.o)
    0x08000148   0x08000148   0x00000002   Code   RO         1289    .ARM.Collect$$libinit$$00000000  c_p.l(libinit.o)
    0x0800014a   0x0800014a   0x00000000   Code   RO         1297    .ARM.Collect$$libinit$$00000002  c_p.l(libinit2.o)
    0x0800014a   0x0800014a   0x00000000   Code   RO         1299    .ARM.Collect$$libinit$$00000004  c_p.l(libinit2.o)
    0x0800014a   0x0800014a   0x00000000   Code   RO         1302    .ARM.Collect$$libinit$$0000000A  c_p.l(libinit2.o)
    0x0800014a   0x0800014a   0x00000000   Code   RO         1304    .ARM.Collect$$libinit$$0000000C  c_p.l(libinit2.o)
    0x0800014a   0x0800014a   0x00000000   Code   RO         1306    .ARM.Collect$$libinit$$0000000E  c_p.l(libinit2.o)
    0x0800014a   0x0800014a   0x00000000   Code   RO         1309    .ARM.Collect$$libinit$$00000011  c_p.l(libinit2.o)
    0x0800014a   0x0800014a   0x00000000   Code   RO         1311    .ARM.Collect$$libinit$$00000013  c_p.l(libinit2.o)
    0x0800014a   0x0800014a   0x00000000   Code   RO         1313    .ARM.Collect$$libinit$$00000015  c_p.l(libinit2.o)
    0x0800014a   0x0800014a   0x00000000   Code   RO         1315    .ARM.Collect$$libinit$$00000017  c_p.l(libinit2.o)
    0x0800014a   0x0800014a   0x00000000   Code   RO         1317    .ARM.Collect$$libinit$$00000019  c_p.l(libinit2.o)
    0x0800014a   0x0800014a   0x00000000   Code   RO         1319    .ARM.Collect$$libinit$$0000001B  c_p.l(libinit2.o)
    0x0800014a   0x0800014a   0x00000000   Code   RO         1321    .ARM.Collect$$libinit$$0000001D  c_p.l(libinit2.o)
    0x0800014a   0x0800014a   0x00000000   Code   RO         1323    .ARM.Collect$$libinit$$0000001F  c_p.l(libinit2.o)
    0x0800014a   0x0800014a   0x00000000   Code   RO         1325    .ARM.Collect$$libinit$$00000021  c_p.l(libinit2.o)
    0x0800014a   0x0800014a   0x00000000   Code   RO         1327    .ARM.Collect$$libinit$$00000023  c_p.l(libinit2.o)
    0x0800014a   0x0800014a   0x00000000   Code   RO         1329    .ARM.Collect$$libinit$$00000025  c_p.l(libinit2.o)
    0x0800014a   0x0800014a   0x00000000   Code   RO         1333    .ARM.Collect$$libinit$$0000002C  c_p.l(libinit2.o)
    0x0800014a   0x0800014a   0x00000000   Code   RO         1335    .ARM.Collect$$libinit$$0000002E  c_p.l(libinit2.o)
    0x0800014a   0x0800014a   0x00000000   Code   RO         1337    .ARM.Collect$$libinit$$00000030  c_p.l(libinit2.o)
    0x0800014a   0x0800014a   0x00000000   Code   RO         1339    .ARM.Collect$$libinit$$00000032  c_p.l(libinit2.o)
    0x0800014a   0x0800014a   0x00000002   Code   RO         1340    .ARM.Collect$$libinit$$00000033  c_p.l(libinit2.o)
    0x0800014c   0x0800014c   0x00000002   Code   RO         1362    .ARM.Collect$$libshutdown$$00000000  c_p.l(libshutdown.o)
    0x0800014e   0x0800014e   0x00000000   Code   RO         1377    .ARM.Collect$$libshutdown$$00000002  c_p.l(libshutdown2.o)
    0x0800014e   0x0800014e   0x00000000   Code   RO         1379    .ARM.Collect$$libshutdown$$00000004  c_p.l(libshutdown2.o)
    0x0800014e   0x0800014e   0x00000000   Code   RO         1382    .ARM.Collect$$libshutdown$$00000007  c_p.l(libshutdown2.o)
    0x0800014e   0x0800014e   0x00000000   Code   RO         1385    .ARM.Collect$$libshutdown$$0000000A  c_p.l(libshutdown2.o)
    0x0800014e   0x0800014e   0x00000000   Code   RO         1387    .ARM.Collect$$libshutdown$$0000000C  c_p.l(libshutdown2.o)
    0x0800014e   0x0800014e   0x00000000   Code   RO         1390    .ARM.Collect$$libshutdown$$0000000F  c_p.l(libshutdown2.o)
    0x0800014e   0x0800014e   0x00000002   Code   RO         1391    .ARM.Collect$$libshutdown$$00000010  c_p.l(libshutdown2.o)
    0x08000150   0x08000150   0x00000000   Code   RO         1263    .ARM.Collect$$rtentry$$00000000  c_p.l(__rtentry.o)
    0x08000150   0x08000150   0x00000000   Code   RO         1265    .ARM.Collect$$rtentry$$00000002  c_p.l(__rtentry2.o)
    0x08000150   0x08000150   0x00000006   Code   RO         1277    .ARM.Collect$$rtentry$$00000004  c_p.l(__rtentry4.o)
    0x08000156   0x08000156   0x00000000   Code   RO         1267    .ARM.Collect$$rtentry$$00000009  c_p.l(__rtentry2.o)
    0x08000156   0x08000156   0x00000004   Code   RO         1268    .ARM.Collect$$rtentry$$0000000A  c_p.l(__rtentry2.o)
    0x0800015a   0x0800015a   0x00000000   Code   RO         1270    .ARM.Collect$$rtentry$$0000000C  c_p.l(__rtentry2.o)
    0x0800015a   0x0800015a   0x00000008   Code   RO         1271    .ARM.Collect$$rtentry$$0000000D  c_p.l(__rtentry2.o)
    0x08000162   0x08000162   0x00000002   Code   RO         1294    .ARM.Collect$$rtexit$$00000000  c_p.l(rtexit.o)
    0x08000164   0x08000164   0x00000000   Code   RO         1342    .ARM.Collect$$rtexit$$00000002  c_p.l(rtexit2.o)
    0x08000164   0x08000164   0x00000004   Code   RO         1343    .ARM.Collect$$rtexit$$00000003  c_p.l(rtexit2.o)
    0x08000168   0x08000168   0x00000006   Code   RO         1344    .ARM.Collect$$rtexit$$00000004  c_p.l(rtexit2.o)
    0x0800016e   0x0800016e   0x00000002   PAD
    0x08000170   0x08000170   0x00000038   Code   RO         1239    .text               startup_gd32e23x.o
    0x080001a8   0x080001a8   0x00000006   Code   RO         1259    .text               c_p.l(heapauxi.o)
    0x080001ae   0x080001ae   0x0000003e   Code   RO         1279    .text               c_p.l(sys_stackheap_outer.o)
    0x080001ec   0x080001ec   0x00000010   Code   RO         1282    .text               c_p.l(exit.o)
    0x080001fc   0x080001fc   0x00000008   Code   RO         1290    .text               c_p.l(libspace.o)
    0x08000204   0x08000204   0x0000000c   Code   RO         1352    .text               c_p.l(sys_exit.o)
    0x08000210   0x08000210   0x00000002   Code   RO         1367    .text               c_p.l(use_no_semi.o)
    0x08000212   0x08000212   0x00000000   Code   RO         1369    .text               c_p.l(indicate_semi.o)
    0x08000212   0x08000212   0x00000002   Code   RO         1157    .text.HardFault_Handler  gd32e23x_it.o
    0x08000214   0x08000214   0x00000002   Code   RO         1155    .text.NMI_Handler   gd32e23x_it.o
    0x08000216   0x08000216   0x00000002   Code   RO         1169    .text.PendSV_Handler  gd32e23x_it.o
    0x08000218   0x08000218   0x00000002   Code   RO         1165    .text.SVC_Handler   gd32e23x_it.o
    0x0800021a   0x0800021a   0x00000004   Code   RO         1171    .text.SysTick_Handler  gd32e23x_it.o
    0x0800021e   0x0800021e   0x00000002   PAD
    0x08000220   0x08000220   0x000000e8   Code   RO         1134    .text.SystemInit    system_gd32e23x.o
    0x08000308   0x08000308   0x00000028   Code   RO         1173    .text.TIMER2_IRQHandler  gd32e23x_it.o
    0x08000330   0x08000330   0x0000000c   Code   RO         1200    .text.delay_1ms     systick.o
    0x0800033c   0x0800033c   0x00000014   Code   RO         1202    .text.delay_decrement  systick.o
    0x08000350   0x08000350   0x00000038   Code   RO         1147    .text.fuse_config   fuse.o
    0x08000388   0x08000388   0x00000056   Code   RO          368    .text.gpio_af_set   gd32e23x_gpio.o
    0x080003de   0x080003de   0x00000004   Code   RO          354    .text.gpio_bit_reset  gd32e23x_gpio.o
    0x080003e2   0x080003e2   0x00000004   Code   RO          352    .text.gpio_bit_set  gd32e23x_gpio.o
    0x080003e6   0x080003e6   0x00000004   Code   RO          372    .text.gpio_bit_toggle  gd32e23x_gpio.o
    0x080003ea   0x080003ea   0x0000000a   Code   RO          360    .text.gpio_input_bit_get  gd32e23x_gpio.o
    0x080003f4   0x080003f4   0x00000006   Code   RO          362    .text.gpio_input_port_get  gd32e23x_gpio.o
    0x080003fa   0x080003fa   0x0000003e   Code   RO          348    .text.gpio_mode_set  gd32e23x_gpio.o
    0x08000438   0x08000438   0x00000040   Code   RO          350    .text.gpio_output_options_set  gd32e23x_gpio.o
    0x08000478   0x08000478   0x00000028   Code   RO         1182    .text.key_config    key.o
    0x080004a0   0x080004a0   0x00000034   Code   RO         1190    .text.led_config    led.o
    0x080004d4   0x080004d4   0x000001ac   Code   RO         1246    .text.main          main.o
    0x08000680   0x08000680   0x00000014   Code   RO          470    .text.nvic_vector_table_set  gd32e23x_misc.o
    0x08000694   0x08000694   0x000000a8   Code   RO         1229    .text.pwm_config    pwm.o
    0x0800073c   0x0800073c   0x00000014   Code   RO          523    .text.rcu_periph_clock_enable  gd32e23x_rcu.o
    0x08000750   0x08000750   0x00000014   Code   RO          533    .text.rcu_periph_reset_disable  gd32e23x_rcu.o
    0x08000764   0x08000764   0x00000018   Code   RO          531    .text.rcu_periph_reset_enable  gd32e23x_rcu.o
    0x0800077c   0x0800077c   0x00000050   Code   RO         1198    .text.systick_config  systick.o
    0x080007cc   0x080007cc   0x0000000a   Code   RO          812    .text.timer_auto_reload_shadow_enable  gd32e23x_timer.o
    0x080007d6   0x080007d6   0x00000002   PAD
    0x080007d8   0x080007d8   0x00000224   Code   RO          886    .text.timer_channel_output_config  gd32e23x_timer.o
    0x080009fc   0x080009fc   0x0000005a   Code   RO          888    .text.timer_channel_output_mode_config  gd32e23x_timer.o
    0x08000a56   0x08000a56   0x0000000c   Code   RO          890    .text.timer_channel_output_pulse_value_config  gd32e23x_timer.o
    0x08000a62   0x08000a62   0x00000002   PAD
    0x08000a64   0x08000a64   0x0000005a   Code   RO          892    .text.timer_channel_output_shadow_config  gd32e23x_timer.o
    0x08000abe   0x08000abe   0x00000002   PAD
    0x08000ac0   0x08000ac0   0x000000ac   Code   RO         1213    .text.timer_config  timer.o
    0x08000b6c   0x08000b6c   0x00000060   Code   RO          802    .text.timer_deinit  gd32e23x_timer.o
    0x08000bcc   0x08000bcc   0x0000000a   Code   RO          808    .text.timer_enable  gd32e23x_timer.o
    0x08000bd6   0x08000bd6   0x00000002   PAD
    0x08000bd8   0x08000bd8   0x000000a4   Code   RO          806    .text.timer_init    gd32e23x_timer.o
    0x08000c7c   0x08000c7c   0x00000006   Code   RO          850    .text.timer_interrupt_flag_clear  gd32e23x_timer.o
    0x08000c82   0x08000c82   0x00000014   Code   RO          848    .text.timer_interrupt_flag_get  gd32e23x_timer.o
    0x08000c96   0x08000c96   0x00000002   PAD
    0x08000c98   0x08000c98   0x00000024   Code   RO         1221    .text.trigger_config  trigger.o
    0x08000cbc   0x08000cbc   0x00000020   Data   RO         1425    Region$$Table       anon$$obj.o


    Execution Region RW_IRAM1 (Exec base: 0x20000000, Load base: 0x08000ce0, Size: 0x00000870, Max: 0x00002000, ABSOLUTE)

    Exec Addr    Load Addr    Size         Type   Attr      Idx    E Section Name        Object

    0x20000000   0x08000ce0   0x00000004   Data   RW         1138    .data.SystemCoreClock  system_gd32e23x.o
    0x20000004   0x08000ce4   0x00000004   PAD
    0x20000008        -       0x00000060   Zero   RW         1291    .bss                c_p.l(libspace.o)
    0x20000068        -       0x00000004   Zero   RW         1204    .bss.delay          systick.o
    0x2000006c   0x08000ce4   0x00000004   PAD
    0x20000070        -       0x00000400   Zero   RW         1237    HEAP                startup_gd32e23x.o
    0x20000470        -       0x00000400   Zero   RW         1236    STACK               startup_gd32e23x.o


==============================================================================

Image component sizes


      Code (inc. data)   RO Data    RW Data    ZI Data      Debug   Object Name

        56          0          0          0          0       1038   fuse.o
       240          0          0          0          0       4686   gd32e23x_gpio.o
        52          0          0          0          0       1384   gd32e23x_it.o
        20          8          0          0          0       3985   gd32e23x_misc.o
        64          4          0          0          0      13806   gd32e23x_rcu.o
      1046         48          0          0          0      19237   gd32e23x_timer.o
        40          8          0          0          0        991   key.o
        52          0          0          0          0       1039   led.o
       428         16          0          0          0       1011   main.o
       168         20          0          0          0       1629   pwm.o
        56         26        204          0       2048        668   startup_gd32e23x.o
       232         24          0          4          0       1969   system_gd32e23x.o
       112         20          0          0          4       3054   systick.o
       172         12          0          0          0       1636   timer.o
        36          4          0          0          0       1011   trigger.o

    ----------------------------------------------------------------------
      2786        190        236          4       2060      57144   Object Totals
         0          0         32          0          0          0   (incl. Generated)
        12          0          0          0          8          0   (incl. Padding)

    ----------------------------------------------------------------------

      Code (inc. data)   RO Data    RW Data    ZI Data      Debug   Library Member Name

         8          0          0          0          0         68   __main.o
         0          0          0          0          0          0   __rtentry.o
        12          0          0          0          0          0   __rtentry2.o
         6          0          0          0          0          0   __rtentry4.o
        60          8          0          0          0          0   __scatter.o
        26          0          0          0          0          0   __scatter_copy.o
        28          0          0          0          0          0   __scatter_zi.o
        16          0          0          0          0         68   exit.o
         6          0          0          0          0        136   heapauxi.o
         0          0          0          0          0          0   indicate_semi.o
         2          0          0          0          0          0   libinit.o
         2          0          0          0          0          0   libinit2.o
         2          0          0          0          0          0   libshutdown.o
         2          0          0          0          0          0   libshutdown2.o
         8          4          0          0         96         68   libspace.o
         2          0          0          0          0          0   rtexit.o
        10          0          0          0          0          0   rtexit2.o
        12          4          0          0          0         60   sys_exit.o
        62          0          0          0          0         80   sys_stackheap_outer.o
         2          0          0          0          0         68   use_no_semi.o

    ----------------------------------------------------------------------
       270         16          0          0         96        548   Library Totals
         4          0          0          0          0          0   (incl. Padding)

    ----------------------------------------------------------------------

      Code (inc. data)   RO Data    RW Data    ZI Data      Debug   Library Name

       266         16          0          0         96        548   c_p.l

    ----------------------------------------------------------------------
       270         16          0          0         96        548   Library Totals

    ----------------------------------------------------------------------

==============================================================================


      Code (inc. data)   RO Data    RW Data    ZI Data      Debug   

      3056        206        236          4       2156      57392   Grand Totals
      3056        206        236          4       2156      57392   ELF Image Totals
      3056        206        236          4          0          0   ROM Totals

==============================================================================

    Total RO  Size (Code + RO Data)                 3292 (   3.21kB)
    Total RW  Size (RW Data + ZI Data)              2160 (   2.11kB)
    Total ROM Size (Code + RO Data + RW Data)       3296 (   3.22kB)

==============================================================================

