	.text
	.syntax unified
	.eabi_attribute	67, "2.09"	@ Tag_conformance
	.cpu	cortex-m23
	.eabi_attribute	6, 16	@ Tag_CPU_arch
	.eabi_attribute	7, 77	@ Tag_CPU_arch_profile
	.eabi_attribute	8, 0	@ Tag_ARM_ISA_use
	.eabi_attribute	9, 3	@ Tag_THUMB_ISA_use
	.eabi_attribute	34, 0	@ Tag_CPU_unaligned_access
	.eabi_attribute	17, 1	@ Tag_ABI_PCS_GOT_use
	.eabi_attribute	20, 2	@ Tag_ABI_FP_denormal
	.eabi_attribute	21, 0	@ Tag_ABI_FP_exceptions
	.eabi_attribute	23, 1	@ Tag_ABI_FP_number_model
	.eabi_attribute	24, 1	@ Tag_ABI_align_needed
	.eabi_attribute	25, 1	@ Tag_ABI_align_preserved
	.eabi_attribute	38, 1	@ Tag_ABI_FP_16bit_format
	.eabi_attribute	18, 2	@ Tag_ABI_PCS_wchar_t
	.eabi_attribute	26, 1	@ Tag_ABI_enum_size
	.eabi_attribute	14, 0	@ Tag_ABI_PCS_R9_use
	.file	"systick.c"
	.file	1 "D:\\ProgramFile\\Keil5\\ARM\\ARMCLANG\\Bin\\..\\include" "stdint.h"
	.file	2 "C:\\Users\\13728\\Desktop\\general igniter\\Project" "../Hardware/systick/systick.c"
	.file	3 "C:\\Users\\13728\\Desktop\\general igniter\\Project" "../CMSIS/Include\\gd32e23x.h"
	.file	4 "D:/ProgramFile\\Keil5\\ARM\\CMSIS\\5.7.0\\CMSIS\\Core\\Include" "core_cm23.h"
	.section	.text.systick_config,"ax",%progbits
	.hidden	systick_config          @ -- Begin function systick_config
	.globl	systick_config
	.p2align	2
	.type	systick_config,%function
	.code	16                      @ @systick_config
	.thumb_func
systick_config:
.Lfunc_begin0:
	.loc	2 49 0                  @ ../Hardware/systick/systick.c:49:0
	.fnstart
	.cfi_sections .debug_frame
	.cfi_startproc
@ %bb.0:
	.save	{r4, lr}
	push	{r4, lr}
	.cfi_def_cfa_offset 8
	.cfi_offset lr, -4
	.cfi_offset r4, -8
.Ltmp0:
	.loc	2 51 24 prologue_end    @ ../Hardware/systick/systick.c:51:24
	ldr	r0, __arm_cp.0_0
	ldr	r0, [r0]
	movw	r1, #1000
	.loc	2 51 40 is_stmt 0       @ ../Hardware/systick/systick.c:51:40
	udiv	r0, r0, r1
.Ltmp1:
	@DEBUG_VALUE: SysTick_Config:ticks <- $r0
	.loc	4 2240 14 is_stmt 1     @ D:/ProgramFile\Keil5\ARM\CMSIS\5.7.0\CMSIS\Core\Include\core_cm23.h:2240:14
	subs	r0, r0, #1
.Ltmp2:
	.loc	4 2240 7 is_stmt 0      @ D:/ProgramFile\Keil5\ARM\CMSIS\5.7.0\CMSIS\Core\Include\core_cm23.h:2240:7
	lsrs	r1, r0, #24
	beq	.LBB0_2
.Ltmp3:
.LBB0_1:                                @ =>This Inner Loop Header: Depth=1
	.loc	2 53 9 is_stmt 1        @ ../Hardware/systick/systick.c:53:9
	b	.LBB0_1
.Ltmp4:
.LBB0_2:
	.loc	2 0 9 is_stmt 0         @ ../Hardware/systick/systick.c:0:9
	ldr	r1, __arm_cp.0_1
	ldr	r2, __arm_cp.0_2
.Ltmp5:
	.loc	4 2245 18 is_stmt 1     @ D:/ProgramFile\Keil5\ARM\CMSIS\5.7.0\CMSIS\Core\Include\core_cm23.h:2245:18
	str	r0, [r2, #4]
	ldr	r0, __arm_cp.0_3
.Ltmp6:
	@DEBUG_VALUE: __NVIC_SetPriority:priority <- 3
	@DEBUG_VALUE: __NVIC_SetPriority:IRQn <- -1
	.loc	4 1730 45               @ D:/ProgramFile\Keil5\ARM\CMSIS\5.7.0\CMSIS\Core\Include\core_cm23.h:1730:45
	ldr	r3, [r0]
	.loc	4 1730 71 is_stmt 0     @ D:/ProgramFile\Keil5\ARM\CMSIS\5.7.0\CMSIS\Core\Include\core_cm23.h:1730:71
	ands	r3, r1
	movs	r4, #3
	lsls	r4, r4, #30
	.loc	4 1730 104              @ D:/ProgramFile\Keil5\ARM\CMSIS\5.7.0\CMSIS\Core\Include\core_cm23.h:1730:104
	adds	r3, r3, r4
	.loc	4 1730 31               @ D:/ProgramFile\Keil5\ARM\CMSIS\5.7.0\CMSIS\Core\Include\core_cm23.h:1730:31
	str	r3, [r0]
	movs	r3, #0
.Ltmp7:
	.loc	4 2247 18 is_stmt 1     @ D:/ProgramFile\Keil5\ARM\CMSIS\5.7.0\CMSIS\Core\Include\core_cm23.h:2247:18
	str	r3, [r2, #8]
	movs	r3, #7
	.loc	4 2248 18               @ D:/ProgramFile\Keil5\ARM\CMSIS\5.7.0\CMSIS\Core\Include\core_cm23.h:2248:18
	str	r3, [r2]
.Ltmp8:
	@DEBUG_VALUE: __NVIC_SetPriority:priority <- 1
	@DEBUG_VALUE: __NVIC_SetPriority:IRQn <- -1
	.loc	4 1730 45               @ D:/ProgramFile\Keil5\ARM\CMSIS\5.7.0\CMSIS\Core\Include\core_cm23.h:1730:45
	ldr	r2, [r0]
	.loc	4 1730 71 is_stmt 0     @ D:/ProgramFile\Keil5\ARM\CMSIS\5.7.0\CMSIS\Core\Include\core_cm23.h:1730:71
	ands	r2, r1
	movs	r1, #1
	lsls	r1, r1, #30
	.loc	4 1730 104              @ D:/ProgramFile\Keil5\ARM\CMSIS\5.7.0\CMSIS\Core\Include\core_cm23.h:1730:104
	adds	r1, r2, r1
	.loc	4 1730 31               @ D:/ProgramFile\Keil5\ARM\CMSIS\5.7.0\CMSIS\Core\Include\core_cm23.h:1730:31
	str	r1, [r0]
.Ltmp9:
	.loc	2 58 1 is_stmt 1        @ ../Hardware/systick/systick.c:58:1
	pop	{r4, pc}
.Ltmp10:
	.p2align	2
@ %bb.3:
	.loc	2 0 1 is_stmt 0         @ ../Hardware/systick/systick.c:0:1
__arm_cp.0_0:
	.long	SystemCoreClock
.Lcpi_end0:
	.size	__arm_cp.0_0, .Lcpi_end0-__arm_cp.0_0
__arm_cp.0_1:
	.long	16777215                @ 0xffffff
.Lcpi_end1:
	.size	__arm_cp.0_1, .Lcpi_end1-__arm_cp.0_1
__arm_cp.0_2:
	.long	3758153744              @ 0xe000e010
.Lcpi_end2:
	.size	__arm_cp.0_2, .Lcpi_end2-__arm_cp.0_2
__arm_cp.0_3:
	.long	3758157088              @ 0xe000ed20
.Lcpi_end3:
	.size	__arm_cp.0_3, .Lcpi_end3-__arm_cp.0_3
.Lfunc_end0:
	.size	systick_config, .Lfunc_end0-systick_config
	.cfi_endproc
	.cantunwind
	.fnend
                                        @ -- End function
	.section	.text.delay_1ms,"ax",%progbits
	.hidden	delay_1ms               @ -- Begin function delay_1ms
	.globl	delay_1ms
	.p2align	2
	.type	delay_1ms,%function
	.code	16                      @ @delay_1ms
	.thumb_func
delay_1ms:
.Lfunc_begin1:
	.loc	2 67 0 is_stmt 1        @ ../Hardware/systick/systick.c:67:0
	.fnstart
	.cfi_startproc
@ %bb.0:
	@DEBUG_VALUE: delay_1ms:count <- $r0
	@DEBUG_VALUE: delay_1ms:count <- $r0
	.loc	2 68 11 prologue_end    @ ../Hardware/systick/systick.c:68:11
	ldr	r1, __arm_cp.1_0
	str	r0, [r1]
.Ltmp11:
.LBB1_1:                                @ =>This Inner Loop Header: Depth=1
	.loc	2 70 17                 @ ../Hardware/systick/systick.c:70:17
	ldr	r0, [r1]
	.loc	2 70 5 is_stmt 0        @ ../Hardware/systick/systick.c:70:5
	cmp	r0, #0
	bne	.LBB1_1
@ %bb.2:
	.loc	2 72 1 is_stmt 1        @ ../Hardware/systick/systick.c:72:1
	bx	lr
.Ltmp12:
	.p2align	2
@ %bb.3:
	.loc	2 0 1 is_stmt 0         @ ../Hardware/systick/systick.c:0:1
__arm_cp.1_0:
	.long	delay
.Lcpi_end4:
	.size	__arm_cp.1_0, .Lcpi_end4-__arm_cp.1_0
.Lfunc_end1:
	.size	delay_1ms, .Lfunc_end1-delay_1ms
	.cfi_endproc
	.cantunwind
	.fnend
                                        @ -- End function
	.section	.text.delay_decrement,"ax",%progbits
	.hidden	delay_decrement         @ -- Begin function delay_decrement
	.globl	delay_decrement
	.p2align	2
	.type	delay_decrement,%function
	.code	16                      @ @delay_decrement
	.thumb_func
delay_decrement:
.Lfunc_begin2:
	.loc	2 81 0 is_stmt 1        @ ../Hardware/systick/systick.c:81:0
	.fnstart
	.cfi_startproc
@ %bb.0:
	.loc	2 82 15 prologue_end    @ ../Hardware/systick/systick.c:82:15
	ldr	r0, __arm_cp.2_0
	ldr	r1, [r0]
.Ltmp13:
	.loc	2 82 9 is_stmt 0        @ ../Hardware/systick/systick.c:82:9
	cbz	r1, .LBB2_2
@ %bb.1:
.Ltmp14:
	.loc	2 83 14 is_stmt 1       @ ../Hardware/systick/systick.c:83:14
	ldr	r1, [r0]
	subs	r1, r1, #1
	str	r1, [r0]
.Ltmp15:
.LBB2_2:
	.loc	2 85 1                  @ ../Hardware/systick/systick.c:85:1
	bx	lr
.Ltmp16:
	.p2align	2
@ %bb.3:
	.loc	2 0 1 is_stmt 0         @ ../Hardware/systick/systick.c:0:1
__arm_cp.2_0:
	.long	delay
.Lcpi_end5:
	.size	__arm_cp.2_0, .Lcpi_end5-__arm_cp.2_0
.Lfunc_end2:
	.size	delay_decrement, .Lfunc_end2-delay_decrement
	.cfi_endproc
	.cantunwind
	.fnend
                                        @ -- End function
	.type	delay,%object           @ @delay
	.section	.bss.delay,"aw",%nobits
	.p2align	2
delay:
	.long	0                       @ 0x0
	.size	delay, 4

	.section	.debug_str,"MS",%progbits,1
.Linfo_string0:
	.asciz	"Component: ARM Compiler 6.14 Tool: armclang [5db06c00]" @ string offset=0
.Linfo_string1:
	.asciz	"../Hardware/systick\\systick.c" @ string offset=55
.Linfo_string2:
	.asciz	"C:\\Users\\13728\\Desktop\\general igniter\\Project" @ string offset=85
.Linfo_string3:
	.asciz	"delay"                 @ string offset=132
.Linfo_string4:
	.asciz	"unsigned int"          @ string offset=138
.Linfo_string5:
	.asciz	"uint32_t"              @ string offset=151
.Linfo_string6:
	.asciz	"signed char"           @ string offset=160
.Linfo_string7:
	.asciz	"NonMaskableInt_IRQn"   @ string offset=172
.Linfo_string8:
	.asciz	"HardFault_IRQn"        @ string offset=192
.Linfo_string9:
	.asciz	"SVCall_IRQn"           @ string offset=207
.Linfo_string10:
	.asciz	"PendSV_IRQn"           @ string offset=219
.Linfo_string11:
	.asciz	"SysTick_IRQn"          @ string offset=231
.Linfo_string12:
	.asciz	"WWDGT_IRQn"            @ string offset=244
.Linfo_string13:
	.asciz	"LVD_IRQn"              @ string offset=255
.Linfo_string14:
	.asciz	"RTC_IRQn"              @ string offset=264
.Linfo_string15:
	.asciz	"FMC_IRQn"              @ string offset=273
.Linfo_string16:
	.asciz	"RCU_IRQn"              @ string offset=282
.Linfo_string17:
	.asciz	"EXTI0_1_IRQn"          @ string offset=291
.Linfo_string18:
	.asciz	"EXTI2_3_IRQn"          @ string offset=304
.Linfo_string19:
	.asciz	"EXTI4_15_IRQn"         @ string offset=317
.Linfo_string20:
	.asciz	"DMA_Channel0_IRQn"     @ string offset=331
.Linfo_string21:
	.asciz	"DMA_Channel1_2_IRQn"   @ string offset=349
.Linfo_string22:
	.asciz	"DMA_Channel3_4_IRQn"   @ string offset=369
.Linfo_string23:
	.asciz	"ADC_CMP_IRQn"          @ string offset=389
.Linfo_string24:
	.asciz	"TIMER0_BRK_UP_TRG_COM_IRQn" @ string offset=402
.Linfo_string25:
	.asciz	"TIMER0_Channel_IRQn"   @ string offset=429
.Linfo_string26:
	.asciz	"TIMER2_IRQn"           @ string offset=449
.Linfo_string27:
	.asciz	"TIMER5_IRQn"           @ string offset=461
.Linfo_string28:
	.asciz	"TIMER13_IRQn"          @ string offset=473
.Linfo_string29:
	.asciz	"TIMER14_IRQn"          @ string offset=486
.Linfo_string30:
	.asciz	"TIMER15_IRQn"          @ string offset=499
.Linfo_string31:
	.asciz	"TIMER16_IRQn"          @ string offset=512
.Linfo_string32:
	.asciz	"I2C0_EV_IRQn"          @ string offset=525
.Linfo_string33:
	.asciz	"I2C1_EV_IRQn"          @ string offset=538
.Linfo_string34:
	.asciz	"SPI0_IRQn"             @ string offset=551
.Linfo_string35:
	.asciz	"SPI1_IRQn"             @ string offset=561
.Linfo_string36:
	.asciz	"USART0_IRQn"           @ string offset=571
.Linfo_string37:
	.asciz	"USART1_IRQn"           @ string offset=583
.Linfo_string38:
	.asciz	"I2C0_ER_IRQn"          @ string offset=595
.Linfo_string39:
	.asciz	"I2C1_ER_IRQn"          @ string offset=608
.Linfo_string40:
	.asciz	"IRQn"                  @ string offset=621
.Linfo_string41:
	.asciz	"CTRL"                  @ string offset=626
.Linfo_string42:
	.asciz	"LOAD"                  @ string offset=631
.Linfo_string43:
	.asciz	"VAL"                   @ string offset=636
.Linfo_string44:
	.asciz	"CALIB"                 @ string offset=640
.Linfo_string45:
	.asciz	"SysTick_Type"          @ string offset=646
.Linfo_string46:
	.asciz	"int"                   @ string offset=659
.Linfo_string47:
	.asciz	"int32_t"               @ string offset=663
.Linfo_string48:
	.asciz	"ISER"                  @ string offset=671
.Linfo_string49:
	.asciz	"__ARRAY_SIZE_TYPE__"   @ string offset=676
.Linfo_string50:
	.asciz	"RESERVED0"             @ string offset=696
.Linfo_string51:
	.asciz	"ICER"                  @ string offset=706
.Linfo_string52:
	.asciz	"RSERVED1"              @ string offset=711
.Linfo_string53:
	.asciz	"ISPR"                  @ string offset=720
.Linfo_string54:
	.asciz	"RESERVED2"             @ string offset=725
.Linfo_string55:
	.asciz	"ICPR"                  @ string offset=735
.Linfo_string56:
	.asciz	"RESERVED3"             @ string offset=740
.Linfo_string57:
	.asciz	"IABR"                  @ string offset=750
.Linfo_string58:
	.asciz	"RESERVED4"             @ string offset=755
.Linfo_string59:
	.asciz	"ITNS"                  @ string offset=765
.Linfo_string60:
	.asciz	"RESERVED5"             @ string offset=770
.Linfo_string61:
	.asciz	"IPR"                   @ string offset=780
.Linfo_string62:
	.asciz	"NVIC_Type"             @ string offset=784
.Linfo_string63:
	.asciz	"CPUID"                 @ string offset=794
.Linfo_string64:
	.asciz	"ICSR"                  @ string offset=800
.Linfo_string65:
	.asciz	"VTOR"                  @ string offset=805
.Linfo_string66:
	.asciz	"AIRCR"                 @ string offset=810
.Linfo_string67:
	.asciz	"SCR"                   @ string offset=816
.Linfo_string68:
	.asciz	"CCR"                   @ string offset=820
.Linfo_string69:
	.asciz	"RESERVED1"             @ string offset=824
.Linfo_string70:
	.asciz	"SHPR"                  @ string offset=834
.Linfo_string71:
	.asciz	"SHCSR"                 @ string offset=839
.Linfo_string72:
	.asciz	"SCB_Type"              @ string offset=845
.Linfo_string73:
	.asciz	"SysTick_Config"        @ string offset=854
.Linfo_string74:
	.asciz	"ticks"                 @ string offset=869
.Linfo_string75:
	.asciz	"__NVIC_SetPriority"    @ string offset=875
.Linfo_string76:
	.asciz	"IRQn_Type"             @ string offset=894
.Linfo_string77:
	.asciz	"priority"              @ string offset=904
.Linfo_string78:
	.asciz	"systick_config"        @ string offset=913
.Linfo_string79:
	.asciz	"delay_1ms"             @ string offset=928
.Linfo_string80:
	.asciz	"delay_decrement"       @ string offset=938
.Linfo_string81:
	.asciz	"count"                 @ string offset=954
	.section	.debug_loc,"",%progbits
.Ldebug_loc0:
	.long	-1
	.long	.Lfunc_begin0           @   base address
	.long	.Ltmp1-.Lfunc_begin0
	.long	.Ltmp2-.Lfunc_begin0
	.short	1                       @ Loc expr size
	.byte	80                      @ DW_OP_reg0
	.long	0
	.long	0
.Ldebug_loc1:
	.long	-1
	.long	.Lfunc_begin0           @   base address
	.long	.Ltmp6-.Lfunc_begin0
	.long	.Ltmp10-.Lfunc_begin0
	.short	1                       @ Loc expr size
	.byte	51                      @ DW_OP_lit3
	.long	0
	.long	0
.Ldebug_loc2:
	.long	-1
	.long	.Lfunc_begin0           @   base address
	.long	.Ltmp6-.Lfunc_begin0
	.long	.Ltmp10-.Lfunc_begin0
	.short	2                       @ Loc expr size
	.byte	48                      @ DW_OP_lit0
	.byte	32                      @ DW_OP_not
	.long	0
	.long	0
.Ldebug_loc3:
	.long	-1
	.long	.Lfunc_begin0           @   base address
	.long	.Ltmp8-.Lfunc_begin0
	.long	.Ltmp10-.Lfunc_begin0
	.short	1                       @ Loc expr size
	.byte	49                      @ DW_OP_lit1
	.long	0
	.long	0
.Ldebug_loc4:
	.long	-1
	.long	.Lfunc_begin0           @   base address
	.long	.Ltmp8-.Lfunc_begin0
	.long	.Ltmp10-.Lfunc_begin0
	.short	2                       @ Loc expr size
	.byte	48                      @ DW_OP_lit0
	.byte	32                      @ DW_OP_not
	.long	0
	.long	0
.Ldebug_loc5:
	.long	-1
	.long	.Lfunc_begin1           @   base address
	.long	.Lfunc_begin1-.Lfunc_begin1
	.long	.Ltmp11-.Lfunc_begin1
	.short	1                       @ Loc expr size
	.byte	80                      @ DW_OP_reg0
	.long	0
	.long	0
	.section	.debug_abbrev,"",%progbits
	.byte	1                       @ Abbreviation Code
	.byte	17                      @ DW_TAG_compile_unit
	.byte	1                       @ DW_CHILDREN_yes
	.byte	37                      @ DW_AT_producer
	.byte	14                      @ DW_FORM_strp
	.byte	19                      @ DW_AT_language
	.byte	5                       @ DW_FORM_data2
	.byte	3                       @ DW_AT_name
	.byte	14                      @ DW_FORM_strp
	.byte	16                      @ DW_AT_stmt_list
	.byte	6                       @ DW_FORM_data4
	.byte	27                      @ DW_AT_comp_dir
	.byte	14                      @ DW_FORM_strp
	.byte	17                      @ DW_AT_low_pc
	.byte	1                       @ DW_FORM_addr
	.byte	85                      @ DW_AT_ranges
	.byte	6                       @ DW_FORM_data4
	.byte	0                       @ EOM(1)
	.byte	0                       @ EOM(2)
	.byte	2                       @ Abbreviation Code
	.byte	52                      @ DW_TAG_variable
	.byte	0                       @ DW_CHILDREN_no
	.byte	3                       @ DW_AT_name
	.byte	14                      @ DW_FORM_strp
	.byte	73                      @ DW_AT_type
	.byte	19                      @ DW_FORM_ref4
	.byte	58                      @ DW_AT_decl_file
	.byte	11                      @ DW_FORM_data1
	.byte	59                      @ DW_AT_decl_line
	.byte	11                      @ DW_FORM_data1
	.byte	2                       @ DW_AT_location
	.byte	10                      @ DW_FORM_block1
	.byte	0                       @ EOM(1)
	.byte	0                       @ EOM(2)
	.byte	3                       @ Abbreviation Code
	.byte	53                      @ DW_TAG_volatile_type
	.byte	0                       @ DW_CHILDREN_no
	.byte	73                      @ DW_AT_type
	.byte	19                      @ DW_FORM_ref4
	.byte	0                       @ EOM(1)
	.byte	0                       @ EOM(2)
	.byte	4                       @ Abbreviation Code
	.byte	22                      @ DW_TAG_typedef
	.byte	0                       @ DW_CHILDREN_no
	.byte	73                      @ DW_AT_type
	.byte	19                      @ DW_FORM_ref4
	.byte	3                       @ DW_AT_name
	.byte	14                      @ DW_FORM_strp
	.byte	58                      @ DW_AT_decl_file
	.byte	11                      @ DW_FORM_data1
	.byte	59                      @ DW_AT_decl_line
	.byte	11                      @ DW_FORM_data1
	.byte	0                       @ EOM(1)
	.byte	0                       @ EOM(2)
	.byte	5                       @ Abbreviation Code
	.byte	36                      @ DW_TAG_base_type
	.byte	0                       @ DW_CHILDREN_no
	.byte	3                       @ DW_AT_name
	.byte	14                      @ DW_FORM_strp
	.byte	62                      @ DW_AT_encoding
	.byte	11                      @ DW_FORM_data1
	.byte	11                      @ DW_AT_byte_size
	.byte	11                      @ DW_FORM_data1
	.byte	0                       @ EOM(1)
	.byte	0                       @ EOM(2)
	.byte	6                       @ Abbreviation Code
	.byte	4                       @ DW_TAG_enumeration_type
	.byte	1                       @ DW_CHILDREN_yes
	.byte	73                      @ DW_AT_type
	.byte	19                      @ DW_FORM_ref4
	.byte	3                       @ DW_AT_name
	.byte	14                      @ DW_FORM_strp
	.byte	11                      @ DW_AT_byte_size
	.byte	11                      @ DW_FORM_data1
	.byte	58                      @ DW_AT_decl_file
	.byte	11                      @ DW_FORM_data1
	.byte	59                      @ DW_AT_decl_line
	.byte	11                      @ DW_FORM_data1
	.byte	0                       @ EOM(1)
	.byte	0                       @ EOM(2)
	.byte	7                       @ Abbreviation Code
	.byte	40                      @ DW_TAG_enumerator
	.byte	0                       @ DW_CHILDREN_no
	.byte	3                       @ DW_AT_name
	.byte	14                      @ DW_FORM_strp
	.byte	28                      @ DW_AT_const_value
	.byte	13                      @ DW_FORM_sdata
	.byte	0                       @ EOM(1)
	.byte	0                       @ EOM(2)
	.byte	8                       @ Abbreviation Code
	.byte	15                      @ DW_TAG_pointer_type
	.byte	0                       @ DW_CHILDREN_no
	.byte	73                      @ DW_AT_type
	.byte	19                      @ DW_FORM_ref4
	.byte	0                       @ EOM(1)
	.byte	0                       @ EOM(2)
	.byte	9                       @ Abbreviation Code
	.byte	22                      @ DW_TAG_typedef
	.byte	0                       @ DW_CHILDREN_no
	.byte	73                      @ DW_AT_type
	.byte	19                      @ DW_FORM_ref4
	.byte	3                       @ DW_AT_name
	.byte	14                      @ DW_FORM_strp
	.byte	58                      @ DW_AT_decl_file
	.byte	11                      @ DW_FORM_data1
	.byte	59                      @ DW_AT_decl_line
	.byte	5                       @ DW_FORM_data2
	.byte	0                       @ EOM(1)
	.byte	0                       @ EOM(2)
	.byte	10                      @ Abbreviation Code
	.byte	19                      @ DW_TAG_structure_type
	.byte	1                       @ DW_CHILDREN_yes
	.byte	11                      @ DW_AT_byte_size
	.byte	11                      @ DW_FORM_data1
	.byte	58                      @ DW_AT_decl_file
	.byte	11                      @ DW_FORM_data1
	.byte	59                      @ DW_AT_decl_line
	.byte	5                       @ DW_FORM_data2
	.byte	0                       @ EOM(1)
	.byte	0                       @ EOM(2)
	.byte	11                      @ Abbreviation Code
	.byte	13                      @ DW_TAG_member
	.byte	0                       @ DW_CHILDREN_no
	.byte	3                       @ DW_AT_name
	.byte	14                      @ DW_FORM_strp
	.byte	73                      @ DW_AT_type
	.byte	19                      @ DW_FORM_ref4
	.byte	58                      @ DW_AT_decl_file
	.byte	11                      @ DW_FORM_data1
	.byte	59                      @ DW_AT_decl_line
	.byte	5                       @ DW_FORM_data2
	.byte	56                      @ DW_AT_data_member_location
	.byte	11                      @ DW_FORM_data1
	.byte	0                       @ EOM(1)
	.byte	0                       @ EOM(2)
	.byte	12                      @ Abbreviation Code
	.byte	38                      @ DW_TAG_const_type
	.byte	0                       @ DW_CHILDREN_no
	.byte	73                      @ DW_AT_type
	.byte	19                      @ DW_FORM_ref4
	.byte	0                       @ EOM(1)
	.byte	0                       @ EOM(2)
	.byte	13                      @ Abbreviation Code
	.byte	19                      @ DW_TAG_structure_type
	.byte	1                       @ DW_CHILDREN_yes
	.byte	11                      @ DW_AT_byte_size
	.byte	5                       @ DW_FORM_data2
	.byte	58                      @ DW_AT_decl_file
	.byte	11                      @ DW_FORM_data1
	.byte	59                      @ DW_AT_decl_line
	.byte	5                       @ DW_FORM_data2
	.byte	0                       @ EOM(1)
	.byte	0                       @ EOM(2)
	.byte	14                      @ Abbreviation Code
	.byte	13                      @ DW_TAG_member
	.byte	0                       @ DW_CHILDREN_no
	.byte	3                       @ DW_AT_name
	.byte	14                      @ DW_FORM_strp
	.byte	73                      @ DW_AT_type
	.byte	19                      @ DW_FORM_ref4
	.byte	58                      @ DW_AT_decl_file
	.byte	11                      @ DW_FORM_data1
	.byte	59                      @ DW_AT_decl_line
	.byte	5                       @ DW_FORM_data2
	.byte	56                      @ DW_AT_data_member_location
	.byte	5                       @ DW_FORM_data2
	.byte	0                       @ EOM(1)
	.byte	0                       @ EOM(2)
	.byte	15                      @ Abbreviation Code
	.byte	1                       @ DW_TAG_array_type
	.byte	1                       @ DW_CHILDREN_yes
	.byte	73                      @ DW_AT_type
	.byte	19                      @ DW_FORM_ref4
	.byte	0                       @ EOM(1)
	.byte	0                       @ EOM(2)
	.byte	16                      @ Abbreviation Code
	.byte	33                      @ DW_TAG_subrange_type
	.byte	0                       @ DW_CHILDREN_no
	.byte	73                      @ DW_AT_type
	.byte	19                      @ DW_FORM_ref4
	.byte	55                      @ DW_AT_count
	.byte	11                      @ DW_FORM_data1
	.byte	0                       @ EOM(1)
	.byte	0                       @ EOM(2)
	.byte	17                      @ Abbreviation Code
	.byte	36                      @ DW_TAG_base_type
	.byte	0                       @ DW_CHILDREN_no
	.byte	3                       @ DW_AT_name
	.byte	14                      @ DW_FORM_strp
	.byte	11                      @ DW_AT_byte_size
	.byte	11                      @ DW_FORM_data1
	.byte	62                      @ DW_AT_encoding
	.byte	11                      @ DW_FORM_data1
	.byte	0                       @ EOM(1)
	.byte	0                       @ EOM(2)
	.byte	18                      @ Abbreviation Code
	.byte	46                      @ DW_TAG_subprogram
	.byte	1                       @ DW_CHILDREN_yes
	.byte	3                       @ DW_AT_name
	.byte	14                      @ DW_FORM_strp
	.byte	58                      @ DW_AT_decl_file
	.byte	11                      @ DW_FORM_data1
	.byte	59                      @ DW_AT_decl_line
	.byte	5                       @ DW_FORM_data2
	.byte	39                      @ DW_AT_prototyped
	.byte	12                      @ DW_FORM_flag
	.byte	73                      @ DW_AT_type
	.byte	19                      @ DW_FORM_ref4
	.byte	32                      @ DW_AT_inline
	.byte	11                      @ DW_FORM_data1
	.byte	0                       @ EOM(1)
	.byte	0                       @ EOM(2)
	.byte	19                      @ Abbreviation Code
	.byte	5                       @ DW_TAG_formal_parameter
	.byte	0                       @ DW_CHILDREN_no
	.byte	3                       @ DW_AT_name
	.byte	14                      @ DW_FORM_strp
	.byte	58                      @ DW_AT_decl_file
	.byte	11                      @ DW_FORM_data1
	.byte	59                      @ DW_AT_decl_line
	.byte	5                       @ DW_FORM_data2
	.byte	73                      @ DW_AT_type
	.byte	19                      @ DW_FORM_ref4
	.byte	0                       @ EOM(1)
	.byte	0                       @ EOM(2)
	.byte	20                      @ Abbreviation Code
	.byte	46                      @ DW_TAG_subprogram
	.byte	1                       @ DW_CHILDREN_yes
	.byte	3                       @ DW_AT_name
	.byte	14                      @ DW_FORM_strp
	.byte	58                      @ DW_AT_decl_file
	.byte	11                      @ DW_FORM_data1
	.byte	59                      @ DW_AT_decl_line
	.byte	5                       @ DW_FORM_data2
	.byte	39                      @ DW_AT_prototyped
	.byte	12                      @ DW_FORM_flag
	.byte	32                      @ DW_AT_inline
	.byte	11                      @ DW_FORM_data1
	.byte	0                       @ EOM(1)
	.byte	0                       @ EOM(2)
	.byte	21                      @ Abbreviation Code
	.byte	46                      @ DW_TAG_subprogram
	.byte	1                       @ DW_CHILDREN_yes
	.byte	17                      @ DW_AT_low_pc
	.byte	1                       @ DW_FORM_addr
	.byte	18                      @ DW_AT_high_pc
	.byte	1                       @ DW_FORM_addr
	.byte	64                      @ DW_AT_frame_base
	.byte	10                      @ DW_FORM_block1
	.byte	3                       @ DW_AT_name
	.byte	14                      @ DW_FORM_strp
	.byte	58                      @ DW_AT_decl_file
	.byte	11                      @ DW_FORM_data1
	.byte	59                      @ DW_AT_decl_line
	.byte	11                      @ DW_FORM_data1
	.byte	39                      @ DW_AT_prototyped
	.byte	12                      @ DW_FORM_flag
	.byte	63                      @ DW_AT_external
	.byte	12                      @ DW_FORM_flag
	.byte	0                       @ EOM(1)
	.byte	0                       @ EOM(2)
	.byte	22                      @ Abbreviation Code
	.byte	29                      @ DW_TAG_inlined_subroutine
	.byte	1                       @ DW_CHILDREN_yes
	.byte	49                      @ DW_AT_abstract_origin
	.byte	19                      @ DW_FORM_ref4
	.byte	85                      @ DW_AT_ranges
	.byte	6                       @ DW_FORM_data4
	.byte	88                      @ DW_AT_call_file
	.byte	11                      @ DW_FORM_data1
	.byte	89                      @ DW_AT_call_line
	.byte	11                      @ DW_FORM_data1
	.byte	87                      @ DW_AT_call_column
	.byte	11                      @ DW_FORM_data1
	.byte	0                       @ EOM(1)
	.byte	0                       @ EOM(2)
	.byte	23                      @ Abbreviation Code
	.byte	5                       @ DW_TAG_formal_parameter
	.byte	0                       @ DW_CHILDREN_no
	.byte	2                       @ DW_AT_location
	.byte	6                       @ DW_FORM_data4
	.byte	49                      @ DW_AT_abstract_origin
	.byte	19                      @ DW_FORM_ref4
	.byte	0                       @ EOM(1)
	.byte	0                       @ EOM(2)
	.byte	24                      @ Abbreviation Code
	.byte	29                      @ DW_TAG_inlined_subroutine
	.byte	1                       @ DW_CHILDREN_yes
	.byte	49                      @ DW_AT_abstract_origin
	.byte	19                      @ DW_FORM_ref4
	.byte	17                      @ DW_AT_low_pc
	.byte	1                       @ DW_FORM_addr
	.byte	18                      @ DW_AT_high_pc
	.byte	1                       @ DW_FORM_addr
	.byte	88                      @ DW_AT_call_file
	.byte	11                      @ DW_FORM_data1
	.byte	89                      @ DW_AT_call_line
	.byte	5                       @ DW_FORM_data2
	.byte	87                      @ DW_AT_call_column
	.byte	11                      @ DW_FORM_data1
	.byte	0                       @ EOM(1)
	.byte	0                       @ EOM(2)
	.byte	25                      @ Abbreviation Code
	.byte	29                      @ DW_TAG_inlined_subroutine
	.byte	1                       @ DW_CHILDREN_yes
	.byte	49                      @ DW_AT_abstract_origin
	.byte	19                      @ DW_FORM_ref4
	.byte	17                      @ DW_AT_low_pc
	.byte	1                       @ DW_FORM_addr
	.byte	18                      @ DW_AT_high_pc
	.byte	1                       @ DW_FORM_addr
	.byte	88                      @ DW_AT_call_file
	.byte	11                      @ DW_FORM_data1
	.byte	89                      @ DW_AT_call_line
	.byte	11                      @ DW_FORM_data1
	.byte	87                      @ DW_AT_call_column
	.byte	11                      @ DW_FORM_data1
	.byte	0                       @ EOM(1)
	.byte	0                       @ EOM(2)
	.byte	26                      @ Abbreviation Code
	.byte	5                       @ DW_TAG_formal_parameter
	.byte	0                       @ DW_CHILDREN_no
	.byte	2                       @ DW_AT_location
	.byte	6                       @ DW_FORM_data4
	.byte	3                       @ DW_AT_name
	.byte	14                      @ DW_FORM_strp
	.byte	58                      @ DW_AT_decl_file
	.byte	11                      @ DW_FORM_data1
	.byte	59                      @ DW_AT_decl_line
	.byte	11                      @ DW_FORM_data1
	.byte	73                      @ DW_AT_type
	.byte	19                      @ DW_FORM_ref4
	.byte	0                       @ EOM(1)
	.byte	0                       @ EOM(2)
	.byte	27                      @ Abbreviation Code
	.byte	46                      @ DW_TAG_subprogram
	.byte	0                       @ DW_CHILDREN_no
	.byte	17                      @ DW_AT_low_pc
	.byte	1                       @ DW_FORM_addr
	.byte	18                      @ DW_AT_high_pc
	.byte	1                       @ DW_FORM_addr
	.byte	64                      @ DW_AT_frame_base
	.byte	10                      @ DW_FORM_block1
	.byte	3                       @ DW_AT_name
	.byte	14                      @ DW_FORM_strp
	.byte	58                      @ DW_AT_decl_file
	.byte	11                      @ DW_FORM_data1
	.byte	59                      @ DW_AT_decl_line
	.byte	11                      @ DW_FORM_data1
	.byte	39                      @ DW_AT_prototyped
	.byte	12                      @ DW_FORM_flag
	.byte	63                      @ DW_AT_external
	.byte	12                      @ DW_FORM_flag
	.byte	0                       @ EOM(1)
	.byte	0                       @ EOM(2)
	.byte	0                       @ EOM(3)
	.section	.debug_info,"",%progbits
.Lcu_begin0:
	.long	.Ldebug_info_end0-.Ldebug_info_start0 @ Length of Unit
.Ldebug_info_start0:
	.short	3                       @ DWARF version number
	.long	.debug_abbrev           @ Offset Into Abbrev. Section
	.byte	4                       @ Address Size (in bytes)
	.byte	1                       @ Abbrev [1] 0xb:0x3fd DW_TAG_compile_unit
	.long	.Linfo_string0          @ DW_AT_producer
	.short	12                      @ DW_AT_language
	.long	.Linfo_string1          @ DW_AT_name
	.long	.Lline_table_start0     @ DW_AT_stmt_list
	.long	.Linfo_string2          @ DW_AT_comp_dir
	.long	0                       @ DW_AT_low_pc
	.long	.Ldebug_ranges1         @ DW_AT_ranges
	.byte	2                       @ Abbrev [2] 0x26:0x11 DW_TAG_variable
	.long	.Linfo_string3          @ DW_AT_name
	.long	55                      @ DW_AT_type
	.byte	2                       @ DW_AT_decl_file
	.byte	40                      @ DW_AT_decl_line
	.byte	5                       @ DW_AT_location
	.byte	3
	.long	delay
	.byte	3                       @ Abbrev [3] 0x37:0x5 DW_TAG_volatile_type
	.long	60                      @ DW_AT_type
	.byte	4                       @ Abbrev [4] 0x3c:0xb DW_TAG_typedef
	.long	71                      @ DW_AT_type
	.long	.Linfo_string5          @ DW_AT_name
	.byte	1                       @ DW_AT_decl_file
	.byte	64                      @ DW_AT_decl_line
	.byte	5                       @ Abbrev [5] 0x47:0x7 DW_TAG_base_type
	.long	.Linfo_string4          @ DW_AT_name
	.byte	7                       @ DW_AT_encoding
	.byte	4                       @ DW_AT_byte_size
	.byte	6                       @ Abbrev [6] 0x4e:0xd3 DW_TAG_enumeration_type
	.long	289                     @ DW_AT_type
	.long	.Linfo_string40         @ DW_AT_name
	.byte	1                       @ DW_AT_byte_size
	.byte	3                       @ DW_AT_decl_file
	.byte	118                     @ DW_AT_decl_line
	.byte	7                       @ Abbrev [7] 0x5a:0x6 DW_TAG_enumerator
	.long	.Linfo_string7          @ DW_AT_name
	.byte	114                     @ DW_AT_const_value
	.byte	7                       @ Abbrev [7] 0x60:0x6 DW_TAG_enumerator
	.long	.Linfo_string8          @ DW_AT_name
	.byte	115                     @ DW_AT_const_value
	.byte	7                       @ Abbrev [7] 0x66:0x6 DW_TAG_enumerator
	.long	.Linfo_string9          @ DW_AT_name
	.byte	123                     @ DW_AT_const_value
	.byte	7                       @ Abbrev [7] 0x6c:0x6 DW_TAG_enumerator
	.long	.Linfo_string10         @ DW_AT_name
	.byte	126                     @ DW_AT_const_value
	.byte	7                       @ Abbrev [7] 0x72:0x6 DW_TAG_enumerator
	.long	.Linfo_string11         @ DW_AT_name
	.byte	127                     @ DW_AT_const_value
	.byte	7                       @ Abbrev [7] 0x78:0x6 DW_TAG_enumerator
	.long	.Linfo_string12         @ DW_AT_name
	.byte	0                       @ DW_AT_const_value
	.byte	7                       @ Abbrev [7] 0x7e:0x6 DW_TAG_enumerator
	.long	.Linfo_string13         @ DW_AT_name
	.byte	1                       @ DW_AT_const_value
	.byte	7                       @ Abbrev [7] 0x84:0x6 DW_TAG_enumerator
	.long	.Linfo_string14         @ DW_AT_name
	.byte	2                       @ DW_AT_const_value
	.byte	7                       @ Abbrev [7] 0x8a:0x6 DW_TAG_enumerator
	.long	.Linfo_string15         @ DW_AT_name
	.byte	3                       @ DW_AT_const_value
	.byte	7                       @ Abbrev [7] 0x90:0x6 DW_TAG_enumerator
	.long	.Linfo_string16         @ DW_AT_name
	.byte	4                       @ DW_AT_const_value
	.byte	7                       @ Abbrev [7] 0x96:0x6 DW_TAG_enumerator
	.long	.Linfo_string17         @ DW_AT_name
	.byte	5                       @ DW_AT_const_value
	.byte	7                       @ Abbrev [7] 0x9c:0x6 DW_TAG_enumerator
	.long	.Linfo_string18         @ DW_AT_name
	.byte	6                       @ DW_AT_const_value
	.byte	7                       @ Abbrev [7] 0xa2:0x6 DW_TAG_enumerator
	.long	.Linfo_string19         @ DW_AT_name
	.byte	7                       @ DW_AT_const_value
	.byte	7                       @ Abbrev [7] 0xa8:0x6 DW_TAG_enumerator
	.long	.Linfo_string20         @ DW_AT_name
	.byte	9                       @ DW_AT_const_value
	.byte	7                       @ Abbrev [7] 0xae:0x6 DW_TAG_enumerator
	.long	.Linfo_string21         @ DW_AT_name
	.byte	10                      @ DW_AT_const_value
	.byte	7                       @ Abbrev [7] 0xb4:0x6 DW_TAG_enumerator
	.long	.Linfo_string22         @ DW_AT_name
	.byte	11                      @ DW_AT_const_value
	.byte	7                       @ Abbrev [7] 0xba:0x6 DW_TAG_enumerator
	.long	.Linfo_string23         @ DW_AT_name
	.byte	12                      @ DW_AT_const_value
	.byte	7                       @ Abbrev [7] 0xc0:0x6 DW_TAG_enumerator
	.long	.Linfo_string24         @ DW_AT_name
	.byte	13                      @ DW_AT_const_value
	.byte	7                       @ Abbrev [7] 0xc6:0x6 DW_TAG_enumerator
	.long	.Linfo_string25         @ DW_AT_name
	.byte	14                      @ DW_AT_const_value
	.byte	7                       @ Abbrev [7] 0xcc:0x6 DW_TAG_enumerator
	.long	.Linfo_string26         @ DW_AT_name
	.byte	16                      @ DW_AT_const_value
	.byte	7                       @ Abbrev [7] 0xd2:0x6 DW_TAG_enumerator
	.long	.Linfo_string27         @ DW_AT_name
	.byte	17                      @ DW_AT_const_value
	.byte	7                       @ Abbrev [7] 0xd8:0x6 DW_TAG_enumerator
	.long	.Linfo_string28         @ DW_AT_name
	.byte	19                      @ DW_AT_const_value
	.byte	7                       @ Abbrev [7] 0xde:0x6 DW_TAG_enumerator
	.long	.Linfo_string29         @ DW_AT_name
	.byte	20                      @ DW_AT_const_value
	.byte	7                       @ Abbrev [7] 0xe4:0x6 DW_TAG_enumerator
	.long	.Linfo_string30         @ DW_AT_name
	.byte	21                      @ DW_AT_const_value
	.byte	7                       @ Abbrev [7] 0xea:0x6 DW_TAG_enumerator
	.long	.Linfo_string31         @ DW_AT_name
	.byte	22                      @ DW_AT_const_value
	.byte	7                       @ Abbrev [7] 0xf0:0x6 DW_TAG_enumerator
	.long	.Linfo_string32         @ DW_AT_name
	.byte	23                      @ DW_AT_const_value
	.byte	7                       @ Abbrev [7] 0xf6:0x6 DW_TAG_enumerator
	.long	.Linfo_string33         @ DW_AT_name
	.byte	24                      @ DW_AT_const_value
	.byte	7                       @ Abbrev [7] 0xfc:0x6 DW_TAG_enumerator
	.long	.Linfo_string34         @ DW_AT_name
	.byte	25                      @ DW_AT_const_value
	.byte	7                       @ Abbrev [7] 0x102:0x6 DW_TAG_enumerator
	.long	.Linfo_string35         @ DW_AT_name
	.byte	26                      @ DW_AT_const_value
	.byte	7                       @ Abbrev [7] 0x108:0x6 DW_TAG_enumerator
	.long	.Linfo_string36         @ DW_AT_name
	.byte	27                      @ DW_AT_const_value
	.byte	7                       @ Abbrev [7] 0x10e:0x6 DW_TAG_enumerator
	.long	.Linfo_string37         @ DW_AT_name
	.byte	28                      @ DW_AT_const_value
	.byte	7                       @ Abbrev [7] 0x114:0x6 DW_TAG_enumerator
	.long	.Linfo_string38         @ DW_AT_name
	.byte	32                      @ DW_AT_const_value
	.byte	7                       @ Abbrev [7] 0x11a:0x6 DW_TAG_enumerator
	.long	.Linfo_string39         @ DW_AT_name
	.byte	34                      @ DW_AT_const_value
	.byte	0                       @ End Of Children Mark
	.byte	5                       @ Abbrev [5] 0x121:0x7 DW_TAG_base_type
	.long	.Linfo_string6          @ DW_AT_name
	.byte	6                       @ DW_AT_encoding
	.byte	1                       @ DW_AT_byte_size
	.byte	8                       @ Abbrev [8] 0x128:0x5 DW_TAG_pointer_type
	.long	301                     @ DW_AT_type
	.byte	9                       @ Abbrev [9] 0x12d:0xc DW_TAG_typedef
	.long	313                     @ DW_AT_type
	.long	.Linfo_string45         @ DW_AT_name
	.byte	4                       @ DW_AT_decl_file
	.short	566                     @ DW_AT_decl_line
	.byte	10                      @ Abbrev [10] 0x139:0x3a DW_TAG_structure_type
	.byte	16                      @ DW_AT_byte_size
	.byte	4                       @ DW_AT_decl_file
	.short	560                     @ DW_AT_decl_line
	.byte	11                      @ Abbrev [11] 0x13e:0xd DW_TAG_member
	.long	.Linfo_string41         @ DW_AT_name
	.long	55                      @ DW_AT_type
	.byte	4                       @ DW_AT_decl_file
	.short	562                     @ DW_AT_decl_line
	.byte	0                       @ DW_AT_data_member_location
	.byte	11                      @ Abbrev [11] 0x14b:0xd DW_TAG_member
	.long	.Linfo_string42         @ DW_AT_name
	.long	55                      @ DW_AT_type
	.byte	4                       @ DW_AT_decl_file
	.short	563                     @ DW_AT_decl_line
	.byte	4                       @ DW_AT_data_member_location
	.byte	11                      @ Abbrev [11] 0x158:0xd DW_TAG_member
	.long	.Linfo_string43         @ DW_AT_name
	.long	55                      @ DW_AT_type
	.byte	4                       @ DW_AT_decl_file
	.short	564                     @ DW_AT_decl_line
	.byte	8                       @ DW_AT_data_member_location
	.byte	11                      @ Abbrev [11] 0x165:0xd DW_TAG_member
	.long	.Linfo_string44         @ DW_AT_name
	.long	371                     @ DW_AT_type
	.byte	4                       @ DW_AT_decl_file
	.short	565                     @ DW_AT_decl_line
	.byte	12                      @ DW_AT_data_member_location
	.byte	0                       @ End Of Children Mark
	.byte	12                      @ Abbrev [12] 0x173:0x5 DW_TAG_const_type
	.long	55                      @ DW_AT_type
	.byte	4                       @ Abbrev [4] 0x178:0xb DW_TAG_typedef
	.long	387                     @ DW_AT_type
	.long	.Linfo_string47         @ DW_AT_name
	.byte	1                       @ DW_AT_decl_file
	.byte	58                      @ DW_AT_decl_line
	.byte	5                       @ Abbrev [5] 0x183:0x7 DW_TAG_base_type
	.long	.Linfo_string46         @ DW_AT_name
	.byte	5                       @ DW_AT_encoding
	.byte	4                       @ DW_AT_byte_size
	.byte	8                       @ Abbrev [8] 0x18a:0x5 DW_TAG_pointer_type
	.long	399                     @ DW_AT_type
	.byte	9                       @ Abbrev [9] 0x18f:0xc DW_TAG_typedef
	.long	411                     @ DW_AT_type
	.long	.Linfo_string62         @ DW_AT_name
	.byte	4                       @ DW_AT_decl_file
	.short	368                     @ DW_AT_decl_line
	.byte	13                      @ Abbrev [13] 0x19b:0xb9 DW_TAG_structure_type
	.short	1264                    @ DW_AT_byte_size
	.byte	4                       @ DW_AT_decl_file
	.short	353                     @ DW_AT_decl_line
	.byte	11                      @ Abbrev [11] 0x1a1:0xd DW_TAG_member
	.long	.Linfo_string48         @ DW_AT_name
	.long	596                     @ DW_AT_type
	.byte	4                       @ DW_AT_decl_file
	.short	355                     @ DW_AT_decl_line
	.byte	0                       @ DW_AT_data_member_location
	.byte	11                      @ Abbrev [11] 0x1ae:0xd DW_TAG_member
	.long	.Linfo_string50         @ DW_AT_name
	.long	615                     @ DW_AT_type
	.byte	4                       @ DW_AT_decl_file
	.short	356                     @ DW_AT_decl_line
	.byte	64                      @ DW_AT_data_member_location
	.byte	11                      @ Abbrev [11] 0x1bb:0xd DW_TAG_member
	.long	.Linfo_string51         @ DW_AT_name
	.long	596                     @ DW_AT_type
	.byte	4                       @ DW_AT_decl_file
	.short	357                     @ DW_AT_decl_line
	.byte	128                     @ DW_AT_data_member_location
	.byte	11                      @ Abbrev [11] 0x1c8:0xd DW_TAG_member
	.long	.Linfo_string52         @ DW_AT_name
	.long	615                     @ DW_AT_type
	.byte	4                       @ DW_AT_decl_file
	.short	358                     @ DW_AT_decl_line
	.byte	192                     @ DW_AT_data_member_location
	.byte	14                      @ Abbrev [14] 0x1d5:0xe DW_TAG_member
	.long	.Linfo_string53         @ DW_AT_name
	.long	596                     @ DW_AT_type
	.byte	4                       @ DW_AT_decl_file
	.short	359                     @ DW_AT_decl_line
	.short	256                     @ DW_AT_data_member_location
	.byte	14                      @ Abbrev [14] 0x1e3:0xe DW_TAG_member
	.long	.Linfo_string54         @ DW_AT_name
	.long	615                     @ DW_AT_type
	.byte	4                       @ DW_AT_decl_file
	.short	360                     @ DW_AT_decl_line
	.short	320                     @ DW_AT_data_member_location
	.byte	14                      @ Abbrev [14] 0x1f1:0xe DW_TAG_member
	.long	.Linfo_string55         @ DW_AT_name
	.long	596                     @ DW_AT_type
	.byte	4                       @ DW_AT_decl_file
	.short	361                     @ DW_AT_decl_line
	.short	384                     @ DW_AT_data_member_location
	.byte	14                      @ Abbrev [14] 0x1ff:0xe DW_TAG_member
	.long	.Linfo_string56         @ DW_AT_name
	.long	615                     @ DW_AT_type
	.byte	4                       @ DW_AT_decl_file
	.short	362                     @ DW_AT_decl_line
	.short	448                     @ DW_AT_data_member_location
	.byte	14                      @ Abbrev [14] 0x20d:0xe DW_TAG_member
	.long	.Linfo_string57         @ DW_AT_name
	.long	596                     @ DW_AT_type
	.byte	4                       @ DW_AT_decl_file
	.short	363                     @ DW_AT_decl_line
	.short	512                     @ DW_AT_data_member_location
	.byte	14                      @ Abbrev [14] 0x21b:0xe DW_TAG_member
	.long	.Linfo_string58         @ DW_AT_name
	.long	615                     @ DW_AT_type
	.byte	4                       @ DW_AT_decl_file
	.short	364                     @ DW_AT_decl_line
	.short	576                     @ DW_AT_data_member_location
	.byte	14                      @ Abbrev [14] 0x229:0xe DW_TAG_member
	.long	.Linfo_string59         @ DW_AT_name
	.long	596                     @ DW_AT_type
	.byte	4                       @ DW_AT_decl_file
	.short	365                     @ DW_AT_decl_line
	.short	640                     @ DW_AT_data_member_location
	.byte	14                      @ Abbrev [14] 0x237:0xe DW_TAG_member
	.long	.Linfo_string60         @ DW_AT_name
	.long	615                     @ DW_AT_type
	.byte	4                       @ DW_AT_decl_file
	.short	366                     @ DW_AT_decl_line
	.short	704                     @ DW_AT_data_member_location
	.byte	14                      @ Abbrev [14] 0x245:0xe DW_TAG_member
	.long	.Linfo_string61         @ DW_AT_name
	.long	627                     @ DW_AT_type
	.byte	4                       @ DW_AT_decl_file
	.short	367                     @ DW_AT_decl_line
	.short	768                     @ DW_AT_data_member_location
	.byte	0                       @ End Of Children Mark
	.byte	15                      @ Abbrev [15] 0x254:0xc DW_TAG_array_type
	.long	55                      @ DW_AT_type
	.byte	16                      @ Abbrev [16] 0x259:0x6 DW_TAG_subrange_type
	.long	608                     @ DW_AT_type
	.byte	16                      @ DW_AT_count
	.byte	0                       @ End Of Children Mark
	.byte	17                      @ Abbrev [17] 0x260:0x7 DW_TAG_base_type
	.long	.Linfo_string49         @ DW_AT_name
	.byte	8                       @ DW_AT_byte_size
	.byte	7                       @ DW_AT_encoding
	.byte	15                      @ Abbrev [15] 0x267:0xc DW_TAG_array_type
	.long	60                      @ DW_AT_type
	.byte	16                      @ Abbrev [16] 0x26c:0x6 DW_TAG_subrange_type
	.long	608                     @ DW_AT_type
	.byte	16                      @ DW_AT_count
	.byte	0                       @ End Of Children Mark
	.byte	15                      @ Abbrev [15] 0x273:0xc DW_TAG_array_type
	.long	55                      @ DW_AT_type
	.byte	16                      @ Abbrev [16] 0x278:0x6 DW_TAG_subrange_type
	.long	608                     @ DW_AT_type
	.byte	124                     @ DW_AT_count
	.byte	0                       @ End Of Children Mark
	.byte	8                       @ Abbrev [8] 0x27f:0x5 DW_TAG_pointer_type
	.long	644                     @ DW_AT_type
	.byte	9                       @ Abbrev [9] 0x284:0xc DW_TAG_typedef
	.long	656                     @ DW_AT_type
	.long	.Linfo_string72         @ DW_AT_name
	.byte	4                       @ DW_AT_decl_file
	.short	398                     @ DW_AT_decl_line
	.byte	10                      @ Abbrev [10] 0x290:0x7b DW_TAG_structure_type
	.byte	40                      @ DW_AT_byte_size
	.byte	4                       @ DW_AT_decl_file
	.short	383                     @ DW_AT_decl_line
	.byte	11                      @ Abbrev [11] 0x295:0xd DW_TAG_member
	.long	.Linfo_string63         @ DW_AT_name
	.long	371                     @ DW_AT_type
	.byte	4                       @ DW_AT_decl_file
	.short	385                     @ DW_AT_decl_line
	.byte	0                       @ DW_AT_data_member_location
	.byte	11                      @ Abbrev [11] 0x2a2:0xd DW_TAG_member
	.long	.Linfo_string64         @ DW_AT_name
	.long	55                      @ DW_AT_type
	.byte	4                       @ DW_AT_decl_file
	.short	386                     @ DW_AT_decl_line
	.byte	4                       @ DW_AT_data_member_location
	.byte	11                      @ Abbrev [11] 0x2af:0xd DW_TAG_member
	.long	.Linfo_string65         @ DW_AT_name
	.long	55                      @ DW_AT_type
	.byte	4                       @ DW_AT_decl_file
	.short	388                     @ DW_AT_decl_line
	.byte	8                       @ DW_AT_data_member_location
	.byte	11                      @ Abbrev [11] 0x2bc:0xd DW_TAG_member
	.long	.Linfo_string66         @ DW_AT_name
	.long	55                      @ DW_AT_type
	.byte	4                       @ DW_AT_decl_file
	.short	392                     @ DW_AT_decl_line
	.byte	12                      @ DW_AT_data_member_location
	.byte	11                      @ Abbrev [11] 0x2c9:0xd DW_TAG_member
	.long	.Linfo_string67         @ DW_AT_name
	.long	55                      @ DW_AT_type
	.byte	4                       @ DW_AT_decl_file
	.short	393                     @ DW_AT_decl_line
	.byte	16                      @ DW_AT_data_member_location
	.byte	11                      @ Abbrev [11] 0x2d6:0xd DW_TAG_member
	.long	.Linfo_string68         @ DW_AT_name
	.long	55                      @ DW_AT_type
	.byte	4                       @ DW_AT_decl_file
	.short	394                     @ DW_AT_decl_line
	.byte	20                      @ DW_AT_data_member_location
	.byte	11                      @ Abbrev [11] 0x2e3:0xd DW_TAG_member
	.long	.Linfo_string69         @ DW_AT_name
	.long	60                      @ DW_AT_type
	.byte	4                       @ DW_AT_decl_file
	.short	395                     @ DW_AT_decl_line
	.byte	24                      @ DW_AT_data_member_location
	.byte	11                      @ Abbrev [11] 0x2f0:0xd DW_TAG_member
	.long	.Linfo_string70         @ DW_AT_name
	.long	779                     @ DW_AT_type
	.byte	4                       @ DW_AT_decl_file
	.short	396                     @ DW_AT_decl_line
	.byte	28                      @ DW_AT_data_member_location
	.byte	11                      @ Abbrev [11] 0x2fd:0xd DW_TAG_member
	.long	.Linfo_string71         @ DW_AT_name
	.long	55                      @ DW_AT_type
	.byte	4                       @ DW_AT_decl_file
	.short	397                     @ DW_AT_decl_line
	.byte	36                      @ DW_AT_data_member_location
	.byte	0                       @ End Of Children Mark
	.byte	15                      @ Abbrev [15] 0x30b:0xc DW_TAG_array_type
	.long	55                      @ DW_AT_type
	.byte	16                      @ Abbrev [16] 0x310:0x6 DW_TAG_subrange_type
	.long	608                     @ DW_AT_type
	.byte	2                       @ DW_AT_count
	.byte	0                       @ End Of Children Mark
	.byte	18                      @ Abbrev [18] 0x317:0x1b DW_TAG_subprogram
	.long	.Linfo_string73         @ DW_AT_name
	.byte	4                       @ DW_AT_decl_file
	.short	2238                    @ DW_AT_decl_line
	.byte	1                       @ DW_AT_prototyped
	.long	60                      @ DW_AT_type
	.byte	1                       @ DW_AT_inline
	.byte	19                      @ Abbrev [19] 0x325:0xc DW_TAG_formal_parameter
	.long	.Linfo_string74         @ DW_AT_name
	.byte	4                       @ DW_AT_decl_file
	.short	2238                    @ DW_AT_decl_line
	.long	60                      @ DW_AT_type
	.byte	0                       @ End Of Children Mark
	.byte	20                      @ Abbrev [20] 0x332:0x23 DW_TAG_subprogram
	.long	.Linfo_string75         @ DW_AT_name
	.byte	4                       @ DW_AT_decl_file
	.short	1721                    @ DW_AT_decl_line
	.byte	1                       @ DW_AT_prototyped
	.byte	1                       @ DW_AT_inline
	.byte	19                      @ Abbrev [19] 0x33c:0xc DW_TAG_formal_parameter
	.long	.Linfo_string40         @ DW_AT_name
	.byte	4                       @ DW_AT_decl_file
	.short	1721                    @ DW_AT_decl_line
	.long	853                     @ DW_AT_type
	.byte	19                      @ Abbrev [19] 0x348:0xc DW_TAG_formal_parameter
	.long	.Linfo_string77         @ DW_AT_name
	.byte	4                       @ DW_AT_decl_file
	.short	1721                    @ DW_AT_decl_line
	.long	60                      @ DW_AT_type
	.byte	0                       @ End Of Children Mark
	.byte	4                       @ Abbrev [4] 0x355:0xb DW_TAG_typedef
	.long	78                      @ DW_AT_type
	.long	.Linfo_string76         @ DW_AT_name
	.byte	3                       @ DW_AT_decl_file
	.byte	157                     @ DW_AT_decl_line
	.byte	21                      @ Abbrev [21] 0x360:0x71 DW_TAG_subprogram
	.long	.Lfunc_begin0           @ DW_AT_low_pc
	.long	.Lfunc_end0             @ DW_AT_high_pc
	.byte	1                       @ DW_AT_frame_base
	.byte	93
	.long	.Linfo_string78         @ DW_AT_name
	.byte	2                       @ DW_AT_decl_file
	.byte	48                      @ DW_AT_decl_line
	.byte	1                       @ DW_AT_prototyped
	.byte	1                       @ DW_AT_external
	.byte	22                      @ Abbrev [22] 0x373:0x3a DW_TAG_inlined_subroutine
	.long	791                     @ DW_AT_abstract_origin
	.long	.Ldebug_ranges0         @ DW_AT_ranges
	.byte	2                       @ DW_AT_call_file
	.byte	51                      @ DW_AT_call_line
	.byte	9                       @ DW_AT_call_column
	.byte	23                      @ Abbrev [23] 0x37f:0x9 DW_TAG_formal_parameter
	.long	.Ldebug_loc0            @ DW_AT_location
	.long	805                     @ DW_AT_abstract_origin
	.byte	24                      @ Abbrev [24] 0x388:0x24 DW_TAG_inlined_subroutine
	.long	818                     @ DW_AT_abstract_origin
	.long	.Ltmp6                  @ DW_AT_low_pc
	.long	.Ltmp7                  @ DW_AT_high_pc
	.byte	4                       @ DW_AT_call_file
	.short	2246                    @ DW_AT_call_line
	.byte	3                       @ DW_AT_call_column
	.byte	23                      @ Abbrev [23] 0x399:0x9 DW_TAG_formal_parameter
	.long	.Ldebug_loc2            @ DW_AT_location
	.long	828                     @ DW_AT_abstract_origin
	.byte	23                      @ Abbrev [23] 0x3a2:0x9 DW_TAG_formal_parameter
	.long	.Ldebug_loc1            @ DW_AT_location
	.long	840                     @ DW_AT_abstract_origin
	.byte	0                       @ End Of Children Mark
	.byte	0                       @ End Of Children Mark
	.byte	25                      @ Abbrev [25] 0x3ad:0x23 DW_TAG_inlined_subroutine
	.long	818                     @ DW_AT_abstract_origin
	.long	.Ltmp8                  @ DW_AT_low_pc
	.long	.Ltmp9                  @ DW_AT_high_pc
	.byte	2                       @ DW_AT_call_file
	.byte	57                      @ DW_AT_call_line
	.byte	5                       @ DW_AT_call_column
	.byte	23                      @ Abbrev [23] 0x3bd:0x9 DW_TAG_formal_parameter
	.long	.Ldebug_loc4            @ DW_AT_location
	.long	828                     @ DW_AT_abstract_origin
	.byte	23                      @ Abbrev [23] 0x3c6:0x9 DW_TAG_formal_parameter
	.long	.Ldebug_loc3            @ DW_AT_location
	.long	840                     @ DW_AT_abstract_origin
	.byte	0                       @ End Of Children Mark
	.byte	0                       @ End Of Children Mark
	.byte	21                      @ Abbrev [21] 0x3d1:0x23 DW_TAG_subprogram
	.long	.Lfunc_begin1           @ DW_AT_low_pc
	.long	.Lfunc_end1             @ DW_AT_high_pc
	.byte	1                       @ DW_AT_frame_base
	.byte	93
	.long	.Linfo_string79         @ DW_AT_name
	.byte	2                       @ DW_AT_decl_file
	.byte	66                      @ DW_AT_decl_line
	.byte	1                       @ DW_AT_prototyped
	.byte	1                       @ DW_AT_external
	.byte	26                      @ Abbrev [26] 0x3e4:0xf DW_TAG_formal_parameter
	.long	.Ldebug_loc5            @ DW_AT_location
	.long	.Linfo_string81         @ DW_AT_name
	.byte	2                       @ DW_AT_decl_file
	.byte	66                      @ DW_AT_decl_line
	.long	60                      @ DW_AT_type
	.byte	0                       @ End Of Children Mark
	.byte	27                      @ Abbrev [27] 0x3f4:0x13 DW_TAG_subprogram
	.long	.Lfunc_begin2           @ DW_AT_low_pc
	.long	.Lfunc_end2             @ DW_AT_high_pc
	.byte	1                       @ DW_AT_frame_base
	.byte	93
	.long	.Linfo_string80         @ DW_AT_name
	.byte	2                       @ DW_AT_decl_file
	.byte	80                      @ DW_AT_decl_line
	.byte	1                       @ DW_AT_prototyped
	.byte	1                       @ DW_AT_external
	.byte	0                       @ End Of Children Mark
.Ldebug_info_end0:
	.section	.debug_ranges,"",%progbits
.Ldebug_ranges0:
	.long	.Ltmp1
	.long	.Ltmp3
	.long	.Ltmp5
	.long	.Ltmp8
	.long	0
	.long	0
.Ldebug_ranges1:
	.long	.Lfunc_begin0
	.long	.Lfunc_end0
	.long	.Lfunc_begin1
	.long	.Lfunc_end1
	.long	.Lfunc_begin2
	.long	.Lfunc_end2
	.long	0
	.long	0
	.ident	"Component: ARM Compiler 6.14 Tool: armclang [5db06c00]"
	.section	".note.GNU-stack","",%progbits
	.eabi_attribute	30, 4	@ Tag_ABI_optimization_goals
	.ARM_attribute	16, 1	@ Tag_AV_eba
	.section	.debug_line,"",%progbits
.Lline_table_start0:
